main.cpp:96:5:int main()	32	static
main.cpp:172:6:void SystemClock_Config()	80	static
main.cpp:214:13:void MX_NVIC_Init()	8	static
main.cpp:226:13:void MX_ADC1_Init()	8	static
main.cpp:265:6:void MX_I2C1_Init()	8	static
main.cpp:299:13:void MX_TIM11_Init()	8	static
main.cpp:330:13:void MX_TIM13_Init()	8	static
main.cpp:361:13:void MX_TIM14_Init()	8	static
main.cpp:392:13:void MX_GPIO_Init()	48	static
main.cpp:462:6:void HAL_TIM_PeriodElapsedCallback(TIM_HandleTypeDef*)	16	static
main.cpp:497:6:void HAL_GPIO_EXTI_Callback(uint16_t)	16	static,ignoring_inline_asm
main.cpp:509:6:void ADC_Select_Channel_11()	24	static
main.cpp:523:6:void ADC_Select_Channel_12()	24	static
main.cpp:543:6:void Error_Handler()	4	static,ignoring_inline_asm
main.cpp:552:1:void __static_initialization_and_destruction_0(int, int)	16	static
main.cpp:552:1:cpp)	8	static
