MPU6050.cpp:57:6:void MPU6050_Calibration()	4	static
MPU6050.cpp:62:6:void MPU6050_readDMP_Quaterions()	8	static
MPU6050.cpp:407:1:MPU6050::MPU6050()	16	static
MPU6050.cpp:417:1:MPU6050::MPU6050(uint8_t)	16	static
MPU6050.cpp:428:6:void MPU6050::initialize()	16	static
MPU6050.cpp:439:6:bool MPU6050::testConnection()	16	static
MPU6050.cpp:451:9:uint8_t MPU6050::getAuxVDDIOLevel()	16	static
MPU6050.cpp:461:6:void MPU6050::setAuxVDDIOLevel(uint8_t)	16	static
MPU6050.cpp:488:9:uint8_t MPU6050::getRate()	16	static
MPU6050.cpp:497:6:void MPU6050::setRate(uint8_t)	16	static
MPU6050.cpp:530:9:uint8_t MPU6050::getExternalFrameSync()	24	static
MPU6050.cpp:539:6:void MPU6050::setExternalFrameSync(uint8_t)	24	static
MPU6050.cpp:570:9:uint8_t MPU6050::getDLPFMode()	24	static
MPU6050.cpp:582:6:void MPU6050::setDLPFMode(uint8_t)	24	static
MPU6050.cpp:605:9:uint8_t MPU6050::getFullScaleGyroRange()	24	static
MPU6050.cpp:617:6:void MPU6050::setFullScaleGyroRange(uint8_t)	24	static
MPU6050.cpp:627:9:uint8_t MPU6050::getAccelXSelfTestFactoryTrim()	16	static
MPU6050.cpp:637:9:uint8_t MPU6050::getAccelYSelfTestFactoryTrim()	16	static
MPU6050.cpp:647:9:uint8_t MPU6050::getAccelZSelfTestFactoryTrim()	16	static
MPU6050.cpp:656:9:uint8_t MPU6050::getGyroXSelfTestFactoryTrim()	16	static
MPU6050.cpp:665:9:uint8_t MPU6050::getGyroYSelfTestFactoryTrim()	16	static
MPU6050.cpp:674:9:uint8_t MPU6050::getGyroZSelfTestFactoryTrim()	16	static
MPU6050.cpp:685:6:bool MPU6050::getAccelXSelfTest()	16	static
MPU6050.cpp:693:6:void MPU6050::setAccelXSelfTest(bool)	16	static
MPU6050.cpp:700:6:bool MPU6050::getAccelYSelfTest()	16	static
MPU6050.cpp:708:6:void MPU6050::setAccelYSelfTest(bool)	16	static
MPU6050.cpp:715:6:bool MPU6050::getAccelZSelfTest()	16	static
MPU6050.cpp:723:6:void MPU6050::setAccelZSelfTest(bool)	16	static
MPU6050.cpp:743:9:uint8_t MPU6050::getFullScaleAccelRange()	24	static
MPU6050.cpp:751:6:void MPU6050::setFullScaleAccelRange(uint8_t)	24	static
MPU6050.cpp:789:9:uint8_t MPU6050::getDHPFMode()	24	static
MPU6050.cpp:799:6:void MPU6050::setDHPFMode(uint8_t)	24	static
MPU6050.cpp:820:9:uint8_t MPU6050::getFreefallDetectionThreshold()	16	static
MPU6050.cpp:829:6:void MPU6050::setFreefallDetectionThreshold(uint8_t)	16	static
MPU6050.cpp:852:9:uint8_t MPU6050::getFreefallDetectionDuration()	16	static
MPU6050.cpp:861:6:void MPU6050::setFreefallDetectionDuration(uint8_t)	16	static
MPU6050.cpp:886:9:uint8_t MPU6050::getMotionDetectionThreshold()	16	static
MPU6050.cpp:895:6:void MPU6050::setMotionDetectionThreshold(uint8_t)	16	static
MPU6050.cpp:916:9:uint8_t MPU6050::getMotionDetectionDuration()	16	static
MPU6050.cpp:925:6:void MPU6050::setMotionDetectionDuration(uint8_t)	16	static
MPU6050.cpp:956:9:uint8_t MPU6050::getZeroMotionDetectionThreshold()	16	static
MPU6050.cpp:965:6:void MPU6050::setZeroMotionDetectionThreshold(uint8_t)	16	static
MPU6050.cpp:987:9:uint8_t MPU6050::getZeroMotionDetectionDuration()	16	static
MPU6050.cpp:996:6:void MPU6050::setZeroMotionDetectionDuration(uint8_t)	16	static
MPU6050.cpp:1008:6:bool MPU6050::getTempFIFOEnabled()	16	static
MPU6050.cpp:1017:6:void MPU6050::setTempFIFOEnabled(bool)	16	static
MPU6050.cpp:1026:6:bool MPU6050::getXGyroFIFOEnabled()	16	static
MPU6050.cpp:1035:6:void MPU6050::setXGyroFIFOEnabled(bool)	16	static
MPU6050.cpp:1044:6:bool MPU6050::getYGyroFIFOEnabled()	16	static
MPU6050.cpp:1053:6:void MPU6050::setYGyroFIFOEnabled(bool)	16	static
MPU6050.cpp:1062:6:bool MPU6050::getZGyroFIFOEnabled()	16	static
MPU6050.cpp:1071:6:void MPU6050::setZGyroFIFOEnabled(bool)	16	static
MPU6050.cpp:1081:6:bool MPU6050::getAccelFIFOEnabled()	16	static
MPU6050.cpp:1090:6:void MPU6050::setAccelFIFOEnabled(bool)	16	static
MPU6050.cpp:1099:6:bool MPU6050::getSlave2FIFOEnabled()	16	static
MPU6050.cpp:1108:6:void MPU6050::setSlave2FIFOEnabled(bool)	16	static
MPU6050.cpp:1117:6:bool MPU6050::getSlave1FIFOEnabled()	16	static
MPU6050.cpp:1126:6:void MPU6050::setSlave1FIFOEnabled(bool)	16	static
MPU6050.cpp:1135:6:bool MPU6050::getSlave0FIFOEnabled()	16	static
MPU6050.cpp:1144:6:void MPU6050::setSlave0FIFOEnabled(bool)	16	static
MPU6050.cpp:1165:6:bool MPU6050::getMultiMasterEnabled()	16	static
MPU6050.cpp:1174:6:void MPU6050::setMultiMasterEnabled(bool)	16	static
MPU6050.cpp:1188:6:bool MPU6050::getWaitForExternalSensorEnabled()	16	static
MPU6050.cpp:1197:6:void MPU6050::setWaitForExternalSensorEnabled(bool)	16	static
MPU6050.cpp:1206:6:bool MPU6050::getSlave3FIFOEnabled()	16	static
MPU6050.cpp:1215:6:void MPU6050::setSlave3FIFOEnabled(bool)	16	static
MPU6050.cpp:1228:6:bool MPU6050::getSlaveReadWriteTransitionEnabled()	16	static
MPU6050.cpp:1237:6:void MPU6050::setSlaveReadWriteTransitionEnabled(bool)	16	static
MPU6050.cpp:1269:9:uint8_t MPU6050::getMasterClockSpeed()	24	static
MPU6050.cpp:1277:6:void MPU6050::setMasterClockSpeed(uint8_t)	24	static
MPU6050.cpp:1324:9:uint8_t MPU6050::getSlaveAddress(uint8_t)	16	static
MPU6050.cpp:1335:6:void MPU6050::setSlaveAddress(uint8_t, uint8_t)	16	static
MPU6050.cpp:1350:9:uint8_t MPU6050::getSlaveRegister(uint8_t)	16	static
MPU6050.cpp:1361:6:void MPU6050::setSlaveRegister(uint8_t, uint8_t)	16	static
MPU6050.cpp:1372:6:bool MPU6050::getSlaveEnabled(uint8_t)	16	static
MPU6050.cpp:1383:6:void MPU6050::setSlaveEnabled(uint8_t, bool)	16	static
MPU6050.cpp:1398:6:bool MPU6050::getSlaveWordByteSwap(uint8_t)	16	static
MPU6050.cpp:1409:6:void MPU6050::setSlaveWordByteSwap(uint8_t, bool)	16	static
MPU6050.cpp:1423:6:bool MPU6050::getSlaveWriteMode(uint8_t)	16	static
MPU6050.cpp:1434:6:void MPU6050::setSlaveWriteMode(uint8_t, bool)	16	static
MPU6050.cpp:1449:6:bool MPU6050::getSlaveWordGroupOffset(uint8_t)	16	static
MPU6050.cpp:1460:6:void MPU6050::setSlaveWordGroupOffset(uint8_t, bool)	16	static
MPU6050.cpp:1471:9:uint8_t MPU6050::getSlaveDataLength(uint8_t)	24	static
MPU6050.cpp:1482:6:void MPU6050::setSlaveDataLength(uint8_t, uint8_t)	24	static
MPU6050.cpp:1498:9:uint8_t MPU6050::getSlave4Address()	16	static
MPU6050.cpp:1507:6:void MPU6050::setSlave4Address(uint8_t)	16	static
MPU6050.cpp:1517:9:uint8_t MPU6050::getSlave4Register()	16	static
MPU6050.cpp:1526:6:void MPU6050::setSlave4Register(uint8_t)	16	static
MPU6050.cpp:1535:6:void MPU6050::setSlave4OutputByte(uint8_t)	16	static
MPU6050.cpp:1544:6:bool MPU6050::getSlave4Enabled()	16	static
MPU6050.cpp:1553:6:void MPU6050::setSlave4Enabled(bool)	16	static
MPU6050.cpp:1565:6:bool MPU6050::getSlave4InterruptEnabled()	16	static
MPU6050.cpp:1574:6:void MPU6050::setSlave4InterruptEnabled(bool)	16	static
MPU6050.cpp:1586:6:bool MPU6050::getSlave4WriteMode()	16	static
MPU6050.cpp:1595:6:void MPU6050::setSlave4WriteMode(bool)	16	static
MPU6050.cpp:1613:9:uint8_t MPU6050::getSlave4MasterDelay()	24	static
MPU6050.cpp:1622:6:void MPU6050::setSlave4MasterDelay(uint8_t)	24	static
MPU6050.cpp:1631:9:uint8_t MPU6050::getSlate4InputByte()	16	static
MPU6050.cpp:1647:6:bool MPU6050::getPassthroughStatus()	16	static
MPU6050.cpp:1659:6:bool MPU6050::getSlave4IsDone()	16	static
MPU6050.cpp:1670:6:bool MPU6050::getLostArbitration()	16	static
MPU6050.cpp:1681:6:bool MPU6050::getSlave4Nack()	16	static
MPU6050.cpp:1692:6:bool MPU6050::getSlave3Nack()	16	static
MPU6050.cpp:1703:6:bool MPU6050::getSlave2Nack()	16	static
MPU6050.cpp:1714:6:bool MPU6050::getSlave1Nack()	16	static
MPU6050.cpp:1725:6:bool MPU6050::getSlave0Nack()	16	static
MPU6050.cpp:1738:6:bool MPU6050::getInterruptMode()	16	static
MPU6050.cpp:1748:6:void MPU6050::setInterruptMode(bool)	16	static
MPU6050.cpp:1757:6:bool MPU6050::getInterruptDrive()	16	static
MPU6050.cpp:1767:6:void MPU6050::setInterruptDrive(bool)	16	static
MPU6050.cpp:1776:6:bool MPU6050::getInterruptLatch()	16	static
MPU6050.cpp:1786:6:void MPU6050::setInterruptLatch(bool)	16	static
MPU6050.cpp:1795:6:bool MPU6050::getInterruptLatchClear()	16	static
MPU6050.cpp:1805:6:void MPU6050::setInterruptLatchClear(bool)	16	static
MPU6050.cpp:1814:6:bool MPU6050::getFSyncInterruptLevel()	16	static
MPU6050.cpp:1824:6:void MPU6050::setFSyncInterruptLevel(bool)	16	static
MPU6050.cpp:1833:6:bool MPU6050::getFSyncInterruptEnabled()	16	static
MPU6050.cpp:1843:6:void MPU6050::setFSyncInterruptEnabled(bool)	16	static
MPU6050.cpp:1857:6:bool MPU6050::getI2CBypassEnabled()	16	static
MPU6050.cpp:1872:6:void MPU6050::setI2CBypassEnabled(bool)	16	static
MPU6050.cpp:1884:6:bool MPU6050::getClockOutputEnabled()	16	static
MPU6050.cpp:1897:6:void MPU6050::setClockOutputEnabled(bool)	16	static
MPU6050.cpp:1910:9:uint8_t MPU6050::getIntEnabled()	16	static
MPU6050.cpp:1922:6:void MPU6050::setIntEnabled(uint8_t)	16	static
MPU6050.cpp:1931:6:bool MPU6050::getIntFreefallEnabled()	16	static
MPU6050.cpp:1941:6:void MPU6050::setIntFreefallEnabled(bool)	16	static
MPU6050.cpp:1950:6:bool MPU6050::getIntMotionEnabled()	16	static
MPU6050.cpp:1960:6:void MPU6050::setIntMotionEnabled(bool)	16	static
MPU6050.cpp:1969:6:bool MPU6050::getIntZeroMotionEnabled()	16	static
MPU6050.cpp:1979:6:void MPU6050::setIntZeroMotionEnabled(bool)	16	static
MPU6050.cpp:1988:6:bool MPU6050::getIntFIFOBufferOverflowEnabled()	16	static
MPU6050.cpp:1998:6:void MPU6050::setIntFIFOBufferOverflowEnabled(bool)	16	static
MPU6050.cpp:2008:6:bool MPU6050::getIntI2CMasterEnabled()	16	static
MPU6050.cpp:2018:6:void MPU6050::setIntI2CMasterEnabled(bool)	16	static
MPU6050.cpp:2028:6:bool MPU6050::getIntDataReadyEnabled()	16	static
MPU6050.cpp:2038:6:void MPU6050::setIntDataReadyEnabled(bool)	16	static
MPU6050.cpp:2051:9:uint8_t MPU6050::getIntStatus()	16	static
MPU6050.cpp:2062:6:bool MPU6050::getIntFreefallStatus()	16	static
MPU6050.cpp:2073:6:bool MPU6050::getIntMotionStatus()	16	static
MPU6050.cpp:2084:6:bool MPU6050::getIntZeroMotionStatus()	16	static
MPU6050.cpp:2095:6:bool MPU6050::getIntFIFOBufferOverflowStatus()	16	static
MPU6050.cpp:2107:6:bool MPU6050::getIntI2CMasterStatus()	16	static
MPU6050.cpp:2118:6:bool MPU6050::getIntDataReadyStatus()	16	static
MPU6050.cpp:2141:6:void MPU6050::getMotion9(int16_t*, int16_t*, int16_t*, int16_t*, int16_t*, int16_t*, int16_t*, int16_t*, int16_t*)	40	static
MPU6050.cpp:2157:6:void MPU6050::getMotion6(int16_t*, int16_t*, int16_t*, int16_t*, int16_t*, int16_t*)	24	static
MPU6050.cpp:2202:6:void MPU6050::getAcceleration(int16_t*, int16_t*, int16_t*)	24	static
MPU6050.cpp:2213:9:int16_t MPU6050::getAccelerationX()	16	static
MPU6050.cpp:2222:9:int16_t MPU6050::getAccelerationY()	16	static
MPU6050.cpp:2231:9:int16_t MPU6050::getAccelerationZ()	16	static
MPU6050.cpp:2242:9:int16_t MPU6050::getTemperature()	16	static
MPU6050.cpp:2281:6:void MPU6050::getRotation(int16_t*, int16_t*, int16_t*)	24	static
MPU6050.cpp:2292:9:int16_t MPU6050::getRotationX()	16	static
MPU6050.cpp:2301:9:int16_t MPU6050::getRotationY()	16	static
MPU6050.cpp:2310:9:int16_t MPU6050::getRotationZ()	16	static
MPU6050.cpp:2391:9:uint8_t MPU6050::getExternalSensorByte(int)	16	static
MPU6050.cpp:2400:10:uint16_t MPU6050::getExternalSensorWord(int)	16	static
MPU6050.cpp:2409:10:uint32_t MPU6050::getExternalSensorDWord(int)	16	static
MPU6050.cpp:2420:9:uint8_t MPU6050::getMotionStatus()	16	static
MPU6050.cpp:2429:6:bool MPU6050::getXNegMotionDetected()	16	static
MPU6050.cpp:2438:6:bool MPU6050::getXPosMotionDetected()	16	static
MPU6050.cpp:2447:6:bool MPU6050::getYNegMotionDetected()	16	static
MPU6050.cpp:2456:6:bool MPU6050::getYPosMotionDetected()	16	static
MPU6050.cpp:2465:6:bool MPU6050::getZNegMotionDetected()	16	static
MPU6050.cpp:2474:6:bool MPU6050::getZPosMotionDetected()	16	static
MPU6050.cpp:2483:6:bool MPU6050::getZeroMotionDetected()	16	static
MPU6050.cpp:2498:6:void MPU6050::setSlaveOutputByte(uint8_t, uint8_t)	16	static
MPU6050.cpp:2513:6:bool MPU6050::getExternalShadowDelayEnabled()	16	static
MPU6050.cpp:2523:6:void MPU6050::setExternalShadowDelayEnabled(bool)	16	static
MPU6050.cpp:2544:6:bool MPU6050::getSlaveDelayEnabled(uint8_t)	16	static
MPU6050.cpp:2556:6:void MPU6050::setSlaveDelayEnabled(uint8_t, bool)	16	static
MPU6050.cpp:2568:6:void MPU6050::resetGyroscopePath()	16	static
MPU6050.cpp:2577:6:void MPU6050::resetAccelerometerPath()	16	static
MPU6050.cpp:2586:6:void MPU6050::resetTemperaturePath()	16	static
MPU6050.cpp:2606:9:uint8_t MPU6050::getAccelerometerPowerOnDelay()	24	static
MPU6050.cpp:2616:6:void MPU6050::setAccelerometerPowerOnDelay(uint8_t)	24	static
MPU6050.cpp:2645:9:uint8_t MPU6050::getFreefallDetectionCounterDecrement()	24	static
MPU6050.cpp:2655:6:void MPU6050::setFreefallDetectionCounterDecrement(uint8_t)	24	static
MPU6050.cpp:2681:9:uint8_t MPU6050::getMotionDetectionCounterDecrement()	24	static
MPU6050.cpp:2691:6:void MPU6050::setMotionDetectionCounterDecrement(uint8_t)	24	static
MPU6050.cpp:2705:6:bool MPU6050::getFIFOEnabled()	16	static
MPU6050.cpp:2715:6:void MPU6050::setFIFOEnabled(bool)	16	static
MPU6050.cpp:2729:6:bool MPU6050::getI2CMasterModeEnabled()	16	static
MPU6050.cpp:2739:6:void MPU6050::setI2CMasterModeEnabled(bool)	16	static
MPU6050.cpp:2746:6:void MPU6050::switchSPIEnabled(bool)	16	static
MPU6050.cpp:2755:6:void MPU6050::resetFIFO()	16	static
MPU6050.cpp:2764:6:void MPU6050::resetI2CMaster()	16	static
MPU6050.cpp:2779:6:void MPU6050::resetSensors()	16	static
MPU6050.cpp:2790:6:void MPU6050::reset()	16	static
MPU6050.cpp:2804:6:bool MPU6050::getSleepEnabled()	16	static
MPU6050.cpp:2814:6:void MPU6050::setSleepEnabled(bool)	16	static
MPU6050.cpp:2825:6:bool MPU6050::getWakeCycleEnabled()	16	static
MPU6050.cpp:2835:6:void MPU6050::setWakeCycleEnabled(bool)	16	static
MPU6050.cpp:2849:6:bool MPU6050::getTempSensorEnabled()	16	static
MPU6050.cpp:2863:6:void MPU6050::setTempSensorEnabled(bool)	16	static
MPU6050.cpp:2873:9:uint8_t MPU6050::getClockSource()	24	static
MPU6050.cpp:2907:6:void MPU6050::setClockSource(uint8_t)	24	static
MPU6050.cpp:2936:9:uint8_t MPU6050::getWakeFrequency()	24	static
MPU6050.cpp:2944:6:void MPU6050::setWakeFrequency(uint8_t)	24	static
MPU6050.cpp:2954:6:bool MPU6050::getStandbyXAccelEnabled()	16	static
MPU6050.cpp:2964:6:void MPU6050::setStandbyXAccelEnabled(bool)	16	static
MPU6050.cpp:2973:6:bool MPU6050::getStandbyYAccelEnabled()	16	static
MPU6050.cpp:2983:6:void MPU6050::setStandbyYAccelEnabled(bool)	16	static
MPU6050.cpp:2992:6:bool MPU6050::getStandbyZAccelEnabled()	16	static
MPU6050.cpp:3002:6:void MPU6050::setStandbyZAccelEnabled(bool)	16	static
MPU6050.cpp:3011:6:bool MPU6050::getStandbyXGyroEnabled()	16	static
MPU6050.cpp:3021:6:void MPU6050::setStandbyXGyroEnabled(bool)	16	static
MPU6050.cpp:3030:6:bool MPU6050::getStandbyYGyroEnabled()	16	static
MPU6050.cpp:3040:6:void MPU6050::setStandbyYGyroEnabled(bool)	16	static
MPU6050.cpp:3049:6:bool MPU6050::getStandbyZGyroEnabled()	16	static
MPU6050.cpp:3059:6:void MPU6050::setStandbyZGyroEnabled(bool)	16	static
MPU6050.cpp:3072:10:uint16_t MPU6050::getFIFOCount()	16	static
MPU6050.cpp:3104:9:uint8_t MPU6050::getFIFOByte()	16	static
MPU6050.cpp:3108:6:void MPU6050::getFIFOBytes(uint8_t*, uint8_t)	24	static
MPU6050.cpp:3119:6:void MPU6050::setFIFOByte(uint8_t)	16	static
MPU6050.cpp:3132:9:uint8_t MPU6050::getDeviceID()	24	static
MPU6050.cpp:3145:6:void MPU6050::setDeviceID(uint8_t)	24	static
MPU6050.cpp:3153:9:uint8_t MPU6050::getOTPBankValid()	16	static
MPU6050.cpp:3157:6:void MPU6050::setOTPBankValid(bool)	16	static
MPU6050.cpp:3160:8:int8_t MPU6050::getXGyroOffsetTC()	24	static
MPU6050.cpp:3164:6:void MPU6050::setXGyroOffsetTC(int8_t)	24	static
MPU6050.cpp:3170:8:int8_t MPU6050::getYGyroOffsetTC()	24	static
MPU6050.cpp:3174:6:void MPU6050::setYGyroOffsetTC(int8_t)	24	static
MPU6050.cpp:3180:8:int8_t MPU6050::getZGyroOffsetTC()	24	static
MPU6050.cpp:3184:6:void MPU6050::setZGyroOffsetTC(int8_t)	24	static
MPU6050.cpp:3190:8:int8_t MPU6050::getXFineGain()	16	static
MPU6050.cpp:3194:6:void MPU6050::setXFineGain(int8_t)	16	static
MPU6050.cpp:3200:8:int8_t MPU6050::getYFineGain()	16	static
MPU6050.cpp:3204:6:void MPU6050::setYFineGain(int8_t)	16	static
MPU6050.cpp:3210:8:int8_t MPU6050::getZFineGain()	16	static
MPU6050.cpp:3214:6:void MPU6050::setZFineGain(int8_t)	16	static
MPU6050.cpp:3220:9:int16_t MPU6050::getXAccelOffset()	16	static
MPU6050.cpp:3224:6:void MPU6050::setXAccelOffset(int16_t)	16	static
MPU6050.cpp:3230:9:int16_t MPU6050::getYAccelOffset()	16	static
MPU6050.cpp:3234:6:void MPU6050::setYAccelOffset(int16_t)	16	static
MPU6050.cpp:3240:9:int16_t MPU6050::getZAccelOffset()	16	static
MPU6050.cpp:3244:6:void MPU6050::setZAccelOffset(int16_t)	16	static
MPU6050.cpp:3250:9:int16_t MPU6050::getXGyroOffset()	16	static
MPU6050.cpp:3254:6:void MPU6050::setXGyroOffset(int16_t)	16	static
MPU6050.cpp:3260:9:int16_t MPU6050::getYGyroOffset()	16	static
MPU6050.cpp:3264:6:void MPU6050::setYGyroOffset(int16_t)	16	static
MPU6050.cpp:3270:9:int16_t MPU6050::getZGyroOffset()	16	static
MPU6050.cpp:3274:6:void MPU6050::setZGyroOffset(int16_t)	16	static
MPU6050.cpp:3280:6:bool MPU6050::getIntPLLReadyEnabled()	16	static
MPU6050.cpp:3284:6:void MPU6050::setIntPLLReadyEnabled(bool)	16	static
MPU6050.cpp:3287:6:bool MPU6050::getIntDMPEnabled()	16	static
MPU6050.cpp:3291:6:void MPU6050::setIntDMPEnabled(bool)	16	static
MPU6050.cpp:3297:6:bool MPU6050::getDMPInt5Status()	16	static
MPU6050.cpp:3301:6:bool MPU6050::getDMPInt4Status()	16	static
MPU6050.cpp:3305:6:bool MPU6050::getDMPInt3Status()	16	static
MPU6050.cpp:3309:6:bool MPU6050::getDMPInt2Status()	16	static
MPU6050.cpp:3313:6:bool MPU6050::getDMPInt1Status()	16	static
MPU6050.cpp:3317:6:bool MPU6050::getDMPInt0Status()	16	static
MPU6050.cpp:3324:6:bool MPU6050::getIntPLLReadyStatus()	16	static
MPU6050.cpp:3328:6:bool MPU6050::getIntDMPStatus()	16	static
MPU6050.cpp:3335:6:bool MPU6050::getDMPEnabled()	16	static
MPU6050.cpp:3339:6:void MPU6050::setDMPEnabled(bool)	16	static
MPU6050.cpp:3342:6:void MPU6050::resetDMP()	16	static
MPU6050.cpp:3348:6:void MPU6050::setMemoryBank(uint8_t, bool, bool)	16	static
MPU6050.cpp:3357:6:void MPU6050::setMemoryStartAddress(uint8_t)	16	static
MPU6050.cpp:3363:9:uint8_t MPU6050::readMemoryByte()	16	static
MPU6050.cpp:3367:6:void MPU6050::writeMemoryByte(uint8_t)	16	static
MPU6050.cpp:3370:6:void MPU6050::readMemoryBlock(uint8_t*, uint16_t, uint8_t, uint8_t)	32	static
MPU6050.cpp:3401:6:bool MPU6050::writeMemoryBlock(const uint8_t*, uint16_t, uint8_t, uint8_t, bool, bool)	40	static
MPU6050.cpp:3477:6:bool MPU6050::writeProgMemoryBlock(const uint8_t*, uint16_t, uint8_t, uint8_t, bool)	40	static
MPU6050.cpp:3480:6:bool MPU6050::writeDMPConfigurationSet(const uint8_t*, uint16_t, bool)	56	static
MPU6050.cpp:3556:6:bool MPU6050::writeProgDMPConfigurationSet(const uint8_t*, uint16_t)	24	static
MPU6050.cpp:3562:9:uint8_t MPU6050::getDMPConfig1()	16	static
MPU6050.cpp:3566:6:void MPU6050::setDMPConfig1(uint8_t)	16	static
MPU6050.cpp:3572:9:uint8_t MPU6050::getDMPConfig2()	16	static
MPU6050.cpp:3576:6:void MPU6050::setDMPConfig2(uint8_t)	16	static
MPU6050.cpp:3582:9:uint8_t MPU6050::dmpInitialize()	200	static
