MPU6050.cpp:57:6:void MPU6050_Calibration()	4	static
MPU6050.cpp:62:6:void MPU6050_readDMP_Quaterions()	8	static
MPU6050.cpp:402:1:MPU6050::MPU6050()	16	static
MPU6050.cpp:412:1:MPU6050::MPU6050(uint8_t)	16	static
MPU6050.cpp:423:6:void MPU6050::initialize()	16	static
MPU6050.cpp:434:6:bool MPU6050::testConnection()	16	static
MPU6050.cpp:446:9:uint8_t MPU6050::getAuxVDDIOLevel()	16	static
MPU6050.cpp:456:6:void MPU6050::setAuxVDDIOLevel(uint8_t)	16	static
MPU6050.cpp:483:9:uint8_t MPU6050::getRate()	16	static
MPU6050.cpp:492:6:void MPU6050::setRate(uint8_t)	16	static
MPU6050.cpp:525:9:uint8_t MPU6050::getExternalFrameSync()	24	static
MPU6050.cpp:534:6:void MPU6050::setExternalFrameSync(uint8_t)	24	static
MPU6050.cpp:565:9:uint8_t MPU6050::getDLPFMode()	24	static
MPU6050.cpp:577:6:void MPU6050::setDLPFMode(uint8_t)	24	static
MPU6050.cpp:600:9:uint8_t MPU6050::getFullScaleGyroRange()	24	static
MPU6050.cpp:612:6:void MPU6050::setFullScaleGyroRange(uint8_t)	24	static
MPU6050.cpp:622:9:uint8_t MPU6050::getAccelXSelfTestFactoryTrim()	16	static
MPU6050.cpp:632:9:uint8_t MPU6050::getAccelYSelfTestFactoryTrim()	16	static
MPU6050.cpp:642:9:uint8_t MPU6050::getAccelZSelfTestFactoryTrim()	16	static
MPU6050.cpp:651:9:uint8_t MPU6050::getGyroXSelfTestFactoryTrim()	16	static
MPU6050.cpp:660:9:uint8_t MPU6050::getGyroYSelfTestFactoryTrim()	16	static
MPU6050.cpp:669:9:uint8_t MPU6050::getGyroZSelfTestFactoryTrim()	16	static
MPU6050.cpp:680:6:bool MPU6050::getAccelXSelfTest()	16	static
MPU6050.cpp:688:6:void MPU6050::setAccelXSelfTest(bool)	16	static
MPU6050.cpp:695:6:bool MPU6050::getAccelYSelfTest()	16	static
MPU6050.cpp:703:6:void MPU6050::setAccelYSelfTest(bool)	16	static
MPU6050.cpp:710:6:bool MPU6050::getAccelZSelfTest()	16	static
MPU6050.cpp:718:6:void MPU6050::setAccelZSelfTest(bool)	16	static
MPU6050.cpp:738:9:uint8_t MPU6050::getFullScaleAccelRange()	24	static
MPU6050.cpp:746:6:void MPU6050::setFullScaleAccelRange(uint8_t)	24	static
MPU6050.cpp:784:9:uint8_t MPU6050::getDHPFMode()	24	static
MPU6050.cpp:794:6:void MPU6050::setDHPFMode(uint8_t)	24	static
MPU6050.cpp:815:9:uint8_t MPU6050::getFreefallDetectionThreshold()	16	static
MPU6050.cpp:824:6:void MPU6050::setFreefallDetectionThreshold(uint8_t)	16	static
MPU6050.cpp:847:9:uint8_t MPU6050::getFreefallDetectionDuration()	16	static
MPU6050.cpp:856:6:void MPU6050::setFreefallDetectionDuration(uint8_t)	16	static
MPU6050.cpp:881:9:uint8_t MPU6050::getMotionDetectionThreshold()	16	static
MPU6050.cpp:890:6:void MPU6050::setMotionDetectionThreshold(uint8_t)	16	static
MPU6050.cpp:911:9:uint8_t MPU6050::getMotionDetectionDuration()	16	static
MPU6050.cpp:920:6:void MPU6050::setMotionDetectionDuration(uint8_t)	16	static
MPU6050.cpp:951:9:uint8_t MPU6050::getZeroMotionDetectionThreshold()	16	static
MPU6050.cpp:960:6:void MPU6050::setZeroMotionDetectionThreshold(uint8_t)	16	static
MPU6050.cpp:982:9:uint8_t MPU6050::getZeroMotionDetectionDuration()	16	static
MPU6050.cpp:991:6:void MPU6050::setZeroMotionDetectionDuration(uint8_t)	16	static
MPU6050.cpp:1003:6:bool MPU6050::getTempFIFOEnabled()	16	static
MPU6050.cpp:1012:6:void MPU6050::setTempFIFOEnabled(bool)	16	static
MPU6050.cpp:1021:6:bool MPU6050::getXGyroFIFOEnabled()	16	static
MPU6050.cpp:1030:6:void MPU6050::setXGyroFIFOEnabled(bool)	16	static
MPU6050.cpp:1039:6:bool MPU6050::getYGyroFIFOEnabled()	16	static
MPU6050.cpp:1048:6:void MPU6050::setYGyroFIFOEnabled(bool)	16	static
MPU6050.cpp:1057:6:bool MPU6050::getZGyroFIFOEnabled()	16	static
MPU6050.cpp:1066:6:void MPU6050::setZGyroFIFOEnabled(bool)	16	static
MPU6050.cpp:1076:6:bool MPU6050::getAccelFIFOEnabled()	16	static
MPU6050.cpp:1085:6:void MPU6050::setAccelFIFOEnabled(bool)	16	static
MPU6050.cpp:1094:6:bool MPU6050::getSlave2FIFOEnabled()	16	static
MPU6050.cpp:1103:6:void MPU6050::setSlave2FIFOEnabled(bool)	16	static
MPU6050.cpp:1112:6:bool MPU6050::getSlave1FIFOEnabled()	16	static
MPU6050.cpp:1121:6:void MPU6050::setSlave1FIFOEnabled(bool)	16	static
MPU6050.cpp:1130:6:bool MPU6050::getSlave0FIFOEnabled()	16	static
MPU6050.cpp:1139:6:void MPU6050::setSlave0FIFOEnabled(bool)	16	static
MPU6050.cpp:1160:6:bool MPU6050::getMultiMasterEnabled()	16	static
MPU6050.cpp:1169:6:void MPU6050::setMultiMasterEnabled(bool)	16	static
MPU6050.cpp:1183:6:bool MPU6050::getWaitForExternalSensorEnabled()	16	static
MPU6050.cpp:1192:6:void MPU6050::setWaitForExternalSensorEnabled(bool)	16	static
MPU6050.cpp:1201:6:bool MPU6050::getSlave3FIFOEnabled()	16	static
MPU6050.cpp:1210:6:void MPU6050::setSlave3FIFOEnabled(bool)	16	static
MPU6050.cpp:1223:6:bool MPU6050::getSlaveReadWriteTransitionEnabled()	16	static
MPU6050.cpp:1232:6:void MPU6050::setSlaveReadWriteTransitionEnabled(bool)	16	static
MPU6050.cpp:1264:9:uint8_t MPU6050::getMasterClockSpeed()	24	static
MPU6050.cpp:1272:6:void MPU6050::setMasterClockSpeed(uint8_t)	24	static
MPU6050.cpp:1319:9:uint8_t MPU6050::getSlaveAddress(uint8_t)	16	static
MPU6050.cpp:1330:6:void MPU6050::setSlaveAddress(uint8_t, uint8_t)	16	static
MPU6050.cpp:1345:9:uint8_t MPU6050::getSlaveRegister(uint8_t)	16	static
MPU6050.cpp:1356:6:void MPU6050::setSlaveRegister(uint8_t, uint8_t)	16	static
MPU6050.cpp:1367:6:bool MPU6050::getSlaveEnabled(uint8_t)	16	static
MPU6050.cpp:1378:6:void MPU6050::setSlaveEnabled(uint8_t, bool)	16	static
MPU6050.cpp:1393:6:bool MPU6050::getSlaveWordByteSwap(uint8_t)	16	static
MPU6050.cpp:1404:6:void MPU6050::setSlaveWordByteSwap(uint8_t, bool)	16	static
MPU6050.cpp:1418:6:bool MPU6050::getSlaveWriteMode(uint8_t)	16	static
MPU6050.cpp:1429:6:void MPU6050::setSlaveWriteMode(uint8_t, bool)	16	static
MPU6050.cpp:1444:6:bool MPU6050::getSlaveWordGroupOffset(uint8_t)	16	static
MPU6050.cpp:1455:6:void MPU6050::setSlaveWordGroupOffset(uint8_t, bool)	16	static
MPU6050.cpp:1466:9:uint8_t MPU6050::getSlaveDataLength(uint8_t)	24	static
MPU6050.cpp:1477:6:void MPU6050::setSlaveDataLength(uint8_t, uint8_t)	24	static
MPU6050.cpp:1493:9:uint8_t MPU6050::getSlave4Address()	16	static
MPU6050.cpp:1502:6:void MPU6050::setSlave4Address(uint8_t)	16	static
MPU6050.cpp:1512:9:uint8_t MPU6050::getSlave4Register()	16	static
MPU6050.cpp:1521:6:void MPU6050::setSlave4Register(uint8_t)	16	static
MPU6050.cpp:1530:6:void MPU6050::setSlave4OutputByte(uint8_t)	16	static
MPU6050.cpp:1539:6:bool MPU6050::getSlave4Enabled()	16	static
MPU6050.cpp:1548:6:void MPU6050::setSlave4Enabled(bool)	16	static
MPU6050.cpp:1560:6:bool MPU6050::getSlave4InterruptEnabled()	16	static
MPU6050.cpp:1569:6:void MPU6050::setSlave4InterruptEnabled(bool)	16	static
MPU6050.cpp:1581:6:bool MPU6050::getSlave4WriteMode()	16	static
MPU6050.cpp:1590:6:void MPU6050::setSlave4WriteMode(bool)	16	static
MPU6050.cpp:1608:9:uint8_t MPU6050::getSlave4MasterDelay()	24	static
MPU6050.cpp:1617:6:void MPU6050::setSlave4MasterDelay(uint8_t)	24	static
MPU6050.cpp:1626:9:uint8_t MPU6050::getSlate4InputByte()	16	static
MPU6050.cpp:1642:6:bool MPU6050::getPassthroughStatus()	16	static
MPU6050.cpp:1654:6:bool MPU6050::getSlave4IsDone()	16	static
MPU6050.cpp:1665:6:bool MPU6050::getLostArbitration()	16	static
MPU6050.cpp:1676:6:bool MPU6050::getSlave4Nack()	16	static
MPU6050.cpp:1687:6:bool MPU6050::getSlave3Nack()	16	static
MPU6050.cpp:1698:6:bool MPU6050::getSlave2Nack()	16	static
MPU6050.cpp:1709:6:bool MPU6050::getSlave1Nack()	16	static
MPU6050.cpp:1720:6:bool MPU6050::getSlave0Nack()	16	static
MPU6050.cpp:1733:6:bool MPU6050::getInterruptMode()	16	static
MPU6050.cpp:1743:6:void MPU6050::setInterruptMode(bool)	16	static
MPU6050.cpp:1752:6:bool MPU6050::getInterruptDrive()	16	static
MPU6050.cpp:1762:6:void MPU6050::setInterruptDrive(bool)	16	static
MPU6050.cpp:1771:6:bool MPU6050::getInterruptLatch()	16	static
MPU6050.cpp:1781:6:void MPU6050::setInterruptLatch(bool)	16	static
MPU6050.cpp:1790:6:bool MPU6050::getInterruptLatchClear()	16	static
MPU6050.cpp:1800:6:void MPU6050::setInterruptLatchClear(bool)	16	static
MPU6050.cpp:1809:6:bool MPU6050::getFSyncInterruptLevel()	16	static
MPU6050.cpp:1819:6:void MPU6050::setFSyncInterruptLevel(bool)	16	static
MPU6050.cpp:1828:6:bool MPU6050::getFSyncInterruptEnabled()	16	static
MPU6050.cpp:1838:6:void MPU6050::setFSyncInterruptEnabled(bool)	16	static
MPU6050.cpp:1852:6:bool MPU6050::getI2CBypassEnabled()	16	static
MPU6050.cpp:1867:6:void MPU6050::setI2CBypassEnabled(bool)	16	static
MPU6050.cpp:1879:6:bool MPU6050::getClockOutputEnabled()	16	static
MPU6050.cpp:1892:6:void MPU6050::setClockOutputEnabled(bool)	16	static
MPU6050.cpp:1905:9:uint8_t MPU6050::getIntEnabled()	16	static
MPU6050.cpp:1917:6:void MPU6050::setIntEnabled(uint8_t)	16	static
MPU6050.cpp:1926:6:bool MPU6050::getIntFreefallEnabled()	16	static
MPU6050.cpp:1936:6:void MPU6050::setIntFreefallEnabled(bool)	16	static
MPU6050.cpp:1945:6:bool MPU6050::getIntMotionEnabled()	16	static
MPU6050.cpp:1955:6:void MPU6050::setIntMotionEnabled(bool)	16	static
MPU6050.cpp:1964:6:bool MPU6050::getIntZeroMotionEnabled()	16	static
MPU6050.cpp:1974:6:void MPU6050::setIntZeroMotionEnabled(bool)	16	static
MPU6050.cpp:1983:6:bool MPU6050::getIntFIFOBufferOverflowEnabled()	16	static
MPU6050.cpp:1993:6:void MPU6050::setIntFIFOBufferOverflowEnabled(bool)	16	static
MPU6050.cpp:2003:6:bool MPU6050::getIntI2CMasterEnabled()	16	static
MPU6050.cpp:2013:6:void MPU6050::setIntI2CMasterEnabled(bool)	16	static
MPU6050.cpp:2023:6:bool MPU6050::getIntDataReadyEnabled()	16	static
MPU6050.cpp:2033:6:void MPU6050::setIntDataReadyEnabled(bool)	16	static
MPU6050.cpp:2046:9:uint8_t MPU6050::getIntStatus()	16	static
MPU6050.cpp:2057:6:bool MPU6050::getIntFreefallStatus()	16	static
MPU6050.cpp:2068:6:bool MPU6050::getIntMotionStatus()	16	static
MPU6050.cpp:2079:6:bool MPU6050::getIntZeroMotionStatus()	16	static
MPU6050.cpp:2090:6:bool MPU6050::getIntFIFOBufferOverflowStatus()	16	static
MPU6050.cpp:2102:6:bool MPU6050::getIntI2CMasterStatus()	16	static
MPU6050.cpp:2113:6:bool MPU6050::getIntDataReadyStatus()	16	static
MPU6050.cpp:2136:6:void MPU6050::getMotion9(int16_t*, int16_t*, int16_t*, int16_t*, int16_t*, int16_t*, int16_t*, int16_t*, int16_t*)	40	static
MPU6050.cpp:2152:6:void MPU6050::getMotion6(int16_t*, int16_t*, int16_t*, int16_t*, int16_t*, int16_t*)	24	static
MPU6050.cpp:2197:6:void MPU6050::getAcceleration(int16_t*, int16_t*, int16_t*)	24	static
MPU6050.cpp:2208:9:int16_t MPU6050::getAccelerationX()	16	static
MPU6050.cpp:2217:9:int16_t MPU6050::getAccelerationY()	16	static
MPU6050.cpp:2226:9:int16_t MPU6050::getAccelerationZ()	16	static
MPU6050.cpp:2237:9:int16_t MPU6050::getTemperature()	16	static
MPU6050.cpp:2276:6:void MPU6050::getRotation(int16_t*, int16_t*, int16_t*)	24	static
MPU6050.cpp:2287:9:int16_t MPU6050::getRotationX()	16	static
MPU6050.cpp:2296:9:int16_t MPU6050::getRotationY()	16	static
MPU6050.cpp:2305:9:int16_t MPU6050::getRotationZ()	16	static
MPU6050.cpp:2386:9:uint8_t MPU6050::getExternalSensorByte(int)	16	static
MPU6050.cpp:2395:10:uint16_t MPU6050::getExternalSensorWord(int)	16	static
MPU6050.cpp:2404:10:uint32_t MPU6050::getExternalSensorDWord(int)	16	static
MPU6050.cpp:2415:9:uint8_t MPU6050::getMotionStatus()	16	static
MPU6050.cpp:2424:6:bool MPU6050::getXNegMotionDetected()	16	static
MPU6050.cpp:2433:6:bool MPU6050::getXPosMotionDetected()	16	static
MPU6050.cpp:2442:6:bool MPU6050::getYNegMotionDetected()	16	static
MPU6050.cpp:2451:6:bool MPU6050::getYPosMotionDetected()	16	static
MPU6050.cpp:2460:6:bool MPU6050::getZNegMotionDetected()	16	static
MPU6050.cpp:2469:6:bool MPU6050::getZPosMotionDetected()	16	static
MPU6050.cpp:2478:6:bool MPU6050::getZeroMotionDetected()	16	static
MPU6050.cpp:2493:6:void MPU6050::setSlaveOutputByte(uint8_t, uint8_t)	16	static
MPU6050.cpp:2508:6:bool MPU6050::getExternalShadowDelayEnabled()	16	static
MPU6050.cpp:2518:6:void MPU6050::setExternalShadowDelayEnabled(bool)	16	static
MPU6050.cpp:2539:6:bool MPU6050::getSlaveDelayEnabled(uint8_t)	16	static
MPU6050.cpp:2551:6:void MPU6050::setSlaveDelayEnabled(uint8_t, bool)	16	static
MPU6050.cpp:2563:6:void MPU6050::resetGyroscopePath()	16	static
MPU6050.cpp:2572:6:void MPU6050::resetAccelerometerPath()	16	static
MPU6050.cpp:2581:6:void MPU6050::resetTemperaturePath()	16	static
MPU6050.cpp:2601:9:uint8_t MPU6050::getAccelerometerPowerOnDelay()	24	static
MPU6050.cpp:2611:6:void MPU6050::setAccelerometerPowerOnDelay(uint8_t)	24	static
MPU6050.cpp:2640:9:uint8_t MPU6050::getFreefallDetectionCounterDecrement()	24	static
MPU6050.cpp:2650:6:void MPU6050::setFreefallDetectionCounterDecrement(uint8_t)	24	static
MPU6050.cpp:2676:9:uint8_t MPU6050::getMotionDetectionCounterDecrement()	24	static
MPU6050.cpp:2686:6:void MPU6050::setMotionDetectionCounterDecrement(uint8_t)	24	static
MPU6050.cpp:2700:6:bool MPU6050::getFIFOEnabled()	16	static
MPU6050.cpp:2710:6:void MPU6050::setFIFOEnabled(bool)	16	static
MPU6050.cpp:2724:6:bool MPU6050::getI2CMasterModeEnabled()	16	static
MPU6050.cpp:2734:6:void MPU6050::setI2CMasterModeEnabled(bool)	16	static
MPU6050.cpp:2741:6:void MPU6050::switchSPIEnabled(bool)	16	static
MPU6050.cpp:2750:6:void MPU6050::resetFIFO()	16	static
MPU6050.cpp:2759:6:void MPU6050::resetI2CMaster()	16	static
MPU6050.cpp:2774:6:void MPU6050::resetSensors()	16	static
MPU6050.cpp:2785:6:void MPU6050::reset()	16	static
MPU6050.cpp:2799:6:bool MPU6050::getSleepEnabled()	16	static
MPU6050.cpp:2809:6:void MPU6050::setSleepEnabled(bool)	16	static
MPU6050.cpp:2820:6:bool MPU6050::getWakeCycleEnabled()	16	static
MPU6050.cpp:2830:6:void MPU6050::setWakeCycleEnabled(bool)	16	static
MPU6050.cpp:2844:6:bool MPU6050::getTempSensorEnabled()	16	static
MPU6050.cpp:2858:6:void MPU6050::setTempSensorEnabled(bool)	16	static
MPU6050.cpp:2868:9:uint8_t MPU6050::getClockSource()	24	static
MPU6050.cpp:2902:6:void MPU6050::setClockSource(uint8_t)	24	static
MPU6050.cpp:2931:9:uint8_t MPU6050::getWakeFrequency()	24	static
MPU6050.cpp:2939:6:void MPU6050::setWakeFrequency(uint8_t)	24	static
MPU6050.cpp:2949:6:bool MPU6050::getStandbyXAccelEnabled()	16	static
MPU6050.cpp:2959:6:void MPU6050::setStandbyXAccelEnabled(bool)	16	static
MPU6050.cpp:2968:6:bool MPU6050::getStandbyYAccelEnabled()	16	static
MPU6050.cpp:2978:6:void MPU6050::setStandbyYAccelEnabled(bool)	16	static
MPU6050.cpp:2987:6:bool MPU6050::getStandbyZAccelEnabled()	16	static
MPU6050.cpp:2997:6:void MPU6050::setStandbyZAccelEnabled(bool)	16	static
MPU6050.cpp:3006:6:bool MPU6050::getStandbyXGyroEnabled()	16	static
MPU6050.cpp:3016:6:void MPU6050::setStandbyXGyroEnabled(bool)	16	static
MPU6050.cpp:3025:6:bool MPU6050::getStandbyYGyroEnabled()	16	static
MPU6050.cpp:3035:6:void MPU6050::setStandbyYGyroEnabled(bool)	16	static
MPU6050.cpp:3044:6:bool MPU6050::getStandbyZGyroEnabled()	16	static
MPU6050.cpp:3054:6:void MPU6050::setStandbyZGyroEnabled(bool)	16	static
MPU6050.cpp:3067:10:uint16_t MPU6050::getFIFOCount()	16	static
MPU6050.cpp:3099:9:uint8_t MPU6050::getFIFOByte()	16	static
MPU6050.cpp:3103:6:void MPU6050::getFIFOBytes(uint8_t*, uint8_t)	24	static
MPU6050.cpp:3114:6:void MPU6050::setFIFOByte(uint8_t)	16	static
MPU6050.cpp:3127:9:uint8_t MPU6050::getDeviceID()	24	static
MPU6050.cpp:3140:6:void MPU6050::setDeviceID(uint8_t)	24	static
MPU6050.cpp:3148:9:uint8_t MPU6050::getOTPBankValid()	16	static
MPU6050.cpp:3152:6:void MPU6050::setOTPBankValid(bool)	16	static
MPU6050.cpp:3155:8:int8_t MPU6050::getXGyroOffsetTC()	24	static
MPU6050.cpp:3159:6:void MPU6050::setXGyroOffsetTC(int8_t)	24	static
MPU6050.cpp:3165:8:int8_t MPU6050::getYGyroOffsetTC()	24	static
MPU6050.cpp:3169:6:void MPU6050::setYGyroOffsetTC(int8_t)	24	static
MPU6050.cpp:3175:8:int8_t MPU6050::getZGyroOffsetTC()	24	static
MPU6050.cpp:3179:6:void MPU6050::setZGyroOffsetTC(int8_t)	24	static
MPU6050.cpp:3185:8:int8_t MPU6050::getXFineGain()	16	static
MPU6050.cpp:3189:6:void MPU6050::setXFineGain(int8_t)	16	static
MPU6050.cpp:3195:8:int8_t MPU6050::getYFineGain()	16	static
MPU6050.cpp:3199:6:void MPU6050::setYFineGain(int8_t)	16	static
MPU6050.cpp:3205:8:int8_t MPU6050::getZFineGain()	16	static
MPU6050.cpp:3209:6:void MPU6050::setZFineGain(int8_t)	16	static
MPU6050.cpp:3215:9:int16_t MPU6050::getXAccelOffset()	16	static
MPU6050.cpp:3219:6:void MPU6050::setXAccelOffset(int16_t)	16	static
MPU6050.cpp:3225:9:int16_t MPU6050::getYAccelOffset()	16	static
MPU6050.cpp:3229:6:void MPU6050::setYAccelOffset(int16_t)	16	static
MPU6050.cpp:3235:9:int16_t MPU6050::getZAccelOffset()	16	static
MPU6050.cpp:3239:6:void MPU6050::setZAccelOffset(int16_t)	16	static
MPU6050.cpp:3245:9:int16_t MPU6050::getXGyroOffset()	16	static
MPU6050.cpp:3249:6:void MPU6050::setXGyroOffset(int16_t)	16	static
MPU6050.cpp:3255:9:int16_t MPU6050::getYGyroOffset()	16	static
MPU6050.cpp:3259:6:void MPU6050::setYGyroOffset(int16_t)	16	static
MPU6050.cpp:3265:9:int16_t MPU6050::getZGyroOffset()	16	static
MPU6050.cpp:3269:6:void MPU6050::setZGyroOffset(int16_t)	16	static
MPU6050.cpp:3275:6:bool MPU6050::getIntPLLReadyEnabled()	16	static
MPU6050.cpp:3279:6:void MPU6050::setIntPLLReadyEnabled(bool)	16	static
MPU6050.cpp:3282:6:bool MPU6050::getIntDMPEnabled()	16	static
MPU6050.cpp:3286:6:void MPU6050::setIntDMPEnabled(bool)	16	static
MPU6050.cpp:3292:6:bool MPU6050::getDMPInt5Status()	16	static
MPU6050.cpp:3296:6:bool MPU6050::getDMPInt4Status()	16	static
MPU6050.cpp:3300:6:bool MPU6050::getDMPInt3Status()	16	static
MPU6050.cpp:3304:6:bool MPU6050::getDMPInt2Status()	16	static
MPU6050.cpp:3308:6:bool MPU6050::getDMPInt1Status()	16	static
MPU6050.cpp:3312:6:bool MPU6050::getDMPInt0Status()	16	static
MPU6050.cpp:3319:6:bool MPU6050::getIntPLLReadyStatus()	16	static
MPU6050.cpp:3323:6:bool MPU6050::getIntDMPStatus()	16	static
MPU6050.cpp:3330:6:bool MPU6050::getDMPEnabled()	16	static
MPU6050.cpp:3334:6:void MPU6050::setDMPEnabled(bool)	16	static
MPU6050.cpp:3337:6:void MPU6050::resetDMP()	16	static
MPU6050.cpp:3343:6:void MPU6050::setMemoryBank(uint8_t, bool, bool)	16	static
MPU6050.cpp:3352:6:void MPU6050::setMemoryStartAddress(uint8_t)	16	static
MPU6050.cpp:3358:9:uint8_t MPU6050::readMemoryByte()	16	static
MPU6050.cpp:3362:6:void MPU6050::writeMemoryByte(uint8_t)	16	static
MPU6050.cpp:3365:6:void MPU6050::readMemoryBlock(uint8_t*, uint16_t, uint8_t, uint8_t)	32	static
MPU6050.cpp:3396:6:bool MPU6050::writeMemoryBlock(const uint8_t*, uint16_t, uint8_t, uint8_t, bool, bool)	40	static
MPU6050.cpp:3472:6:bool MPU6050::writeProgMemoryBlock(const uint8_t*, uint16_t, uint8_t, uint8_t, bool)	40	static
MPU6050.cpp:3475:6:bool MPU6050::writeDMPConfigurationSet(const uint8_t*, uint16_t, bool)	56	static
MPU6050.cpp:3551:6:bool MPU6050::writeProgDMPConfigurationSet(const uint8_t*, uint16_t)	24	static
MPU6050.cpp:3557:9:uint8_t MPU6050::getDMPConfig1()	16	static
MPU6050.cpp:3561:6:void MPU6050::setDMPConfig1(uint8_t)	16	static
MPU6050.cpp:3567:9:uint8_t MPU6050::getDMPConfig2()	16	static
MPU6050.cpp:3571:6:void MPU6050::setDMPConfig2(uint8_t)	16	static
MPU6050.cpp:3577:9:uint8_t MPU6050::dmpInitialize()	200	static
