MPU6050.cpp:56:6:void MPU6050_readDMP_Quaterions()	8	static
MPU6050.cpp:134:6:void MPU6050_resetFIFO()	8	static
MPU6050.cpp:139:6:void MPU6050_readQuaternionBytes()	8	static
MPU6050.cpp:151:6:void MPU6050_ConvertToQuaternions()	8	static
MPU6050.cpp:425:1:MPU6050::MPU6050()	16	static
MPU6050.cpp:435:1:MPU6050::MPU6050(uint8_t)	16	static
MPU6050.cpp:446:6:void MPU6050::initialize()	16	static
MPU6050.cpp:457:6:bool MPU6050::testConnection()	16	static
MPU6050.cpp:469:9:uint8_t MPU6050::getAuxVDDIOLevel()	16	static
MPU6050.cpp:479:6:void MPU6050::setAuxVDDIOLevel(uint8_t)	16	static
MPU6050.cpp:506:9:uint8_t MPU6050::getRate()	16	static
MPU6050.cpp:515:6:void MPU6050::setRate(uint8_t)	16	static
MPU6050.cpp:548:9:uint8_t MPU6050::getExternalFrameSync()	24	static
MPU6050.cpp:557:6:void MPU6050::setExternalFrameSync(uint8_t)	24	static
MPU6050.cpp:588:9:uint8_t MPU6050::getDLPFMode()	24	static
MPU6050.cpp:600:6:void MPU6050::setDLPFMode(uint8_t)	24	static
MPU6050.cpp:623:9:uint8_t MPU6050::getFullScaleGyroRange()	24	static
MPU6050.cpp:635:6:void MPU6050::setFullScaleGyroRange(uint8_t)	24	static
MPU6050.cpp:645:9:uint8_t MPU6050::getAccelXSelfTestFactoryTrim()	16	static
MPU6050.cpp:655:9:uint8_t MPU6050::getAccelYSelfTestFactoryTrim()	16	static
MPU6050.cpp:665:9:uint8_t MPU6050::getAccelZSelfTestFactoryTrim()	16	static
MPU6050.cpp:674:9:uint8_t MPU6050::getGyroXSelfTestFactoryTrim()	16	static
MPU6050.cpp:683:9:uint8_t MPU6050::getGyroYSelfTestFactoryTrim()	16	static
MPU6050.cpp:692:9:uint8_t MPU6050::getGyroZSelfTestFactoryTrim()	16	static
MPU6050.cpp:703:6:bool MPU6050::getAccelXSelfTest()	16	static
MPU6050.cpp:711:6:void MPU6050::setAccelXSelfTest(bool)	16	static
MPU6050.cpp:718:6:bool MPU6050::getAccelYSelfTest()	16	static
MPU6050.cpp:726:6:void MPU6050::setAccelYSelfTest(bool)	16	static
MPU6050.cpp:733:6:bool MPU6050::getAccelZSelfTest()	16	static
MPU6050.cpp:741:6:void MPU6050::setAccelZSelfTest(bool)	16	static
MPU6050.cpp:761:9:uint8_t MPU6050::getFullScaleAccelRange()	24	static
MPU6050.cpp:769:6:void MPU6050::setFullScaleAccelRange(uint8_t)	24	static
MPU6050.cpp:807:9:uint8_t MPU6050::getDHPFMode()	24	static
MPU6050.cpp:817:6:void MPU6050::setDHPFMode(uint8_t)	24	static
MPU6050.cpp:838:9:uint8_t MPU6050::getFreefallDetectionThreshold()	16	static
MPU6050.cpp:847:6:void MPU6050::setFreefallDetectionThreshold(uint8_t)	16	static
MPU6050.cpp:870:9:uint8_t MPU6050::getFreefallDetectionDuration()	16	static
MPU6050.cpp:879:6:void MPU6050::setFreefallDetectionDuration(uint8_t)	16	static
MPU6050.cpp:904:9:uint8_t MPU6050::getMotionDetectionThreshold()	16	static
MPU6050.cpp:913:6:void MPU6050::setMotionDetectionThreshold(uint8_t)	16	static
MPU6050.cpp:934:9:uint8_t MPU6050::getMotionDetectionDuration()	16	static
MPU6050.cpp:943:6:void MPU6050::setMotionDetectionDuration(uint8_t)	16	static
MPU6050.cpp:974:9:uint8_t MPU6050::getZeroMotionDetectionThreshold()	16	static
MPU6050.cpp:983:6:void MPU6050::setZeroMotionDetectionThreshold(uint8_t)	16	static
MPU6050.cpp:1005:9:uint8_t MPU6050::getZeroMotionDetectionDuration()	16	static
MPU6050.cpp:1014:6:void MPU6050::setZeroMotionDetectionDuration(uint8_t)	16	static
MPU6050.cpp:1026:6:bool MPU6050::getTempFIFOEnabled()	16	static
MPU6050.cpp:1035:6:void MPU6050::setTempFIFOEnabled(bool)	16	static
MPU6050.cpp:1044:6:bool MPU6050::getXGyroFIFOEnabled()	16	static
MPU6050.cpp:1053:6:void MPU6050::setXGyroFIFOEnabled(bool)	16	static
MPU6050.cpp:1062:6:bool MPU6050::getYGyroFIFOEnabled()	16	static
MPU6050.cpp:1071:6:void MPU6050::setYGyroFIFOEnabled(bool)	16	static
MPU6050.cpp:1080:6:bool MPU6050::getZGyroFIFOEnabled()	16	static
MPU6050.cpp:1089:6:void MPU6050::setZGyroFIFOEnabled(bool)	16	static
MPU6050.cpp:1099:6:bool MPU6050::getAccelFIFOEnabled()	16	static
MPU6050.cpp:1108:6:void MPU6050::setAccelFIFOEnabled(bool)	16	static
MPU6050.cpp:1117:6:bool MPU6050::getSlave2FIFOEnabled()	16	static
MPU6050.cpp:1126:6:void MPU6050::setSlave2FIFOEnabled(bool)	16	static
MPU6050.cpp:1135:6:bool MPU6050::getSlave1FIFOEnabled()	16	static
MPU6050.cpp:1144:6:void MPU6050::setSlave1FIFOEnabled(bool)	16	static
MPU6050.cpp:1153:6:bool MPU6050::getSlave0FIFOEnabled()	16	static
MPU6050.cpp:1162:6:void MPU6050::setSlave0FIFOEnabled(bool)	16	static
MPU6050.cpp:1183:6:bool MPU6050::getMultiMasterEnabled()	16	static
MPU6050.cpp:1192:6:void MPU6050::setMultiMasterEnabled(bool)	16	static
MPU6050.cpp:1206:6:bool MPU6050::getWaitForExternalSensorEnabled()	16	static
MPU6050.cpp:1215:6:void MPU6050::setWaitForExternalSensorEnabled(bool)	16	static
MPU6050.cpp:1224:6:bool MPU6050::getSlave3FIFOEnabled()	16	static
MPU6050.cpp:1233:6:void MPU6050::setSlave3FIFOEnabled(bool)	16	static
MPU6050.cpp:1246:6:bool MPU6050::getSlaveReadWriteTransitionEnabled()	16	static
MPU6050.cpp:1255:6:void MPU6050::setSlaveReadWriteTransitionEnabled(bool)	16	static
MPU6050.cpp:1287:9:uint8_t MPU6050::getMasterClockSpeed()	24	static
MPU6050.cpp:1295:6:void MPU6050::setMasterClockSpeed(uint8_t)	24	static
MPU6050.cpp:1342:9:uint8_t MPU6050::getSlaveAddress(uint8_t)	16	static
MPU6050.cpp:1353:6:void MPU6050::setSlaveAddress(uint8_t, uint8_t)	16	static
MPU6050.cpp:1368:9:uint8_t MPU6050::getSlaveRegister(uint8_t)	16	static
MPU6050.cpp:1379:6:void MPU6050::setSlaveRegister(uint8_t, uint8_t)	16	static
MPU6050.cpp:1390:6:bool MPU6050::getSlaveEnabled(uint8_t)	16	static
MPU6050.cpp:1401:6:void MPU6050::setSlaveEnabled(uint8_t, bool)	16	static
MPU6050.cpp:1416:6:bool MPU6050::getSlaveWordByteSwap(uint8_t)	16	static
MPU6050.cpp:1427:6:void MPU6050::setSlaveWordByteSwap(uint8_t, bool)	16	static
MPU6050.cpp:1441:6:bool MPU6050::getSlaveWriteMode(uint8_t)	16	static
MPU6050.cpp:1452:6:void MPU6050::setSlaveWriteMode(uint8_t, bool)	16	static
MPU6050.cpp:1467:6:bool MPU6050::getSlaveWordGroupOffset(uint8_t)	16	static
MPU6050.cpp:1478:6:void MPU6050::setSlaveWordGroupOffset(uint8_t, bool)	16	static
MPU6050.cpp:1489:9:uint8_t MPU6050::getSlaveDataLength(uint8_t)	24	static
MPU6050.cpp:1500:6:void MPU6050::setSlaveDataLength(uint8_t, uint8_t)	24	static
MPU6050.cpp:1516:9:uint8_t MPU6050::getSlave4Address()	16	static
MPU6050.cpp:1525:6:void MPU6050::setSlave4Address(uint8_t)	16	static
MPU6050.cpp:1535:9:uint8_t MPU6050::getSlave4Register()	16	static
MPU6050.cpp:1544:6:void MPU6050::setSlave4Register(uint8_t)	16	static
MPU6050.cpp:1553:6:void MPU6050::setSlave4OutputByte(uint8_t)	16	static
MPU6050.cpp:1562:6:bool MPU6050::getSlave4Enabled()	16	static
MPU6050.cpp:1571:6:void MPU6050::setSlave4Enabled(bool)	16	static
MPU6050.cpp:1583:6:bool MPU6050::getSlave4InterruptEnabled()	16	static
MPU6050.cpp:1592:6:void MPU6050::setSlave4InterruptEnabled(bool)	16	static
MPU6050.cpp:1604:6:bool MPU6050::getSlave4WriteMode()	16	static
MPU6050.cpp:1613:6:void MPU6050::setSlave4WriteMode(bool)	16	static
MPU6050.cpp:1631:9:uint8_t MPU6050::getSlave4MasterDelay()	24	static
MPU6050.cpp:1640:6:void MPU6050::setSlave4MasterDelay(uint8_t)	24	static
MPU6050.cpp:1649:9:uint8_t MPU6050::getSlate4InputByte()	16	static
MPU6050.cpp:1665:6:bool MPU6050::getPassthroughStatus()	16	static
MPU6050.cpp:1677:6:bool MPU6050::getSlave4IsDone()	16	static
MPU6050.cpp:1688:6:bool MPU6050::getLostArbitration()	16	static
MPU6050.cpp:1699:6:bool MPU6050::getSlave4Nack()	16	static
MPU6050.cpp:1710:6:bool MPU6050::getSlave3Nack()	16	static
MPU6050.cpp:1721:6:bool MPU6050::getSlave2Nack()	16	static
MPU6050.cpp:1732:6:bool MPU6050::getSlave1Nack()	16	static
MPU6050.cpp:1743:6:bool MPU6050::getSlave0Nack()	16	static
MPU6050.cpp:1756:6:bool MPU6050::getInterruptMode()	16	static
MPU6050.cpp:1766:6:void MPU6050::setInterruptMode(bool)	16	static
MPU6050.cpp:1775:6:bool MPU6050::getInterruptDrive()	16	static
MPU6050.cpp:1785:6:void MPU6050::setInterruptDrive(bool)	16	static
MPU6050.cpp:1794:6:bool MPU6050::getInterruptLatch()	16	static
MPU6050.cpp:1804:6:void MPU6050::setInterruptLatch(bool)	16	static
MPU6050.cpp:1813:6:bool MPU6050::getInterruptLatchClear()	16	static
MPU6050.cpp:1823:6:void MPU6050::setInterruptLatchClear(bool)	16	static
MPU6050.cpp:1832:6:bool MPU6050::getFSyncInterruptLevel()	16	static
MPU6050.cpp:1842:6:void MPU6050::setFSyncInterruptLevel(bool)	16	static
MPU6050.cpp:1851:6:bool MPU6050::getFSyncInterruptEnabled()	16	static
MPU6050.cpp:1861:6:void MPU6050::setFSyncInterruptEnabled(bool)	16	static
MPU6050.cpp:1875:6:bool MPU6050::getI2CBypassEnabled()	16	static
MPU6050.cpp:1890:6:void MPU6050::setI2CBypassEnabled(bool)	16	static
MPU6050.cpp:1902:6:bool MPU6050::getClockOutputEnabled()	16	static
MPU6050.cpp:1915:6:void MPU6050::setClockOutputEnabled(bool)	16	static
MPU6050.cpp:1928:9:uint8_t MPU6050::getIntEnabled()	16	static
MPU6050.cpp:1940:6:void MPU6050::setIntEnabled(uint8_t)	16	static
MPU6050.cpp:1949:6:bool MPU6050::getIntFreefallEnabled()	16	static
MPU6050.cpp:1959:6:void MPU6050::setIntFreefallEnabled(bool)	16	static
MPU6050.cpp:1968:6:bool MPU6050::getIntMotionEnabled()	16	static
MPU6050.cpp:1978:6:void MPU6050::setIntMotionEnabled(bool)	16	static
MPU6050.cpp:1987:6:bool MPU6050::getIntZeroMotionEnabled()	16	static
MPU6050.cpp:1997:6:void MPU6050::setIntZeroMotionEnabled(bool)	16	static
MPU6050.cpp:2006:6:bool MPU6050::getIntFIFOBufferOverflowEnabled()	16	static
MPU6050.cpp:2016:6:void MPU6050::setIntFIFOBufferOverflowEnabled(bool)	16	static
MPU6050.cpp:2026:6:bool MPU6050::getIntI2CMasterEnabled()	16	static
MPU6050.cpp:2036:6:void MPU6050::setIntI2CMasterEnabled(bool)	16	static
MPU6050.cpp:2046:6:bool MPU6050::getIntDataReadyEnabled()	16	static
MPU6050.cpp:2056:6:void MPU6050::setIntDataReadyEnabled(bool)	16	static
MPU6050.cpp:2069:9:uint8_t MPU6050::getIntStatus()	16	static
MPU6050.cpp:2080:6:bool MPU6050::getIntFreefallStatus()	16	static
MPU6050.cpp:2091:6:bool MPU6050::getIntMotionStatus()	16	static
MPU6050.cpp:2102:6:bool MPU6050::getIntZeroMotionStatus()	16	static
MPU6050.cpp:2113:6:bool MPU6050::getIntFIFOBufferOverflowStatus()	16	static
MPU6050.cpp:2125:6:bool MPU6050::getIntI2CMasterStatus()	16	static
MPU6050.cpp:2136:6:bool MPU6050::getIntDataReadyStatus()	16	static
MPU6050.cpp:2159:6:void MPU6050::getMotion9(int16_t*, int16_t*, int16_t*, int16_t*, int16_t*, int16_t*, int16_t*, int16_t*, int16_t*)	40	static
MPU6050.cpp:2175:6:void MPU6050::getMotion6(int16_t*, int16_t*, int16_t*, int16_t*, int16_t*, int16_t*)	24	static
MPU6050.cpp:2220:6:void MPU6050::getAcceleration(int16_t*, int16_t*, int16_t*)	24	static
MPU6050.cpp:2231:9:int16_t MPU6050::getAccelerationX()	16	static
MPU6050.cpp:2240:9:int16_t MPU6050::getAccelerationY()	16	static
MPU6050.cpp:2249:9:int16_t MPU6050::getAccelerationZ()	16	static
MPU6050.cpp:2260:9:int16_t MPU6050::getTemperature()	16	static
MPU6050.cpp:2299:6:void MPU6050::getRotation(int16_t*, int16_t*, int16_t*)	24	static
MPU6050.cpp:2310:9:int16_t MPU6050::getRotationX()	16	static
MPU6050.cpp:2319:9:int16_t MPU6050::getRotationY()	16	static
MPU6050.cpp:2328:9:int16_t MPU6050::getRotationZ()	16	static
MPU6050.cpp:2409:9:uint8_t MPU6050::getExternalSensorByte(int)	16	static
MPU6050.cpp:2418:10:uint16_t MPU6050::getExternalSensorWord(int)	16	static
MPU6050.cpp:2427:10:uint32_t MPU6050::getExternalSensorDWord(int)	16	static
MPU6050.cpp:2438:9:uint8_t MPU6050::getMotionStatus()	16	static
MPU6050.cpp:2447:6:bool MPU6050::getXNegMotionDetected()	16	static
MPU6050.cpp:2456:6:bool MPU6050::getXPosMotionDetected()	16	static
MPU6050.cpp:2465:6:bool MPU6050::getYNegMotionDetected()	16	static
MPU6050.cpp:2474:6:bool MPU6050::getYPosMotionDetected()	16	static
MPU6050.cpp:2483:6:bool MPU6050::getZNegMotionDetected()	16	static
MPU6050.cpp:2492:6:bool MPU6050::getZPosMotionDetected()	16	static
MPU6050.cpp:2501:6:bool MPU6050::getZeroMotionDetected()	16	static
MPU6050.cpp:2516:6:void MPU6050::setSlaveOutputByte(uint8_t, uint8_t)	16	static
MPU6050.cpp:2531:6:bool MPU6050::getExternalShadowDelayEnabled()	16	static
MPU6050.cpp:2541:6:void MPU6050::setExternalShadowDelayEnabled(bool)	16	static
MPU6050.cpp:2562:6:bool MPU6050::getSlaveDelayEnabled(uint8_t)	16	static
MPU6050.cpp:2574:6:void MPU6050::setSlaveDelayEnabled(uint8_t, bool)	16	static
MPU6050.cpp:2586:6:void MPU6050::resetGyroscopePath()	16	static
MPU6050.cpp:2595:6:void MPU6050::resetAccelerometerPath()	16	static
MPU6050.cpp:2604:6:void MPU6050::resetTemperaturePath()	16	static
MPU6050.cpp:2624:9:uint8_t MPU6050::getAccelerometerPowerOnDelay()	24	static
MPU6050.cpp:2634:6:void MPU6050::setAccelerometerPowerOnDelay(uint8_t)	24	static
MPU6050.cpp:2663:9:uint8_t MPU6050::getFreefallDetectionCounterDecrement()	24	static
MPU6050.cpp:2673:6:void MPU6050::setFreefallDetectionCounterDecrement(uint8_t)	24	static
MPU6050.cpp:2699:9:uint8_t MPU6050::getMotionDetectionCounterDecrement()	24	static
MPU6050.cpp:2709:6:void MPU6050::setMotionDetectionCounterDecrement(uint8_t)	24	static
MPU6050.cpp:2723:6:bool MPU6050::getFIFOEnabled()	16	static
MPU6050.cpp:2733:6:void MPU6050::setFIFOEnabled(bool)	16	static
MPU6050.cpp:2747:6:bool MPU6050::getI2CMasterModeEnabled()	16	static
MPU6050.cpp:2757:6:void MPU6050::setI2CMasterModeEnabled(bool)	16	static
MPU6050.cpp:2764:6:void MPU6050::switchSPIEnabled(bool)	16	static
MPU6050.cpp:2773:6:void MPU6050::resetFIFO()	16	static
MPU6050.cpp:2782:6:void MPU6050::resetI2CMaster()	16	static
MPU6050.cpp:2797:6:void MPU6050::resetSensors()	16	static
MPU6050.cpp:2808:6:void MPU6050::reset()	16	static
MPU6050.cpp:2822:6:bool MPU6050::getSleepEnabled()	16	static
MPU6050.cpp:2832:6:void MPU6050::setSleepEnabled(bool)	16	static
MPU6050.cpp:2843:6:bool MPU6050::getWakeCycleEnabled()	16	static
MPU6050.cpp:2853:6:void MPU6050::setWakeCycleEnabled(bool)	16	static
MPU6050.cpp:2867:6:bool MPU6050::getTempSensorEnabled()	16	static
MPU6050.cpp:2881:6:void MPU6050::setTempSensorEnabled(bool)	16	static
MPU6050.cpp:2891:9:uint8_t MPU6050::getClockSource()	24	static
MPU6050.cpp:2925:6:void MPU6050::setClockSource(uint8_t)	24	static
MPU6050.cpp:2954:9:uint8_t MPU6050::getWakeFrequency()	24	static
MPU6050.cpp:2962:6:void MPU6050::setWakeFrequency(uint8_t)	24	static
MPU6050.cpp:2972:6:bool MPU6050::getStandbyXAccelEnabled()	16	static
MPU6050.cpp:2982:6:void MPU6050::setStandbyXAccelEnabled(bool)	16	static
MPU6050.cpp:2991:6:bool MPU6050::getStandbyYAccelEnabled()	16	static
MPU6050.cpp:3001:6:void MPU6050::setStandbyYAccelEnabled(bool)	16	static
MPU6050.cpp:3010:6:bool MPU6050::getStandbyZAccelEnabled()	16	static
MPU6050.cpp:3020:6:void MPU6050::setStandbyZAccelEnabled(bool)	16	static
MPU6050.cpp:3029:6:bool MPU6050::getStandbyXGyroEnabled()	16	static
MPU6050.cpp:3039:6:void MPU6050::setStandbyXGyroEnabled(bool)	16	static
MPU6050.cpp:3048:6:bool MPU6050::getStandbyYGyroEnabled()	16	static
MPU6050.cpp:3058:6:void MPU6050::setStandbyYGyroEnabled(bool)	16	static
MPU6050.cpp:3067:6:bool MPU6050::getStandbyZGyroEnabled()	16	static
MPU6050.cpp:3077:6:void MPU6050::setStandbyZGyroEnabled(bool)	16	static
MPU6050.cpp:3090:10:uint16_t MPU6050::getFIFOCount()	16	static
MPU6050.cpp:3122:9:uint8_t MPU6050::getFIFOByte()	16	static
MPU6050.cpp:3126:6:void MPU6050::getFIFOBytes(uint8_t*, uint8_t)	24	static
MPU6050.cpp:3137:6:void MPU6050::setFIFOByte(uint8_t)	16	static
MPU6050.cpp:3150:9:uint8_t MPU6050::getDeviceID()	24	static
MPU6050.cpp:3163:6:void MPU6050::setDeviceID(uint8_t)	24	static
MPU6050.cpp:3171:9:uint8_t MPU6050::getOTPBankValid()	16	static
MPU6050.cpp:3175:6:void MPU6050::setOTPBankValid(bool)	16	static
MPU6050.cpp:3178:8:int8_t MPU6050::getXGyroOffsetTC()	24	static
MPU6050.cpp:3182:6:void MPU6050::setXGyroOffsetTC(int8_t)	24	static
MPU6050.cpp:3188:8:int8_t MPU6050::getYGyroOffsetTC()	24	static
MPU6050.cpp:3192:6:void MPU6050::setYGyroOffsetTC(int8_t)	24	static
MPU6050.cpp:3198:8:int8_t MPU6050::getZGyroOffsetTC()	24	static
MPU6050.cpp:3202:6:void MPU6050::setZGyroOffsetTC(int8_t)	24	static
MPU6050.cpp:3208:8:int8_t MPU6050::getXFineGain()	16	static
MPU6050.cpp:3212:6:void MPU6050::setXFineGain(int8_t)	16	static
MPU6050.cpp:3218:8:int8_t MPU6050::getYFineGain()	16	static
MPU6050.cpp:3222:6:void MPU6050::setYFineGain(int8_t)	16	static
MPU6050.cpp:3228:8:int8_t MPU6050::getZFineGain()	16	static
MPU6050.cpp:3232:6:void MPU6050::setZFineGain(int8_t)	16	static
MPU6050.cpp:3238:9:int16_t MPU6050::getXAccelOffset()	16	static
MPU6050.cpp:3242:6:void MPU6050::setXAccelOffset(int16_t)	16	static
MPU6050.cpp:3248:9:int16_t MPU6050::getYAccelOffset()	16	static
MPU6050.cpp:3252:6:void MPU6050::setYAccelOffset(int16_t)	16	static
MPU6050.cpp:3258:9:int16_t MPU6050::getZAccelOffset()	16	static
MPU6050.cpp:3262:6:void MPU6050::setZAccelOffset(int16_t)	16	static
MPU6050.cpp:3268:9:int16_t MPU6050::getXGyroOffset()	16	static
MPU6050.cpp:3272:6:void MPU6050::setXGyroOffset(int16_t)	16	static
MPU6050.cpp:3278:9:int16_t MPU6050::getYGyroOffset()	16	static
MPU6050.cpp:3282:6:void MPU6050::setYGyroOffset(int16_t)	16	static
MPU6050.cpp:3288:9:int16_t MPU6050::getZGyroOffset()	16	static
MPU6050.cpp:3292:6:void MPU6050::setZGyroOffset(int16_t)	16	static
MPU6050.cpp:3298:6:bool MPU6050::getIntPLLReadyEnabled()	16	static
MPU6050.cpp:3302:6:void MPU6050::setIntPLLReadyEnabled(bool)	16	static
MPU6050.cpp:3305:6:bool MPU6050::getIntDMPEnabled()	16	static
MPU6050.cpp:3309:6:void MPU6050::setIntDMPEnabled(bool)	16	static
MPU6050.cpp:3315:6:bool MPU6050::getDMPInt5Status()	16	static
MPU6050.cpp:3319:6:bool MPU6050::getDMPInt4Status()	16	static
MPU6050.cpp:3323:6:bool MPU6050::getDMPInt3Status()	16	static
MPU6050.cpp:3327:6:bool MPU6050::getDMPInt2Status()	16	static
MPU6050.cpp:3331:6:bool MPU6050::getDMPInt1Status()	16	static
MPU6050.cpp:3335:6:bool MPU6050::getDMPInt0Status()	16	static
MPU6050.cpp:3342:6:bool MPU6050::getIntPLLReadyStatus()	16	static
MPU6050.cpp:3346:6:bool MPU6050::getIntDMPStatus()	16	static
MPU6050.cpp:3353:6:bool MPU6050::getDMPEnabled()	16	static
MPU6050.cpp:3357:6:void MPU6050::setDMPEnabled(bool)	16	static
MPU6050.cpp:3360:6:void MPU6050::resetDMP()	16	static
MPU6050.cpp:3366:6:void MPU6050::setMemoryBank(uint8_t, bool, bool)	16	static
MPU6050.cpp:3375:6:void MPU6050::setMemoryStartAddress(uint8_t)	16	static
MPU6050.cpp:3381:9:uint8_t MPU6050::readMemoryByte()	16	static
MPU6050.cpp:3385:6:void MPU6050::writeMemoryByte(uint8_t)	16	static
MPU6050.cpp:3388:6:void MPU6050::readMemoryBlock(uint8_t*, uint16_t, uint8_t, uint8_t)	32	static
MPU6050.cpp:3419:6:bool MPU6050::writeMemoryBlock(const uint8_t*, uint16_t, uint8_t, uint8_t, bool, bool)	40	static
MPU6050.cpp:3495:6:bool MPU6050::writeProgMemoryBlock(const uint8_t*, uint16_t, uint8_t, uint8_t, bool)	40	static
MPU6050.cpp:3498:6:bool MPU6050::writeDMPConfigurationSet(const uint8_t*, uint16_t, bool)	56	static
MPU6050.cpp:3574:6:bool MPU6050::writeProgDMPConfigurationSet(const uint8_t*, uint16_t)	24	static
MPU6050.cpp:3580:9:uint8_t MPU6050::getDMPConfig1()	16	static
MPU6050.cpp:3584:6:void MPU6050::setDMPConfig1(uint8_t)	16	static
MPU6050.cpp:3590:9:uint8_t MPU6050::getDMPConfig2()	16	static
MPU6050.cpp:3594:6:void MPU6050::setDMPConfig2(uint8_t)	16	static
MPU6050.cpp:3600:9:uint8_t MPU6050::dmpInitialize()	200	static
