MPU6050.cpp:57:6:void MPU6050_Calibration()	4	static
MPU6050.cpp:62:6:void MPU6050_readDMP_Quaterions()	8	static
MPU6050.cpp:147:7:float QuaternionProduct(float*, float*)	40	static
MPU6050.cpp:164:7:float QuaternionInverse(float*)	32	static
MPU6050.cpp:182:7:float QuaternionSLERP(float*, float*)	32	static
MPU6050.cpp:454:1:MPU6050::MPU6050()	16	static
MPU6050.cpp:464:1:MPU6050::MPU6050(uint8_t)	16	static
MPU6050.cpp:475:6:void MPU6050::initialize()	16	static
MPU6050.cpp:486:6:bool MPU6050::testConnection()	16	static
MPU6050.cpp:498:9:uint8_t MPU6050::getAuxVDDIOLevel()	16	static
MPU6050.cpp:508:6:void MPU6050::setAuxVDDIOLevel(uint8_t)	16	static
MPU6050.cpp:535:9:uint8_t MPU6050::getRate()	16	static
MPU6050.cpp:544:6:void MPU6050::setRate(uint8_t)	16	static
MPU6050.cpp:577:9:uint8_t MPU6050::getExternalFrameSync()	24	static
MPU6050.cpp:586:6:void MPU6050::setExternalFrameSync(uint8_t)	24	static
MPU6050.cpp:617:9:uint8_t MPU6050::getDLPFMode()	24	static
MPU6050.cpp:629:6:void MPU6050::setDLPFMode(uint8_t)	24	static
MPU6050.cpp:652:9:uint8_t MPU6050::getFullScaleGyroRange()	24	static
MPU6050.cpp:664:6:void MPU6050::setFullScaleGyroRange(uint8_t)	24	static
MPU6050.cpp:674:9:uint8_t MPU6050::getAccelXSelfTestFactoryTrim()	16	static
MPU6050.cpp:684:9:uint8_t MPU6050::getAccelYSelfTestFactoryTrim()	16	static
MPU6050.cpp:694:9:uint8_t MPU6050::getAccelZSelfTestFactoryTrim()	16	static
MPU6050.cpp:703:9:uint8_t MPU6050::getGyroXSelfTestFactoryTrim()	16	static
MPU6050.cpp:712:9:uint8_t MPU6050::getGyroYSelfTestFactoryTrim()	16	static
MPU6050.cpp:721:9:uint8_t MPU6050::getGyroZSelfTestFactoryTrim()	16	static
MPU6050.cpp:732:6:bool MPU6050::getAccelXSelfTest()	16	static
MPU6050.cpp:740:6:void MPU6050::setAccelXSelfTest(bool)	16	static
MPU6050.cpp:747:6:bool MPU6050::getAccelYSelfTest()	16	static
MPU6050.cpp:755:6:void MPU6050::setAccelYSelfTest(bool)	16	static
MPU6050.cpp:762:6:bool MPU6050::getAccelZSelfTest()	16	static
MPU6050.cpp:770:6:void MPU6050::setAccelZSelfTest(bool)	16	static
MPU6050.cpp:790:9:uint8_t MPU6050::getFullScaleAccelRange()	24	static
MPU6050.cpp:798:6:void MPU6050::setFullScaleAccelRange(uint8_t)	24	static
MPU6050.cpp:836:9:uint8_t MPU6050::getDHPFMode()	24	static
MPU6050.cpp:846:6:void MPU6050::setDHPFMode(uint8_t)	24	static
MPU6050.cpp:867:9:uint8_t MPU6050::getFreefallDetectionThreshold()	16	static
MPU6050.cpp:876:6:void MPU6050::setFreefallDetectionThreshold(uint8_t)	16	static
MPU6050.cpp:899:9:uint8_t MPU6050::getFreefallDetectionDuration()	16	static
MPU6050.cpp:908:6:void MPU6050::setFreefallDetectionDuration(uint8_t)	16	static
MPU6050.cpp:933:9:uint8_t MPU6050::getMotionDetectionThreshold()	16	static
MPU6050.cpp:942:6:void MPU6050::setMotionDetectionThreshold(uint8_t)	16	static
MPU6050.cpp:963:9:uint8_t MPU6050::getMotionDetectionDuration()	16	static
MPU6050.cpp:972:6:void MPU6050::setMotionDetectionDuration(uint8_t)	16	static
MPU6050.cpp:1003:9:uint8_t MPU6050::getZeroMotionDetectionThreshold()	16	static
MPU6050.cpp:1012:6:void MPU6050::setZeroMotionDetectionThreshold(uint8_t)	16	static
MPU6050.cpp:1034:9:uint8_t MPU6050::getZeroMotionDetectionDuration()	16	static
MPU6050.cpp:1043:6:void MPU6050::setZeroMotionDetectionDuration(uint8_t)	16	static
MPU6050.cpp:1055:6:bool MPU6050::getTempFIFOEnabled()	16	static
MPU6050.cpp:1064:6:void MPU6050::setTempFIFOEnabled(bool)	16	static
MPU6050.cpp:1073:6:bool MPU6050::getXGyroFIFOEnabled()	16	static
MPU6050.cpp:1082:6:void MPU6050::setXGyroFIFOEnabled(bool)	16	static
MPU6050.cpp:1091:6:bool MPU6050::getYGyroFIFOEnabled()	16	static
MPU6050.cpp:1100:6:void MPU6050::setYGyroFIFOEnabled(bool)	16	static
MPU6050.cpp:1109:6:bool MPU6050::getZGyroFIFOEnabled()	16	static
MPU6050.cpp:1118:6:void MPU6050::setZGyroFIFOEnabled(bool)	16	static
MPU6050.cpp:1128:6:bool MPU6050::getAccelFIFOEnabled()	16	static
MPU6050.cpp:1137:6:void MPU6050::setAccelFIFOEnabled(bool)	16	static
MPU6050.cpp:1146:6:bool MPU6050::getSlave2FIFOEnabled()	16	static
MPU6050.cpp:1155:6:void MPU6050::setSlave2FIFOEnabled(bool)	16	static
MPU6050.cpp:1164:6:bool MPU6050::getSlave1FIFOEnabled()	16	static
MPU6050.cpp:1173:6:void MPU6050::setSlave1FIFOEnabled(bool)	16	static
MPU6050.cpp:1182:6:bool MPU6050::getSlave0FIFOEnabled()	16	static
MPU6050.cpp:1191:6:void MPU6050::setSlave0FIFOEnabled(bool)	16	static
MPU6050.cpp:1212:6:bool MPU6050::getMultiMasterEnabled()	16	static
MPU6050.cpp:1221:6:void MPU6050::setMultiMasterEnabled(bool)	16	static
MPU6050.cpp:1235:6:bool MPU6050::getWaitForExternalSensorEnabled()	16	static
MPU6050.cpp:1244:6:void MPU6050::setWaitForExternalSensorEnabled(bool)	16	static
MPU6050.cpp:1253:6:bool MPU6050::getSlave3FIFOEnabled()	16	static
MPU6050.cpp:1262:6:void MPU6050::setSlave3FIFOEnabled(bool)	16	static
MPU6050.cpp:1275:6:bool MPU6050::getSlaveReadWriteTransitionEnabled()	16	static
MPU6050.cpp:1284:6:void MPU6050::setSlaveReadWriteTransitionEnabled(bool)	16	static
MPU6050.cpp:1316:9:uint8_t MPU6050::getMasterClockSpeed()	24	static
MPU6050.cpp:1324:6:void MPU6050::setMasterClockSpeed(uint8_t)	24	static
MPU6050.cpp:1371:9:uint8_t MPU6050::getSlaveAddress(uint8_t)	16	static
MPU6050.cpp:1382:6:void MPU6050::setSlaveAddress(uint8_t, uint8_t)	16	static
MPU6050.cpp:1397:9:uint8_t MPU6050::getSlaveRegister(uint8_t)	16	static
MPU6050.cpp:1408:6:void MPU6050::setSlaveRegister(uint8_t, uint8_t)	16	static
MPU6050.cpp:1419:6:bool MPU6050::getSlaveEnabled(uint8_t)	16	static
MPU6050.cpp:1430:6:void MPU6050::setSlaveEnabled(uint8_t, bool)	16	static
MPU6050.cpp:1445:6:bool MPU6050::getSlaveWordByteSwap(uint8_t)	16	static
MPU6050.cpp:1456:6:void MPU6050::setSlaveWordByteSwap(uint8_t, bool)	16	static
MPU6050.cpp:1470:6:bool MPU6050::getSlaveWriteMode(uint8_t)	16	static
MPU6050.cpp:1481:6:void MPU6050::setSlaveWriteMode(uint8_t, bool)	16	static
MPU6050.cpp:1496:6:bool MPU6050::getSlaveWordGroupOffset(uint8_t)	16	static
MPU6050.cpp:1507:6:void MPU6050::setSlaveWordGroupOffset(uint8_t, bool)	16	static
MPU6050.cpp:1518:9:uint8_t MPU6050::getSlaveDataLength(uint8_t)	24	static
MPU6050.cpp:1529:6:void MPU6050::setSlaveDataLength(uint8_t, uint8_t)	24	static
MPU6050.cpp:1545:9:uint8_t MPU6050::getSlave4Address()	16	static
MPU6050.cpp:1554:6:void MPU6050::setSlave4Address(uint8_t)	16	static
MPU6050.cpp:1564:9:uint8_t MPU6050::getSlave4Register()	16	static
MPU6050.cpp:1573:6:void MPU6050::setSlave4Register(uint8_t)	16	static
MPU6050.cpp:1582:6:void MPU6050::setSlave4OutputByte(uint8_t)	16	static
MPU6050.cpp:1591:6:bool MPU6050::getSlave4Enabled()	16	static
MPU6050.cpp:1600:6:void MPU6050::setSlave4Enabled(bool)	16	static
MPU6050.cpp:1612:6:bool MPU6050::getSlave4InterruptEnabled()	16	static
MPU6050.cpp:1621:6:void MPU6050::setSlave4InterruptEnabled(bool)	16	static
MPU6050.cpp:1633:6:bool MPU6050::getSlave4WriteMode()	16	static
MPU6050.cpp:1642:6:void MPU6050::setSlave4WriteMode(bool)	16	static
MPU6050.cpp:1660:9:uint8_t MPU6050::getSlave4MasterDelay()	24	static
MPU6050.cpp:1669:6:void MPU6050::setSlave4MasterDelay(uint8_t)	24	static
MPU6050.cpp:1678:9:uint8_t MPU6050::getSlate4InputByte()	16	static
MPU6050.cpp:1694:6:bool MPU6050::getPassthroughStatus()	16	static
MPU6050.cpp:1706:6:bool MPU6050::getSlave4IsDone()	16	static
MPU6050.cpp:1717:6:bool MPU6050::getLostArbitration()	16	static
MPU6050.cpp:1728:6:bool MPU6050::getSlave4Nack()	16	static
MPU6050.cpp:1739:6:bool MPU6050::getSlave3Nack()	16	static
MPU6050.cpp:1750:6:bool MPU6050::getSlave2Nack()	16	static
MPU6050.cpp:1761:6:bool MPU6050::getSlave1Nack()	16	static
MPU6050.cpp:1772:6:bool MPU6050::getSlave0Nack()	16	static
MPU6050.cpp:1785:6:bool MPU6050::getInterruptMode()	16	static
MPU6050.cpp:1795:6:void MPU6050::setInterruptMode(bool)	16	static
MPU6050.cpp:1804:6:bool MPU6050::getInterruptDrive()	16	static
MPU6050.cpp:1814:6:void MPU6050::setInterruptDrive(bool)	16	static
MPU6050.cpp:1823:6:bool MPU6050::getInterruptLatch()	16	static
MPU6050.cpp:1833:6:void MPU6050::setInterruptLatch(bool)	16	static
MPU6050.cpp:1842:6:bool MPU6050::getInterruptLatchClear()	16	static
MPU6050.cpp:1852:6:void MPU6050::setInterruptLatchClear(bool)	16	static
MPU6050.cpp:1861:6:bool MPU6050::getFSyncInterruptLevel()	16	static
MPU6050.cpp:1871:6:void MPU6050::setFSyncInterruptLevel(bool)	16	static
MPU6050.cpp:1880:6:bool MPU6050::getFSyncInterruptEnabled()	16	static
MPU6050.cpp:1890:6:void MPU6050::setFSyncInterruptEnabled(bool)	16	static
MPU6050.cpp:1904:6:bool MPU6050::getI2CBypassEnabled()	16	static
MPU6050.cpp:1919:6:void MPU6050::setI2CBypassEnabled(bool)	16	static
MPU6050.cpp:1931:6:bool MPU6050::getClockOutputEnabled()	16	static
MPU6050.cpp:1944:6:void MPU6050::setClockOutputEnabled(bool)	16	static
MPU6050.cpp:1957:9:uint8_t MPU6050::getIntEnabled()	16	static
MPU6050.cpp:1969:6:void MPU6050::setIntEnabled(uint8_t)	16	static
MPU6050.cpp:1978:6:bool MPU6050::getIntFreefallEnabled()	16	static
MPU6050.cpp:1988:6:void MPU6050::setIntFreefallEnabled(bool)	16	static
MPU6050.cpp:1997:6:bool MPU6050::getIntMotionEnabled()	16	static
MPU6050.cpp:2007:6:void MPU6050::setIntMotionEnabled(bool)	16	static
MPU6050.cpp:2016:6:bool MPU6050::getIntZeroMotionEnabled()	16	static
MPU6050.cpp:2026:6:void MPU6050::setIntZeroMotionEnabled(bool)	16	static
MPU6050.cpp:2035:6:bool MPU6050::getIntFIFOBufferOverflowEnabled()	16	static
MPU6050.cpp:2045:6:void MPU6050::setIntFIFOBufferOverflowEnabled(bool)	16	static
MPU6050.cpp:2055:6:bool MPU6050::getIntI2CMasterEnabled()	16	static
MPU6050.cpp:2065:6:void MPU6050::setIntI2CMasterEnabled(bool)	16	static
MPU6050.cpp:2075:6:bool MPU6050::getIntDataReadyEnabled()	16	static
MPU6050.cpp:2085:6:void MPU6050::setIntDataReadyEnabled(bool)	16	static
MPU6050.cpp:2098:9:uint8_t MPU6050::getIntStatus()	16	static
MPU6050.cpp:2109:6:bool MPU6050::getIntFreefallStatus()	16	static
MPU6050.cpp:2120:6:bool MPU6050::getIntMotionStatus()	16	static
MPU6050.cpp:2131:6:bool MPU6050::getIntZeroMotionStatus()	16	static
MPU6050.cpp:2142:6:bool MPU6050::getIntFIFOBufferOverflowStatus()	16	static
MPU6050.cpp:2154:6:bool MPU6050::getIntI2CMasterStatus()	16	static
MPU6050.cpp:2165:6:bool MPU6050::getIntDataReadyStatus()	16	static
MPU6050.cpp:2188:6:void MPU6050::getMotion9(int16_t*, int16_t*, int16_t*, int16_t*, int16_t*, int16_t*, int16_t*, int16_t*, int16_t*)	40	static
MPU6050.cpp:2204:6:void MPU6050::getMotion6(int16_t*, int16_t*, int16_t*, int16_t*, int16_t*, int16_t*)	24	static
MPU6050.cpp:2249:6:void MPU6050::getAcceleration(int16_t*, int16_t*, int16_t*)	24	static
MPU6050.cpp:2260:9:int16_t MPU6050::getAccelerationX()	16	static
MPU6050.cpp:2269:9:int16_t MPU6050::getAccelerationY()	16	static
MPU6050.cpp:2278:9:int16_t MPU6050::getAccelerationZ()	16	static
MPU6050.cpp:2289:9:int16_t MPU6050::getTemperature()	16	static
MPU6050.cpp:2328:6:void MPU6050::getRotation(int16_t*, int16_t*, int16_t*)	24	static
MPU6050.cpp:2339:9:int16_t MPU6050::getRotationX()	16	static
MPU6050.cpp:2348:9:int16_t MPU6050::getRotationY()	16	static
MPU6050.cpp:2357:9:int16_t MPU6050::getRotationZ()	16	static
MPU6050.cpp:2438:9:uint8_t MPU6050::getExternalSensorByte(int)	16	static
MPU6050.cpp:2447:10:uint16_t MPU6050::getExternalSensorWord(int)	16	static
MPU6050.cpp:2456:10:uint32_t MPU6050::getExternalSensorDWord(int)	16	static
MPU6050.cpp:2467:9:uint8_t MPU6050::getMotionStatus()	16	static
MPU6050.cpp:2476:6:bool MPU6050::getXNegMotionDetected()	16	static
MPU6050.cpp:2485:6:bool MPU6050::getXPosMotionDetected()	16	static
MPU6050.cpp:2494:6:bool MPU6050::getYNegMotionDetected()	16	static
MPU6050.cpp:2503:6:bool MPU6050::getYPosMotionDetected()	16	static
MPU6050.cpp:2512:6:bool MPU6050::getZNegMotionDetected()	16	static
MPU6050.cpp:2521:6:bool MPU6050::getZPosMotionDetected()	16	static
MPU6050.cpp:2530:6:bool MPU6050::getZeroMotionDetected()	16	static
MPU6050.cpp:2545:6:void MPU6050::setSlaveOutputByte(uint8_t, uint8_t)	16	static
MPU6050.cpp:2560:6:bool MPU6050::getExternalShadowDelayEnabled()	16	static
MPU6050.cpp:2570:6:void MPU6050::setExternalShadowDelayEnabled(bool)	16	static
MPU6050.cpp:2591:6:bool MPU6050::getSlaveDelayEnabled(uint8_t)	16	static
MPU6050.cpp:2603:6:void MPU6050::setSlaveDelayEnabled(uint8_t, bool)	16	static
MPU6050.cpp:2615:6:void MPU6050::resetGyroscopePath()	16	static
MPU6050.cpp:2624:6:void MPU6050::resetAccelerometerPath()	16	static
MPU6050.cpp:2633:6:void MPU6050::resetTemperaturePath()	16	static
MPU6050.cpp:2653:9:uint8_t MPU6050::getAccelerometerPowerOnDelay()	24	static
MPU6050.cpp:2663:6:void MPU6050::setAccelerometerPowerOnDelay(uint8_t)	24	static
MPU6050.cpp:2692:9:uint8_t MPU6050::getFreefallDetectionCounterDecrement()	24	static
MPU6050.cpp:2702:6:void MPU6050::setFreefallDetectionCounterDecrement(uint8_t)	24	static
MPU6050.cpp:2728:9:uint8_t MPU6050::getMotionDetectionCounterDecrement()	24	static
MPU6050.cpp:2738:6:void MPU6050::setMotionDetectionCounterDecrement(uint8_t)	24	static
MPU6050.cpp:2752:6:bool MPU6050::getFIFOEnabled()	16	static
MPU6050.cpp:2762:6:void MPU6050::setFIFOEnabled(bool)	16	static
MPU6050.cpp:2776:6:bool MPU6050::getI2CMasterModeEnabled()	16	static
MPU6050.cpp:2786:6:void MPU6050::setI2CMasterModeEnabled(bool)	16	static
MPU6050.cpp:2793:6:void MPU6050::switchSPIEnabled(bool)	16	static
MPU6050.cpp:2802:6:void MPU6050::resetFIFO()	16	static
MPU6050.cpp:2811:6:void MPU6050::resetI2CMaster()	16	static
MPU6050.cpp:2826:6:void MPU6050::resetSensors()	16	static
MPU6050.cpp:2837:6:void MPU6050::reset()	16	static
MPU6050.cpp:2851:6:bool MPU6050::getSleepEnabled()	16	static
MPU6050.cpp:2861:6:void MPU6050::setSleepEnabled(bool)	16	static
MPU6050.cpp:2872:6:bool MPU6050::getWakeCycleEnabled()	16	static
MPU6050.cpp:2882:6:void MPU6050::setWakeCycleEnabled(bool)	16	static
MPU6050.cpp:2896:6:bool MPU6050::getTempSensorEnabled()	16	static
MPU6050.cpp:2910:6:void MPU6050::setTempSensorEnabled(bool)	16	static
MPU6050.cpp:2920:9:uint8_t MPU6050::getClockSource()	24	static
MPU6050.cpp:2954:6:void MPU6050::setClockSource(uint8_t)	24	static
MPU6050.cpp:2983:9:uint8_t MPU6050::getWakeFrequency()	24	static
MPU6050.cpp:2991:6:void MPU6050::setWakeFrequency(uint8_t)	24	static
MPU6050.cpp:3001:6:bool MPU6050::getStandbyXAccelEnabled()	16	static
MPU6050.cpp:3011:6:void MPU6050::setStandbyXAccelEnabled(bool)	16	static
MPU6050.cpp:3020:6:bool MPU6050::getStandbyYAccelEnabled()	16	static
MPU6050.cpp:3030:6:void MPU6050::setStandbyYAccelEnabled(bool)	16	static
MPU6050.cpp:3039:6:bool MPU6050::getStandbyZAccelEnabled()	16	static
MPU6050.cpp:3049:6:void MPU6050::setStandbyZAccelEnabled(bool)	16	static
MPU6050.cpp:3058:6:bool MPU6050::getStandbyXGyroEnabled()	16	static
MPU6050.cpp:3068:6:void MPU6050::setStandbyXGyroEnabled(bool)	16	static
MPU6050.cpp:3077:6:bool MPU6050::getStandbyYGyroEnabled()	16	static
MPU6050.cpp:3087:6:void MPU6050::setStandbyYGyroEnabled(bool)	16	static
MPU6050.cpp:3096:6:bool MPU6050::getStandbyZGyroEnabled()	16	static
MPU6050.cpp:3106:6:void MPU6050::setStandbyZGyroEnabled(bool)	16	static
MPU6050.cpp:3119:10:uint16_t MPU6050::getFIFOCount()	16	static
MPU6050.cpp:3151:9:uint8_t MPU6050::getFIFOByte()	16	static
MPU6050.cpp:3155:6:void MPU6050::getFIFOBytes(uint8_t*, uint8_t)	24	static
MPU6050.cpp:3166:6:void MPU6050::setFIFOByte(uint8_t)	16	static
MPU6050.cpp:3179:9:uint8_t MPU6050::getDeviceID()	24	static
MPU6050.cpp:3192:6:void MPU6050::setDeviceID(uint8_t)	24	static
MPU6050.cpp:3200:9:uint8_t MPU6050::getOTPBankValid()	16	static
MPU6050.cpp:3204:6:void MPU6050::setOTPBankValid(bool)	16	static
MPU6050.cpp:3207:8:int8_t MPU6050::getXGyroOffsetTC()	24	static
MPU6050.cpp:3211:6:void MPU6050::setXGyroOffsetTC(int8_t)	24	static
MPU6050.cpp:3217:8:int8_t MPU6050::getYGyroOffsetTC()	24	static
MPU6050.cpp:3221:6:void MPU6050::setYGyroOffsetTC(int8_t)	24	static
MPU6050.cpp:3227:8:int8_t MPU6050::getZGyroOffsetTC()	24	static
MPU6050.cpp:3231:6:void MPU6050::setZGyroOffsetTC(int8_t)	24	static
MPU6050.cpp:3237:8:int8_t MPU6050::getXFineGain()	16	static
MPU6050.cpp:3241:6:void MPU6050::setXFineGain(int8_t)	16	static
MPU6050.cpp:3247:8:int8_t MPU6050::getYFineGain()	16	static
MPU6050.cpp:3251:6:void MPU6050::setYFineGain(int8_t)	16	static
MPU6050.cpp:3257:8:int8_t MPU6050::getZFineGain()	16	static
MPU6050.cpp:3261:6:void MPU6050::setZFineGain(int8_t)	16	static
MPU6050.cpp:3267:9:int16_t MPU6050::getXAccelOffset()	16	static
MPU6050.cpp:3271:6:void MPU6050::setXAccelOffset(int16_t)	16	static
MPU6050.cpp:3277:9:int16_t MPU6050::getYAccelOffset()	16	static
MPU6050.cpp:3281:6:void MPU6050::setYAccelOffset(int16_t)	16	static
MPU6050.cpp:3287:9:int16_t MPU6050::getZAccelOffset()	16	static
MPU6050.cpp:3291:6:void MPU6050::setZAccelOffset(int16_t)	16	static
MPU6050.cpp:3297:9:int16_t MPU6050::getXGyroOffset()	16	static
MPU6050.cpp:3301:6:void MPU6050::setXGyroOffset(int16_t)	16	static
MPU6050.cpp:3307:9:int16_t MPU6050::getYGyroOffset()	16	static
MPU6050.cpp:3311:6:void MPU6050::setYGyroOffset(int16_t)	16	static
MPU6050.cpp:3317:9:int16_t MPU6050::getZGyroOffset()	16	static
MPU6050.cpp:3321:6:void MPU6050::setZGyroOffset(int16_t)	16	static
MPU6050.cpp:3327:6:bool MPU6050::getIntPLLReadyEnabled()	16	static
MPU6050.cpp:3331:6:void MPU6050::setIntPLLReadyEnabled(bool)	16	static
MPU6050.cpp:3334:6:bool MPU6050::getIntDMPEnabled()	16	static
MPU6050.cpp:3338:6:void MPU6050::setIntDMPEnabled(bool)	16	static
MPU6050.cpp:3344:6:bool MPU6050::getDMPInt5Status()	16	static
MPU6050.cpp:3348:6:bool MPU6050::getDMPInt4Status()	16	static
MPU6050.cpp:3352:6:bool MPU6050::getDMPInt3Status()	16	static
MPU6050.cpp:3356:6:bool MPU6050::getDMPInt2Status()	16	static
MPU6050.cpp:3360:6:bool MPU6050::getDMPInt1Status()	16	static
MPU6050.cpp:3364:6:bool MPU6050::getDMPInt0Status()	16	static
MPU6050.cpp:3371:6:bool MPU6050::getIntPLLReadyStatus()	16	static
MPU6050.cpp:3375:6:bool MPU6050::getIntDMPStatus()	16	static
MPU6050.cpp:3382:6:bool MPU6050::getDMPEnabled()	16	static
MPU6050.cpp:3386:6:void MPU6050::setDMPEnabled(bool)	16	static
MPU6050.cpp:3389:6:void MPU6050::resetDMP()	16	static
MPU6050.cpp:3395:6:void MPU6050::setMemoryBank(uint8_t, bool, bool)	16	static
MPU6050.cpp:3404:6:void MPU6050::setMemoryStartAddress(uint8_t)	16	static
MPU6050.cpp:3410:9:uint8_t MPU6050::readMemoryByte()	16	static
MPU6050.cpp:3414:6:void MPU6050::writeMemoryByte(uint8_t)	16	static
MPU6050.cpp:3417:6:void MPU6050::readMemoryBlock(uint8_t*, uint16_t, uint8_t, uint8_t)	32	static
MPU6050.cpp:3448:6:bool MPU6050::writeMemoryBlock(const uint8_t*, uint16_t, uint8_t, uint8_t, bool, bool)	40	static
MPU6050.cpp:3524:6:bool MPU6050::writeProgMemoryBlock(const uint8_t*, uint16_t, uint8_t, uint8_t, bool)	40	static
MPU6050.cpp:3527:6:bool MPU6050::writeDMPConfigurationSet(const uint8_t*, uint16_t, bool)	56	static
MPU6050.cpp:3603:6:bool MPU6050::writeProgDMPConfigurationSet(const uint8_t*, uint16_t)	24	static
MPU6050.cpp:3609:9:uint8_t MPU6050::getDMPConfig1()	16	static
MPU6050.cpp:3613:6:void MPU6050::setDMPConfig1(uint8_t)	16	static
MPU6050.cpp:3619:9:uint8_t MPU6050::getDMPConfig2()	16	static
MPU6050.cpp:3623:6:void MPU6050::setDMPConfig2(uint8_t)	16	static
MPU6050.cpp:3629:9:uint8_t MPU6050::dmpInitialize()	200	static
