MPU6050.cpp:56:6:void MPU6050_readDMP_Quaterions()	8	static
MPU6050.cpp:134:6:void MPU6050_resetFIFO()	8	static
MPU6050.cpp:139:6:void MPU6050_readQuaternionBytes()	336	dynamic
MPU6050.cpp:168:6:void MPU6050_ConvertToQuaternions()	8	static
MPU6050.cpp:442:1:MPU6050::MPU6050()	16	static
MPU6050.cpp:452:1:MPU6050::MPU6050(uint8_t)	16	static
MPU6050.cpp:463:6:void MPU6050::initialize()	16	static
MPU6050.cpp:474:6:bool MPU6050::testConnection()	16	static
MPU6050.cpp:486:9:uint8_t MPU6050::getAuxVDDIOLevel()	16	static
MPU6050.cpp:496:6:void MPU6050::setAuxVDDIOLevel(uint8_t)	16	static
MPU6050.cpp:523:9:uint8_t MPU6050::getRate()	16	static
MPU6050.cpp:532:6:void MPU6050::setRate(uint8_t)	16	static
MPU6050.cpp:565:9:uint8_t MPU6050::getExternalFrameSync()	24	static
MPU6050.cpp:574:6:void MPU6050::setExternalFrameSync(uint8_t)	24	static
MPU6050.cpp:605:9:uint8_t MPU6050::getDLPFMode()	24	static
MPU6050.cpp:617:6:void MPU6050::setDLPFMode(uint8_t)	24	static
MPU6050.cpp:640:9:uint8_t MPU6050::getFullScaleGyroRange()	24	static
MPU6050.cpp:652:6:void MPU6050::setFullScaleGyroRange(uint8_t)	24	static
MPU6050.cpp:662:9:uint8_t MPU6050::getAccelXSelfTestFactoryTrim()	16	static
MPU6050.cpp:672:9:uint8_t MPU6050::getAccelYSelfTestFactoryTrim()	16	static
MPU6050.cpp:682:9:uint8_t MPU6050::getAccelZSelfTestFactoryTrim()	16	static
MPU6050.cpp:691:9:uint8_t MPU6050::getGyroXSelfTestFactoryTrim()	16	static
MPU6050.cpp:700:9:uint8_t MPU6050::getGyroYSelfTestFactoryTrim()	16	static
MPU6050.cpp:709:9:uint8_t MPU6050::getGyroZSelfTestFactoryTrim()	16	static
MPU6050.cpp:720:6:bool MPU6050::getAccelXSelfTest()	16	static
MPU6050.cpp:728:6:void MPU6050::setAccelXSelfTest(bool)	16	static
MPU6050.cpp:735:6:bool MPU6050::getAccelYSelfTest()	16	static
MPU6050.cpp:743:6:void MPU6050::setAccelYSelfTest(bool)	16	static
MPU6050.cpp:750:6:bool MPU6050::getAccelZSelfTest()	16	static
MPU6050.cpp:758:6:void MPU6050::setAccelZSelfTest(bool)	16	static
MPU6050.cpp:778:9:uint8_t MPU6050::getFullScaleAccelRange()	24	static
MPU6050.cpp:786:6:void MPU6050::setFullScaleAccelRange(uint8_t)	24	static
MPU6050.cpp:824:9:uint8_t MPU6050::getDHPFMode()	24	static
MPU6050.cpp:834:6:void MPU6050::setDHPFMode(uint8_t)	24	static
MPU6050.cpp:855:9:uint8_t MPU6050::getFreefallDetectionThreshold()	16	static
MPU6050.cpp:864:6:void MPU6050::setFreefallDetectionThreshold(uint8_t)	16	static
MPU6050.cpp:887:9:uint8_t MPU6050::getFreefallDetectionDuration()	16	static
MPU6050.cpp:896:6:void MPU6050::setFreefallDetectionDuration(uint8_t)	16	static
MPU6050.cpp:921:9:uint8_t MPU6050::getMotionDetectionThreshold()	16	static
MPU6050.cpp:930:6:void MPU6050::setMotionDetectionThreshold(uint8_t)	16	static
MPU6050.cpp:951:9:uint8_t MPU6050::getMotionDetectionDuration()	16	static
MPU6050.cpp:960:6:void MPU6050::setMotionDetectionDuration(uint8_t)	16	static
MPU6050.cpp:991:9:uint8_t MPU6050::getZeroMotionDetectionThreshold()	16	static
MPU6050.cpp:1000:6:void MPU6050::setZeroMotionDetectionThreshold(uint8_t)	16	static
MPU6050.cpp:1022:9:uint8_t MPU6050::getZeroMotionDetectionDuration()	16	static
MPU6050.cpp:1031:6:void MPU6050::setZeroMotionDetectionDuration(uint8_t)	16	static
MPU6050.cpp:1043:6:bool MPU6050::getTempFIFOEnabled()	16	static
MPU6050.cpp:1052:6:void MPU6050::setTempFIFOEnabled(bool)	16	static
MPU6050.cpp:1061:6:bool MPU6050::getXGyroFIFOEnabled()	16	static
MPU6050.cpp:1070:6:void MPU6050::setXGyroFIFOEnabled(bool)	16	static
MPU6050.cpp:1079:6:bool MPU6050::getYGyroFIFOEnabled()	16	static
MPU6050.cpp:1088:6:void MPU6050::setYGyroFIFOEnabled(bool)	16	static
MPU6050.cpp:1097:6:bool MPU6050::getZGyroFIFOEnabled()	16	static
MPU6050.cpp:1106:6:void MPU6050::setZGyroFIFOEnabled(bool)	16	static
MPU6050.cpp:1116:6:bool MPU6050::getAccelFIFOEnabled()	16	static
MPU6050.cpp:1125:6:void MPU6050::setAccelFIFOEnabled(bool)	16	static
MPU6050.cpp:1134:6:bool MPU6050::getSlave2FIFOEnabled()	16	static
MPU6050.cpp:1143:6:void MPU6050::setSlave2FIFOEnabled(bool)	16	static
MPU6050.cpp:1152:6:bool MPU6050::getSlave1FIFOEnabled()	16	static
MPU6050.cpp:1161:6:void MPU6050::setSlave1FIFOEnabled(bool)	16	static
MPU6050.cpp:1170:6:bool MPU6050::getSlave0FIFOEnabled()	16	static
MPU6050.cpp:1179:6:void MPU6050::setSlave0FIFOEnabled(bool)	16	static
MPU6050.cpp:1200:6:bool MPU6050::getMultiMasterEnabled()	16	static
MPU6050.cpp:1209:6:void MPU6050::setMultiMasterEnabled(bool)	16	static
MPU6050.cpp:1223:6:bool MPU6050::getWaitForExternalSensorEnabled()	16	static
MPU6050.cpp:1232:6:void MPU6050::setWaitForExternalSensorEnabled(bool)	16	static
MPU6050.cpp:1241:6:bool MPU6050::getSlave3FIFOEnabled()	16	static
MPU6050.cpp:1250:6:void MPU6050::setSlave3FIFOEnabled(bool)	16	static
MPU6050.cpp:1263:6:bool MPU6050::getSlaveReadWriteTransitionEnabled()	16	static
MPU6050.cpp:1272:6:void MPU6050::setSlaveReadWriteTransitionEnabled(bool)	16	static
MPU6050.cpp:1304:9:uint8_t MPU6050::getMasterClockSpeed()	24	static
MPU6050.cpp:1312:6:void MPU6050::setMasterClockSpeed(uint8_t)	24	static
MPU6050.cpp:1359:9:uint8_t MPU6050::getSlaveAddress(uint8_t)	16	static
MPU6050.cpp:1370:6:void MPU6050::setSlaveAddress(uint8_t, uint8_t)	16	static
MPU6050.cpp:1385:9:uint8_t MPU6050::getSlaveRegister(uint8_t)	16	static
MPU6050.cpp:1396:6:void MPU6050::setSlaveRegister(uint8_t, uint8_t)	16	static
MPU6050.cpp:1407:6:bool MPU6050::getSlaveEnabled(uint8_t)	16	static
MPU6050.cpp:1418:6:void MPU6050::setSlaveEnabled(uint8_t, bool)	16	static
MPU6050.cpp:1433:6:bool MPU6050::getSlaveWordByteSwap(uint8_t)	16	static
MPU6050.cpp:1444:6:void MPU6050::setSlaveWordByteSwap(uint8_t, bool)	16	static
MPU6050.cpp:1458:6:bool MPU6050::getSlaveWriteMode(uint8_t)	16	static
MPU6050.cpp:1469:6:void MPU6050::setSlaveWriteMode(uint8_t, bool)	16	static
MPU6050.cpp:1484:6:bool MPU6050::getSlaveWordGroupOffset(uint8_t)	16	static
MPU6050.cpp:1495:6:void MPU6050::setSlaveWordGroupOffset(uint8_t, bool)	16	static
MPU6050.cpp:1506:9:uint8_t MPU6050::getSlaveDataLength(uint8_t)	24	static
MPU6050.cpp:1517:6:void MPU6050::setSlaveDataLength(uint8_t, uint8_t)	24	static
MPU6050.cpp:1533:9:uint8_t MPU6050::getSlave4Address()	16	static
MPU6050.cpp:1542:6:void MPU6050::setSlave4Address(uint8_t)	16	static
MPU6050.cpp:1552:9:uint8_t MPU6050::getSlave4Register()	16	static
MPU6050.cpp:1561:6:void MPU6050::setSlave4Register(uint8_t)	16	static
MPU6050.cpp:1570:6:void MPU6050::setSlave4OutputByte(uint8_t)	16	static
MPU6050.cpp:1579:6:bool MPU6050::getSlave4Enabled()	16	static
MPU6050.cpp:1588:6:void MPU6050::setSlave4Enabled(bool)	16	static
MPU6050.cpp:1600:6:bool MPU6050::getSlave4InterruptEnabled()	16	static
MPU6050.cpp:1609:6:void MPU6050::setSlave4InterruptEnabled(bool)	16	static
MPU6050.cpp:1621:6:bool MPU6050::getSlave4WriteMode()	16	static
MPU6050.cpp:1630:6:void MPU6050::setSlave4WriteMode(bool)	16	static
MPU6050.cpp:1648:9:uint8_t MPU6050::getSlave4MasterDelay()	24	static
MPU6050.cpp:1657:6:void MPU6050::setSlave4MasterDelay(uint8_t)	24	static
MPU6050.cpp:1666:9:uint8_t MPU6050::getSlate4InputByte()	16	static
MPU6050.cpp:1682:6:bool MPU6050::getPassthroughStatus()	16	static
MPU6050.cpp:1694:6:bool MPU6050::getSlave4IsDone()	16	static
MPU6050.cpp:1705:6:bool MPU6050::getLostArbitration()	16	static
MPU6050.cpp:1716:6:bool MPU6050::getSlave4Nack()	16	static
MPU6050.cpp:1727:6:bool MPU6050::getSlave3Nack()	16	static
MPU6050.cpp:1738:6:bool MPU6050::getSlave2Nack()	16	static
MPU6050.cpp:1749:6:bool MPU6050::getSlave1Nack()	16	static
MPU6050.cpp:1760:6:bool MPU6050::getSlave0Nack()	16	static
MPU6050.cpp:1773:6:bool MPU6050::getInterruptMode()	16	static
MPU6050.cpp:1783:6:void MPU6050::setInterruptMode(bool)	16	static
MPU6050.cpp:1792:6:bool MPU6050::getInterruptDrive()	16	static
MPU6050.cpp:1802:6:void MPU6050::setInterruptDrive(bool)	16	static
MPU6050.cpp:1811:6:bool MPU6050::getInterruptLatch()	16	static
MPU6050.cpp:1821:6:void MPU6050::setInterruptLatch(bool)	16	static
MPU6050.cpp:1830:6:bool MPU6050::getInterruptLatchClear()	16	static
MPU6050.cpp:1840:6:void MPU6050::setInterruptLatchClear(bool)	16	static
MPU6050.cpp:1849:6:bool MPU6050::getFSyncInterruptLevel()	16	static
MPU6050.cpp:1859:6:void MPU6050::setFSyncInterruptLevel(bool)	16	static
MPU6050.cpp:1868:6:bool MPU6050::getFSyncInterruptEnabled()	16	static
MPU6050.cpp:1878:6:void MPU6050::setFSyncInterruptEnabled(bool)	16	static
MPU6050.cpp:1892:6:bool MPU6050::getI2CBypassEnabled()	16	static
MPU6050.cpp:1907:6:void MPU6050::setI2CBypassEnabled(bool)	16	static
MPU6050.cpp:1919:6:bool MPU6050::getClockOutputEnabled()	16	static
MPU6050.cpp:1932:6:void MPU6050::setClockOutputEnabled(bool)	16	static
MPU6050.cpp:1945:9:uint8_t MPU6050::getIntEnabled()	16	static
MPU6050.cpp:1957:6:void MPU6050::setIntEnabled(uint8_t)	16	static
MPU6050.cpp:1966:6:bool MPU6050::getIntFreefallEnabled()	16	static
MPU6050.cpp:1976:6:void MPU6050::setIntFreefallEnabled(bool)	16	static
MPU6050.cpp:1985:6:bool MPU6050::getIntMotionEnabled()	16	static
MPU6050.cpp:1995:6:void MPU6050::setIntMotionEnabled(bool)	16	static
MPU6050.cpp:2004:6:bool MPU6050::getIntZeroMotionEnabled()	16	static
MPU6050.cpp:2014:6:void MPU6050::setIntZeroMotionEnabled(bool)	16	static
MPU6050.cpp:2023:6:bool MPU6050::getIntFIFOBufferOverflowEnabled()	16	static
MPU6050.cpp:2033:6:void MPU6050::setIntFIFOBufferOverflowEnabled(bool)	16	static
MPU6050.cpp:2043:6:bool MPU6050::getIntI2CMasterEnabled()	16	static
MPU6050.cpp:2053:6:void MPU6050::setIntI2CMasterEnabled(bool)	16	static
MPU6050.cpp:2063:6:bool MPU6050::getIntDataReadyEnabled()	16	static
MPU6050.cpp:2073:6:void MPU6050::setIntDataReadyEnabled(bool)	16	static
MPU6050.cpp:2086:9:uint8_t MPU6050::getIntStatus()	16	static
MPU6050.cpp:2097:6:bool MPU6050::getIntFreefallStatus()	16	static
MPU6050.cpp:2108:6:bool MPU6050::getIntMotionStatus()	16	static
MPU6050.cpp:2119:6:bool MPU6050::getIntZeroMotionStatus()	16	static
MPU6050.cpp:2130:6:bool MPU6050::getIntFIFOBufferOverflowStatus()	16	static
MPU6050.cpp:2142:6:bool MPU6050::getIntI2CMasterStatus()	16	static
MPU6050.cpp:2153:6:bool MPU6050::getIntDataReadyStatus()	16	static
MPU6050.cpp:2176:6:void MPU6050::getMotion9(int16_t*, int16_t*, int16_t*, int16_t*, int16_t*, int16_t*, int16_t*, int16_t*, int16_t*)	40	static
MPU6050.cpp:2192:6:void MPU6050::getMotion6(int16_t*, int16_t*, int16_t*, int16_t*, int16_t*, int16_t*)	24	static
MPU6050.cpp:2237:6:void MPU6050::getAcceleration(int16_t*, int16_t*, int16_t*)	24	static
MPU6050.cpp:2248:9:int16_t MPU6050::getAccelerationX()	16	static
MPU6050.cpp:2257:9:int16_t MPU6050::getAccelerationY()	16	static
MPU6050.cpp:2266:9:int16_t MPU6050::getAccelerationZ()	16	static
MPU6050.cpp:2277:9:int16_t MPU6050::getTemperature()	16	static
MPU6050.cpp:2316:6:void MPU6050::getRotation(int16_t*, int16_t*, int16_t*)	24	static
MPU6050.cpp:2327:9:int16_t MPU6050::getRotationX()	16	static
MPU6050.cpp:2336:9:int16_t MPU6050::getRotationY()	16	static
MPU6050.cpp:2345:9:int16_t MPU6050::getRotationZ()	16	static
MPU6050.cpp:2426:9:uint8_t MPU6050::getExternalSensorByte(int)	16	static
MPU6050.cpp:2435:10:uint16_t MPU6050::getExternalSensorWord(int)	16	static
MPU6050.cpp:2444:10:uint32_t MPU6050::getExternalSensorDWord(int)	16	static
MPU6050.cpp:2455:9:uint8_t MPU6050::getMotionStatus()	16	static
MPU6050.cpp:2464:6:bool MPU6050::getXNegMotionDetected()	16	static
MPU6050.cpp:2473:6:bool MPU6050::getXPosMotionDetected()	16	static
MPU6050.cpp:2482:6:bool MPU6050::getYNegMotionDetected()	16	static
MPU6050.cpp:2491:6:bool MPU6050::getYPosMotionDetected()	16	static
MPU6050.cpp:2500:6:bool MPU6050::getZNegMotionDetected()	16	static
MPU6050.cpp:2509:6:bool MPU6050::getZPosMotionDetected()	16	static
MPU6050.cpp:2518:6:bool MPU6050::getZeroMotionDetected()	16	static
MPU6050.cpp:2533:6:void MPU6050::setSlaveOutputByte(uint8_t, uint8_t)	16	static
MPU6050.cpp:2548:6:bool MPU6050::getExternalShadowDelayEnabled()	16	static
MPU6050.cpp:2558:6:void MPU6050::setExternalShadowDelayEnabled(bool)	16	static
MPU6050.cpp:2579:6:bool MPU6050::getSlaveDelayEnabled(uint8_t)	16	static
MPU6050.cpp:2591:6:void MPU6050::setSlaveDelayEnabled(uint8_t, bool)	16	static
MPU6050.cpp:2603:6:void MPU6050::resetGyroscopePath()	16	static
MPU6050.cpp:2612:6:void MPU6050::resetAccelerometerPath()	16	static
MPU6050.cpp:2621:6:void MPU6050::resetTemperaturePath()	16	static
MPU6050.cpp:2641:9:uint8_t MPU6050::getAccelerometerPowerOnDelay()	24	static
MPU6050.cpp:2651:6:void MPU6050::setAccelerometerPowerOnDelay(uint8_t)	24	static
MPU6050.cpp:2680:9:uint8_t MPU6050::getFreefallDetectionCounterDecrement()	24	static
MPU6050.cpp:2690:6:void MPU6050::setFreefallDetectionCounterDecrement(uint8_t)	24	static
MPU6050.cpp:2716:9:uint8_t MPU6050::getMotionDetectionCounterDecrement()	24	static
MPU6050.cpp:2726:6:void MPU6050::setMotionDetectionCounterDecrement(uint8_t)	24	static
MPU6050.cpp:2740:6:bool MPU6050::getFIFOEnabled()	16	static
MPU6050.cpp:2750:6:void MPU6050::setFIFOEnabled(bool)	16	static
MPU6050.cpp:2764:6:bool MPU6050::getI2CMasterModeEnabled()	16	static
MPU6050.cpp:2774:6:void MPU6050::setI2CMasterModeEnabled(bool)	16	static
MPU6050.cpp:2781:6:void MPU6050::switchSPIEnabled(bool)	16	static
MPU6050.cpp:2790:6:void MPU6050::resetFIFO()	16	static
MPU6050.cpp:2799:6:void MPU6050::resetI2CMaster()	16	static
MPU6050.cpp:2814:6:void MPU6050::resetSensors()	16	static
MPU6050.cpp:2825:6:void MPU6050::reset()	16	static
MPU6050.cpp:2839:6:bool MPU6050::getSleepEnabled()	16	static
MPU6050.cpp:2849:6:void MPU6050::setSleepEnabled(bool)	16	static
MPU6050.cpp:2860:6:bool MPU6050::getWakeCycleEnabled()	16	static
MPU6050.cpp:2870:6:void MPU6050::setWakeCycleEnabled(bool)	16	static
MPU6050.cpp:2884:6:bool MPU6050::getTempSensorEnabled()	16	static
MPU6050.cpp:2898:6:void MPU6050::setTempSensorEnabled(bool)	16	static
MPU6050.cpp:2908:9:uint8_t MPU6050::getClockSource()	24	static
MPU6050.cpp:2942:6:void MPU6050::setClockSource(uint8_t)	24	static
MPU6050.cpp:2971:9:uint8_t MPU6050::getWakeFrequency()	24	static
MPU6050.cpp:2979:6:void MPU6050::setWakeFrequency(uint8_t)	24	static
MPU6050.cpp:2989:6:bool MPU6050::getStandbyXAccelEnabled()	16	static
MPU6050.cpp:2999:6:void MPU6050::setStandbyXAccelEnabled(bool)	16	static
MPU6050.cpp:3008:6:bool MPU6050::getStandbyYAccelEnabled()	16	static
MPU6050.cpp:3018:6:void MPU6050::setStandbyYAccelEnabled(bool)	16	static
MPU6050.cpp:3027:6:bool MPU6050::getStandbyZAccelEnabled()	16	static
MPU6050.cpp:3037:6:void MPU6050::setStandbyZAccelEnabled(bool)	16	static
MPU6050.cpp:3046:6:bool MPU6050::getStandbyXGyroEnabled()	16	static
MPU6050.cpp:3056:6:void MPU6050::setStandbyXGyroEnabled(bool)	16	static
MPU6050.cpp:3065:6:bool MPU6050::getStandbyYGyroEnabled()	16	static
MPU6050.cpp:3075:6:void MPU6050::setStandbyYGyroEnabled(bool)	16	static
MPU6050.cpp:3084:6:bool MPU6050::getStandbyZGyroEnabled()	16	static
MPU6050.cpp:3094:6:void MPU6050::setStandbyZGyroEnabled(bool)	16	static
MPU6050.cpp:3107:10:uint16_t MPU6050::getFIFOCount()	16	static
MPU6050.cpp:3139:9:uint8_t MPU6050::getFIFOByte()	16	static
MPU6050.cpp:3143:6:void MPU6050::getFIFOBytes(uint8_t*, uint8_t)	24	static
MPU6050.cpp:3154:6:void MPU6050::setFIFOByte(uint8_t)	16	static
MPU6050.cpp:3167:9:uint8_t MPU6050::getDeviceID()	24	static
MPU6050.cpp:3180:6:void MPU6050::setDeviceID(uint8_t)	24	static
MPU6050.cpp:3188:9:uint8_t MPU6050::getOTPBankValid()	16	static
MPU6050.cpp:3192:6:void MPU6050::setOTPBankValid(bool)	16	static
MPU6050.cpp:3195:8:int8_t MPU6050::getXGyroOffsetTC()	24	static
MPU6050.cpp:3199:6:void MPU6050::setXGyroOffsetTC(int8_t)	24	static
MPU6050.cpp:3205:8:int8_t MPU6050::getYGyroOffsetTC()	24	static
MPU6050.cpp:3209:6:void MPU6050::setYGyroOffsetTC(int8_t)	24	static
MPU6050.cpp:3215:8:int8_t MPU6050::getZGyroOffsetTC()	24	static
MPU6050.cpp:3219:6:void MPU6050::setZGyroOffsetTC(int8_t)	24	static
MPU6050.cpp:3225:8:int8_t MPU6050::getXFineGain()	16	static
MPU6050.cpp:3229:6:void MPU6050::setXFineGain(int8_t)	16	static
MPU6050.cpp:3235:8:int8_t MPU6050::getYFineGain()	16	static
MPU6050.cpp:3239:6:void MPU6050::setYFineGain(int8_t)	16	static
MPU6050.cpp:3245:8:int8_t MPU6050::getZFineGain()	16	static
MPU6050.cpp:3249:6:void MPU6050::setZFineGain(int8_t)	16	static
MPU6050.cpp:3255:9:int16_t MPU6050::getXAccelOffset()	16	static
MPU6050.cpp:3259:6:void MPU6050::setXAccelOffset(int16_t)	16	static
MPU6050.cpp:3265:9:int16_t MPU6050::getYAccelOffset()	16	static
MPU6050.cpp:3269:6:void MPU6050::setYAccelOffset(int16_t)	16	static
MPU6050.cpp:3275:9:int16_t MPU6050::getZAccelOffset()	16	static
MPU6050.cpp:3279:6:void MPU6050::setZAccelOffset(int16_t)	16	static
MPU6050.cpp:3285:9:int16_t MPU6050::getXGyroOffset()	16	static
MPU6050.cpp:3289:6:void MPU6050::setXGyroOffset(int16_t)	16	static
MPU6050.cpp:3295:9:int16_t MPU6050::getYGyroOffset()	16	static
MPU6050.cpp:3299:6:void MPU6050::setYGyroOffset(int16_t)	16	static
MPU6050.cpp:3305:9:int16_t MPU6050::getZGyroOffset()	16	static
MPU6050.cpp:3309:6:void MPU6050::setZGyroOffset(int16_t)	16	static
MPU6050.cpp:3315:6:bool MPU6050::getIntPLLReadyEnabled()	16	static
MPU6050.cpp:3319:6:void MPU6050::setIntPLLReadyEnabled(bool)	16	static
MPU6050.cpp:3322:6:bool MPU6050::getIntDMPEnabled()	16	static
MPU6050.cpp:3326:6:void MPU6050::setIntDMPEnabled(bool)	16	static
MPU6050.cpp:3332:6:bool MPU6050::getDMPInt5Status()	16	static
MPU6050.cpp:3336:6:bool MPU6050::getDMPInt4Status()	16	static
MPU6050.cpp:3340:6:bool MPU6050::getDMPInt3Status()	16	static
MPU6050.cpp:3344:6:bool MPU6050::getDMPInt2Status()	16	static
MPU6050.cpp:3348:6:bool MPU6050::getDMPInt1Status()	16	static
MPU6050.cpp:3352:6:bool MPU6050::getDMPInt0Status()	16	static
MPU6050.cpp:3359:6:bool MPU6050::getIntPLLReadyStatus()	16	static
MPU6050.cpp:3363:6:bool MPU6050::getIntDMPStatus()	16	static
MPU6050.cpp:3370:6:bool MPU6050::getDMPEnabled()	16	static
MPU6050.cpp:3374:6:void MPU6050::setDMPEnabled(bool)	16	static
MPU6050.cpp:3377:6:void MPU6050::resetDMP()	16	static
MPU6050.cpp:3383:6:void MPU6050::setMemoryBank(uint8_t, bool, bool)	16	static
MPU6050.cpp:3392:6:void MPU6050::setMemoryStartAddress(uint8_t)	16	static
MPU6050.cpp:3398:9:uint8_t MPU6050::readMemoryByte()	16	static
MPU6050.cpp:3402:6:void MPU6050::writeMemoryByte(uint8_t)	16	static
MPU6050.cpp:3405:6:void MPU6050::readMemoryBlock(uint8_t*, uint16_t, uint8_t, uint8_t)	32	static
MPU6050.cpp:3436:6:bool MPU6050::writeMemoryBlock(const uint8_t*, uint16_t, uint8_t, uint8_t, bool, bool)	40	static
MPU6050.cpp:3512:6:bool MPU6050::writeProgMemoryBlock(const uint8_t*, uint16_t, uint8_t, uint8_t, bool)	40	static
MPU6050.cpp:3515:6:bool MPU6050::writeDMPConfigurationSet(const uint8_t*, uint16_t, bool)	56	static
MPU6050.cpp:3591:6:bool MPU6050::writeProgDMPConfigurationSet(const uint8_t*, uint16_t)	24	static
MPU6050.cpp:3597:9:uint8_t MPU6050::getDMPConfig1()	16	static
MPU6050.cpp:3601:6:void MPU6050::setDMPConfig1(uint8_t)	16	static
MPU6050.cpp:3607:9:uint8_t MPU6050::getDMPConfig2()	16	static
MPU6050.cpp:3611:6:void MPU6050::setDMPConfig2(uint8_t)	16	static
MPU6050.cpp:3617:9:uint8_t MPU6050::dmpInitialize()	200	static
