cmath:106:3:constexpr float std::asin(float)	16	static
cmath:125:3:constexpr float std::atan(float)	16	static
cmath:184:3:constexpr float std::cos(float)	16	static
cmath:425:3:constexpr float std::sin(float)	16	static
cmath:463:3:constexpr float std::sqrt(float)	16	static
PID.cpp:38:6:void getWXQuaternion()	16	static
PID.cpp:52:6:void Update_FrameOriginQuaternion()	24	static
PID.cpp:78:6:void Update_PID()	16	static
PID.cpp:108:6:void getPIDValues()	8	static
PID.cpp:157:6:void MPU6050_GetOriginQuaternion()	4	static
PID.cpp:172:8:float* QuaternionProduct(float*, float*)	24	static
PID.cpp:188:8:float* QuaternionInverse(float*)	16	static
PID.cpp:206:9:float* QuaternionSLERP(float*, float*)	16	static
PID.cpp:217:8:float* QuaternionNormalize(float*)	32	static
