Archive member included to satisfy reference by file (symbol)

d:/program files/stm32cubeide_1.8.0/stm32cubeide/plugins/com.st.stm32cube.ide.mcu.externaltools.gnu-tools-for-stm32.9-2020-q2-update.win32_2.0.0.202105311346/tools/bin/../lib/gcc/arm-none-eabi/9.3.1/../../../../arm-none-eabi/lib/thumb/v7-m/nofp\libm.a(lib_a-s_cos.o)
                              ./Core/Src/motorControl.o (cos)
d:/program files/stm32cubeide_1.8.0/stm32cubeide/plugins/com.st.stm32cube.ide.mcu.externaltools.gnu-tools-for-stm32.9-2020-q2-update.win32_2.0.0.202105311346/tools/bin/../lib/gcc/arm-none-eabi/9.3.1/../../../../arm-none-eabi/lib/thumb/v7-m/nofp\libm.a(lib_a-s_sin.o)
                              ./Core/Src/motorControl.o (sin)
d:/program files/stm32cubeide_1.8.0/stm32cubeide/plugins/com.st.stm32cube.ide.mcu.externaltools.gnu-tools-for-stm32.9-2020-q2-update.win32_2.0.0.202105311346/tools/bin/../lib/gcc/arm-none-eabi/9.3.1/../../../../arm-none-eabi/lib/thumb/v7-m/nofp\libm.a(lib_a-sf_atan.o)
                              ./Core/Src/PID.o (atanf)
d:/program files/stm32cubeide_1.8.0/stm32cubeide/plugins/com.st.stm32cube.ide.mcu.externaltools.gnu-tools-for-stm32.9-2020-q2-update.win32_2.0.0.202105311346/tools/bin/../lib/gcc/arm-none-eabi/9.3.1/../../../../arm-none-eabi/lib/thumb/v7-m/nofp\libm.a(lib_a-sf_cos.o)
                              ./Core/Src/MPU6050.o (cosf)
d:/program files/stm32cubeide_1.8.0/stm32cubeide/plugins/com.st.stm32cube.ide.mcu.externaltools.gnu-tools-for-stm32.9-2020-q2-update.win32_2.0.0.202105311346/tools/bin/../lib/gcc/arm-none-eabi/9.3.1/../../../../arm-none-eabi/lib/thumb/v7-m/nofp\libm.a(lib_a-sf_fabs.o)
                              d:/program files/stm32cubeide_1.8.0/stm32cubeide/plugins/com.st.stm32cube.ide.mcu.externaltools.gnu-tools-for-stm32.9-2020-q2-update.win32_2.0.0.202105311346/tools/bin/../lib/gcc/arm-none-eabi/9.3.1/../../../../arm-none-eabi/lib/thumb/v7-m/nofp\libm.a(lib_a-sf_atan.o) (fabsf)
d:/program files/stm32cubeide_1.8.0/stm32cubeide/plugins/com.st.stm32cube.ide.mcu.externaltools.gnu-tools-for-stm32.9-2020-q2-update.win32_2.0.0.202105311346/tools/bin/../lib/gcc/arm-none-eabi/9.3.1/../../../../arm-none-eabi/lib/thumb/v7-m/nofp\libm.a(lib_a-sf_sin.o)
                              ./Core/Src/MPU6050.o (sinf)
d:/program files/stm32cubeide_1.8.0/stm32cubeide/plugins/com.st.stm32cube.ide.mcu.externaltools.gnu-tools-for-stm32.9-2020-q2-update.win32_2.0.0.202105311346/tools/bin/../lib/gcc/arm-none-eabi/9.3.1/../../../../arm-none-eabi/lib/thumb/v7-m/nofp\libm.a(lib_a-wf_acos.o)
                              ./Core/Src/realMain.o (acosf)
d:/program files/stm32cubeide_1.8.0/stm32cubeide/plugins/com.st.stm32cube.ide.mcu.externaltools.gnu-tools-for-stm32.9-2020-q2-update.win32_2.0.0.202105311346/tools/bin/../lib/gcc/arm-none-eabi/9.3.1/../../../../arm-none-eabi/lib/thumb/v7-m/nofp\libm.a(lib_a-wf_asin.o)
                              ./Core/Src/PID.o (asinf)
d:/program files/stm32cubeide_1.8.0/stm32cubeide/plugins/com.st.stm32cube.ide.mcu.externaltools.gnu-tools-for-stm32.9-2020-q2-update.win32_2.0.0.202105311346/tools/bin/../lib/gcc/arm-none-eabi/9.3.1/../../../../arm-none-eabi/lib/thumb/v7-m/nofp\libm.a(lib_a-wf_atan2.o)
                              ./Core/Src/motorControl.o (atan2f)
d:/program files/stm32cubeide_1.8.0/stm32cubeide/plugins/com.st.stm32cube.ide.mcu.externaltools.gnu-tools-for-stm32.9-2020-q2-update.win32_2.0.0.202105311346/tools/bin/../lib/gcc/arm-none-eabi/9.3.1/../../../../arm-none-eabi/lib/thumb/v7-m/nofp\libm.a(lib_a-wf_sqrt.o)
                              ./Core/Src/MPU6050.o (sqrtf)
d:/program files/stm32cubeide_1.8.0/stm32cubeide/plugins/com.st.stm32cube.ide.mcu.externaltools.gnu-tools-for-stm32.9-2020-q2-update.win32_2.0.0.202105311346/tools/bin/../lib/gcc/arm-none-eabi/9.3.1/../../../../arm-none-eabi/lib/thumb/v7-m/nofp\libm.a(lib_a-e_rem_pio2.o)
                              d:/program files/stm32cubeide_1.8.0/stm32cubeide/plugins/com.st.stm32cube.ide.mcu.externaltools.gnu-tools-for-stm32.9-2020-q2-update.win32_2.0.0.202105311346/tools/bin/../lib/gcc/arm-none-eabi/9.3.1/../../../../arm-none-eabi/lib/thumb/v7-m/nofp\libm.a(lib_a-s_cos.o) (__ieee754_rem_pio2)
d:/program files/stm32cubeide_1.8.0/stm32cubeide/plugins/com.st.stm32cube.ide.mcu.externaltools.gnu-tools-for-stm32.9-2020-q2-update.win32_2.0.0.202105311346/tools/bin/../lib/gcc/arm-none-eabi/9.3.1/../../../../arm-none-eabi/lib/thumb/v7-m/nofp\libm.a(lib_a-ef_acos.o)
                              d:/program files/stm32cubeide_1.8.0/stm32cubeide/plugins/com.st.stm32cube.ide.mcu.externaltools.gnu-tools-for-stm32.9-2020-q2-update.win32_2.0.0.202105311346/tools/bin/../lib/gcc/arm-none-eabi/9.3.1/../../../../arm-none-eabi/lib/thumb/v7-m/nofp\libm.a(lib_a-wf_acos.o) (__ieee754_acosf)
[...]
Memory Configuration

Name             Origin             Length             Attributes
RAM              0x0000000020000000 0x0000000000020000 xrw
FLASH            0x0000000008000000 0x0000000000100000 xr
*default*        0x0000000000000000 0xffffffffffffffff

Linker script and memory map

LOAD d:/program files/stm32cubeide_1.8.0/stm32cubeide/plugins/com.st.stm32cube.ide.mcu.externaltools.gnu-tools-for-stm32.9-2020-q2-update.win32_2.0.0.202105311346/tools/bin/../lib/gcc/arm-none-eabi/9.3.1/thumb/v7-m/nofp/crti.o
LOAD d:/program files/stm32cubeide_1.8.0/stm32cubeide/plugins/com.st.stm32cube.ide.mcu.externaltools.gnu-tools-for-stm32.9-2020-q2-update.win32_2.0.0.202105311346/tools/bin/../lib/gcc/arm-none-eabi/9.3.1/thumb/v7-m/nofp/crtbegin.o
LOAD d:/program files/stm32cubeide_1.8.0/stm32cubeide/plugins/com.st.stm32cube.ide.mcu.externaltools.gnu-tools-for-stm32.9-2020-q2-update.win32_2.0.0.202105311346/tools/bin/../lib/gcc/arm-none-eabi/9.3.1/../../../../arm-none-eabi/lib/thumb/v7-m/nofp/crt0.o
LOAD ./Core/Src/I2Cdev.o
LOAD ./Core/Src/MPU6050.o
LOAD ./Core/Src/PID.o
LOAD ./Core/Src/SBUS.o
LOAD ./Core/Src/main.o
LOAD ./Core/Src/motorControl.o
LOAD ./Core/Src/realMain.o
LOAD ./Core/Src/stm32f2xx_hal_msp.o
LOAD ./Core/Src/stm32f2xx_it.o
LOAD ./Core/Src/syscalls.o
LOAD ./Core/Src/sysmem.o
LOAD ./Core/Src/system_stm32f2xx.o
LOAD ./Core/Startup/startup_stm32f205rgtx.o
LOAD ./Drivers/STM32F2xx_HAL_Driver/Src/stm32f2xx_hal.o
LOAD ./Drivers/STM32F2xx_HAL_Driver/Src/stm32f2xx_hal_adc.o
LOAD ./Drivers/STM32F2xx_HAL_Driver/Src/stm32f2xx_hal_adc_ex.o
LOAD ./Drivers/STM32F2xx_HAL_Driver/Src/stm32f2xx_hal_cortex.o
LOAD ./Drivers/STM32F2xx_HAL_Driver/Src/stm32f2xx_hal_dma.o
LOAD ./Drivers/STM32F2xx_HAL_Driver/Src/stm32f2xx_hal_dma_ex.o
LOAD ./Drivers/STM32F2xx_HAL_Driver/Src/stm32f2xx_hal_exti.o
LOAD ./Drivers/STM32F2xx_HAL_Driver/Src/stm32f2xx_hal_flash.o
LOAD ./Drivers/STM32F2xx_HAL_Driver/Src/stm32f2xx_hal_flash_ex.o
LOAD ./Drivers/STM32F2xx_HAL_Driver/Src/stm32f2xx_hal_gpio.o
LOAD ./Drivers/STM32F2xx_HAL_Driver/Src/stm32f2xx_hal_i2c.o
LOAD ./Drivers/STM32F2xx_HAL_Driver/Src/stm32f2xx_hal_pcd.o
LOAD ./Drivers/STM32F2xx_HAL_Driver/Src/stm32f2xx_hal_pcd_ex.o
LOAD ./Drivers/STM32F2xx_HAL_Driver/Src/stm32f2xx_hal_pwr.o
LOAD ./Drivers/STM32F2xx_HAL_Driver/Src/stm32f2xx_hal_pwr_ex.o
LOAD ./Drivers/STM32F2xx_HAL_Driver/Src/stm32f2xx_hal_rcc.o
LOAD ./Drivers/STM32F2xx_HAL_Driver/Src/stm32f2xx_hal_rcc_ex.o
LOAD ./Drivers/STM32F2xx_HAL_Driver/Src/stm32f2xx_hal_tim.o
LOAD ./Drivers/STM32F2xx_HAL_Driver/Src/stm32f2xx_hal_tim_ex.o
LOAD ./Drivers/STM32F2xx_HAL_Driver/Src/stm32f2xx_ll_usb.o
LOAD ./Middlewares/ST/STM32_USB_Device_Library/Class/CDC/Src/usbd_cdc.o
LOAD ./Middlewares/ST/STM32_USB_Device_Library/Core/Src/usbd_core.o
LOAD ./Middlewares/ST/STM32_USB_Device_Library/Core/Src/usbd_ctlreq.o
LOAD ./Middlewares/ST/STM32_USB_Device_Library/Core/Src/usbd_ioreq.o
LOAD ./USB_DEVICE/App/usb_device.o
LOAD ./USB_DEVICE/App/usbd_cdc_if.o
LOAD ./USB_DEVICE/App/usbd_desc.o
LOAD ./USB_DEVICE/Target/usbd_conf.o
START GROUP
LOAD d:/program files/stm32cubeide_1.8.0/stm32cubeide/plugins/com.st.stm32cube.ide.mcu.externaltools.gnu-tools-for-stm32.9-2020-q2-update.win32_2.0.0.202105311346/tools/bin/../lib/gcc/arm-none-eabi/9.3.1/../../../../arm-none-eabi/lib/thumb/v7-m/nofp\libstdc++_nano.a
LOAD d:/program files/stm32cubeide_1.8.0/stm32cubeide/plugins/com.st.stm32cube.ide.mcu.externaltools.gnu-tools-for-stm32.9-2020-q2-update.win32_2.0.0.202105311346/tools/bin/../lib/gcc/arm-none-eabi/9.3.1/../../../../arm-none-eabi/lib/thumb/v7-m/nofp\libsupc++_nano.a
END GROUP
LOAD d:/program files/stm32cubeide_1.8.0/stm32cubeide/plugins/com.st.stm32cube.ide.mcu.externaltools.gnu-tools-for-stm32.9-2020-q2-update.win32_2.0.0.202105311346/tools/bin/../lib/gcc/arm-none-eabi/9.3.1/../../../../arm-none-eabi/lib/thumb/v7-m/nofp\libstdc++_nano.a
LOAD d:/program files/stm32cubeide_1.8.0/stm32cubeide/plugins/com.st.stm32cube.ide.mcu.externaltools.gnu-tools-for-stm32.9-2020-q2-update.win32_2.0.0.202105311346/tools/bin/../lib/gcc/arm-none-eabi/9.3.1/../../../../arm-none-eabi/lib/thumb/v7-m/nofp\libm.a
LOAD d:/program files/stm32cubeide_1.8.0/stm32cubeide/plugins/com.st.stm32cube.ide.mcu.externaltools.gnu-tools-for-stm32.9-2020-q2-update.win32_2.0.0.202105311346/tools/bin/../lib/gcc/arm-none-eabi/9.3.1/../../../../arm-none-eabi/lib/thumb/v7-m/nofp\libc_nano.a
START GROUP
LOAD d:/program files/stm32cubeide_1.8.0/stm32cubeide/plugins/com.st.stm32cube.ide.mcu.externaltools.gnu-tools-for-stm32.9-2020-q2-update.win32_2.0.0.202105311346/tools/bin/../lib/gcc/arm-none-eabi/9.3.1/thumb/v7-m/nofp\libgcc.a
LOAD d:/program files/stm32cubeide_1.8.0/stm32cubeide/plugins/com.st.stm32cube.ide.mcu.externaltools.gnu-tools-for-stm32.9-2020-q2-update.win32_2.0.0.202105311346/tools/bin/../lib/gcc/arm-none-eabi/9.3.1/../../../../arm-none-eabi/lib/thumb/v7-m/nofp\libc_nano.a
END GROUP
START GROUP
LOAD d:/program files/stm32cubeide_1.8.0/stm32cubeide/plugins/com.st.stm32cube.ide.mcu.externaltools.gnu-tools-for-stm32.9-2020-q2-update.win32_2.0.0.202105311346/tools/bin/../lib/gcc/arm-none-eabi/9.3.1/thumb/v7-m/nofp\libgcc.a
LOAD d:/program files/stm32cubeide_1.8.0/stm32cubeide/plugins/com.st.stm32cube.ide.mcu.externaltools.gnu-tools-for-stm32.9-2020-q2-update.win32_2.0.0.202105311346/tools/bin/../lib/gcc/arm-none-eabi/9.3.1/../../../../arm-none-eabi/lib/thumb/v7-m/nofp\libc_nano.a
LOAD d:/program files/stm32cubeide_1.8.0/stm32cubeide/plugins/com.st.stm32cube.ide.mcu.externaltools.gnu-tools-for-stm32.9-2020-q2-update.win32_2.0.0.202105311346/tools/bin/../lib/gcc/arm-none-eabi/9.3.1/../../../../arm-none-eabi/lib/thumb/v7-m/nofp\libnosys.a
END GROUP
START GROUP
LOAD d:/program files/stm32cubeide_1.8.0/stm32cubeide/plugins/com.st.stm32cube.ide.mcu.externaltools.gnu-tools-for-stm32.9-2020-q2-update.win32_2.0.0.202105311346/tools/bin/../lib/gcc/arm-none-eabi/9.3.1/thumb/v7-m/nofp\libgcc.a
LOAD d:/program files/stm32cubeide_1.8.0/stm32cubeide/plugins/com.st.stm32cube.ide.mcu.externaltools.gnu-tools-for-stm32.9-2020-q2-update.win32_2.0.0.202105311346/tools/bin/../lib/gcc/arm-none-eabi/9.3.1/../../../../arm-none-eabi/lib/thumb/v7-m/nofp\libc_nano.a
LOAD d:/program files/stm32cubeide_1.8.0/stm32cubeide/plugins/com.st.stm32cube.ide.mcu.externaltools.gnu-tools-for-stm32.9-2020-q2-update.win32_2.0.0.202105311346/tools/bin/../lib/gcc/arm-none-eabi/9.3.1/../../../../arm-none-eabi/lib/thumb/v7-m/nofp\libnosys.a
END GROUP
LOAD d:/program files/stm32cubeide_1.8.0/stm32cubeide/plugins/com.st.stm32cube.ide.mcu.externaltools.gnu-tools-for-stm32.9-2020-q2-update.win32_2.0.0.202105311346/tools/bin/../lib/gcc/arm-none-eabi/9.3.1/thumb/v7-m/nofp/crtend.o
LOAD d:/program files/stm32cubeide_1.8.0/stm32cubeide/plugins/com.st.stm32cube.ide.mcu.externaltools.gnu-tools-for-stm32.9-2020-q2-update.win32_2.0.0.202105311346/tools/bin/../lib/gcc/arm-none-eabi/9.3.1/thumb/v7-m/nofp/crtn.o
                0x0000000020020000                _estack = (ORIGIN (RAM) + LENGTH (RAM))
                0x0000000000000200                _Min_Heap_Size = 0x200
                0x0000000000000400                _Min_Stack_Size = 0x400

.isr_vector     0x0000000008000000      0x184
                0x0000000008000000                . = ALIGN (0x4)
 *(.isr_vector)
 .isr_vector    0x0000000008000000      0x184 ./Core/Startup/startup_stm32f205rgtx.o
                0x0000000008000000                g_pfnVectors
                0x0000000008000184                . = ALIGN (0x4)

.text           0x0000000008000188    0x12748
                0x0000000008000188                . = ALIGN (0x4)
 *(.text)
 .text          0x0000000008000188       0x40 d:/program files/stm32cubeide_1.8.0/stm32cubeide/plugins/com.st.stm32cube.ide.mcu.externaltools.gnu-tools-for-stm32.9-2020-q2-update.win32_2.0.0.202105311346/tools/bin/../lib/gcc/arm-none-eabi/9.3.1/thumb/v7-m/nofp/crtbegin.o
 .text          0x00000000080001c8       0x10 d:/program files/stm32cubeide_1.8.0/stm32cubeide/plugins/com.st.stm32cube.ide.mcu.externaltools.gnu-tools-for-stm32.9-2020-q2-update.win32_2.0.0.202105311346/tools/bin/../lib/gcc/arm-none-eabi/9.3.1/../../../../arm-none-eabi/lib/thumb/v7-m/nofp\libc_nano.a(lib_a-strlen.o)
                0x00000000080001c8                strlen
 .text          0x00000000080001d8      0x378 d:/program files/stm32cubeide_1.8.0/stm32cubeide/plugins/com.st.stm32cube.ide.mcu.externaltools.gnu-tools-for-stm32.9-2020-q2-update.win32_2.0.0.202105311346/tools/bin/../lib/gcc/arm-none-eabi/9.3.1/thumb/v7-m/nofp\libgcc.a(_arm_addsubdf3.o)
                0x00000000080001d8                __aeabi_drsub
                0x00000000080001e0                __aeabi_dsub
                0x00000000080001e0                __subdf3
                0x00000000080001e4                __aeabi_dadd
                0x00000000080001e4                __adddf3
                0x000000000800045c                __floatunsidf
                0x000000000800045c                __aeabi_ui2d
                0x000000000800047c                __floatsidf
                0x000000000800047c                __aeabi_i2d
                0x00000000080004a0                __aeabi_f2d
                0x00000000080004a0                __extendsfdf2
                0x00000000080004e4                __floatundidf
                0x00000000080004e4                __aeabi_ul2d
                0x00000000080004f4                __floatdidf
                0x00000000080004f4                __aeabi_l2d
 .text          0x0000000008000550      0x424 d:/program files/stm32cubeide_1.8.0/stm32cubeide/plugins/com.st.stm32cube.ide.mcu.externaltools.gnu-tools-for-stm32.9-2020-q2-update.win32_2.0.0.202105311346/tools/bin/../lib/gcc/arm-none-eabi/9.3.1/thumb/v7-m/nofp\libgcc.a(_arm_muldivdf3.o)
                0x0000000008000550                __aeabi_dmul
                0x0000000008000550                __muldf3
                0x00000000080007a4                __divdf3
                0x00000000080007a4                __aeabi_ddiv
 .text          0x0000000008000974      0x110 d:/program files/stm32cubeide_1.8.0/stm32cubeide/plugins/com.st.stm32cube.ide.mcu.externaltools.gnu-tools-for-stm32.9-2020-q2-update.win32_2.0.0.202105311346/tools/bin/../lib/gcc/arm-none-eabi/9.3.1/thumb/v7-m/nofp\libgcc.a(_arm_cmpdf2.o)
                0x0000000008000974                __gtdf2
                0x0000000008000974                __gedf2
                0x000000000800097c                __ltdf2
                0x000000000800097c                __ledf2
                0x0000000008000984                __nedf2
                0x0000000008000984                __eqdf2
                0x0000000008000984                __cmpdf2
                0x0000000008000a00                __aeabi_cdrcmple
                0x0000000008000a10                __aeabi_cdcmpeq
                0x0000000008000a10                __aeabi_cdcmple
                0x0000000008000a20                __aeabi_dcmpeq
                0x0000000008000a34                __aeabi_dcmplt
                0x0000000008000a48                __aeabi_dcmple
                0x0000000008000a5c                __aeabi_dcmpge
                0x0000000008000a70                __aeabi_dcmpgt
 .text          0x0000000008000a84       0x2c d:/program files/stm32cubeide_1.8.0/stm32cubeide/plugins/com.st.stm32cube.ide.mcu.externaltools.gnu-tools-for-stm32.9-2020-q2-update.win32_2.0.0.202105311346/tools/bin/../lib/gcc/arm-none-eabi/9.3.1/thumb/v7-m/nofp\libgcc.a(_arm_unorddf2.o)
                0x0000000008000a84                __unorddf2
                0x0000000008000a84                __aeabi_dcmpun
 .text          0x0000000008000ab0       0x50 d:/program files/stm32cubeide_1.8.0/stm32cubeide/plugins/com.st.stm32cube.ide.mcu.externaltools.gnu-tools-for-stm32.9-2020-q2-update.win32_2.0.0.202105311346/tools/bin/../lib/gcc/arm-none-eabi/9.3.1/thumb/v7-m/nofp\libgcc.a(_arm_fixdfsi.o)
                0x0000000008000ab0                __aeabi_d2iz
                0x0000000008000ab0                __fixdfsi
 .text          0x0000000008000b00       0x40 d:/program files/stm32cubeide_1.8.0/stm32cubeide/plugins/com.st.stm32cube.ide.mcu.externaltools.gnu-tools-for-stm32.9-2020-q2-update.win32_2.0.0.202105311346/tools/bin/../lib/gcc/arm-none-eabi/9.3.1/thumb/v7-m/nofp\libgcc.a(_arm_fixunsdfsi.o)
                0x0000000008000b00                __aeabi_d2uiz
                0x0000000008000b00                __fixunsdfsi
 .text          0x0000000008000b40       0xa0 d:/program files/stm32cubeide_1.8.0/stm32cubeide/plugins/com.st.stm32cube.ide.mcu.externaltools.gnu-tools-for-stm32.9-2020-q2-update.win32_2.0.0.202105311346/tools/bin/../lib/gcc/arm-none-eabi/9.3.1/thumb/v7-m/nofp\libgcc.a(_arm_truncdfsf2.o)
                0x0000000008000b40                __truncdfsf2
                0x0000000008000b40                __aeabi_d2f
 .text          0x0000000008000be0      0x21c d:/program files/stm32cubeide_1.8.0/stm32cubeide/plugins/com.st.stm32cube.ide.mcu.externaltools.gnu-tools-for-stm32.9-2020-q2-update.win32_2.0.0.202105311346/tools/bin/../lib/gcc/arm-none-eabi/9.3.1/thumb/v7-m/nofp\libgcc.a(_arm_addsubsf3.o)
                0x0000000008000be0                __aeabi_frsub
                0x0000000008000be8                __subsf3
                0x0000000008000be8                __aeabi_fsub
                0x0000000008000bec                __aeabi_fadd
                0x0000000008000bec                __addsf3
                0x0000000008000d4c                __aeabi_ui2f
                0x0000000008000d4c                __floatunsisf
                0x0000000008000d54                __aeabi_i2f
                0x0000000008000d54                __floatsisf
                0x0000000008000d70                __aeabi_ul2f
                0x0000000008000d70                __floatundisf
                0x0000000008000d80                __aeabi_l2f
                0x0000000008000d80                __floatdisf
 .text          0x0000000008000dfc      0x2a0 d:/program files/stm32cubeide_1.8.0/stm32cubeide/plugins/com.st.stm32cube.ide.mcu.externaltools.gnu-tools-for-stm32.9-2020-q2-update.win32_2.0.0.202105311346/tools/bin/../lib/gcc/arm-none-eabi/9.3.1/thumb/v7-m/nofp\libgcc.a(_arm_muldivsf3.o)
                0x0000000008000dfc                __mulsf3
                0x0000000008000dfc                __aeabi_fmul
                0x0000000008000f64                __aeabi_fdiv
                0x0000000008000f64                __divsf3
 .text          0x000000000800109c       0xec d:/program files/stm32cubeide_1.8.0/stm32cubeide/plugins/com.st.stm32cube.ide.mcu.externaltools.gnu-tools-for-stm32.9-2020-q2-update.win32_2.0.0.202105311346/tools/bin/../lib/gcc/arm-none-eabi/9.3.1/thumb/v7-m/nofp\libgcc.a(_arm_cmpsf2.o)
                0x000000000800109c                __gesf2
                0x000000000800109c                __gtsf2
                0x00000000080010a4                __lesf2
                0x00000000080010a4                __ltsf2
                0x00000000080010ac                __nesf2
                0x00000000080010ac                __eqsf2
                0x00000000080010ac                __cmpsf2
                0x000000000800110c                __aeabi_cfrcmple
                0x0000000008001114                __aeabi_cfcmpeq
                0x0000000008001114                __aeabi_cfcmple
                0x0000000008001124                __aeabi_fcmpeq
                0x0000000008001138                __aeabi_fcmplt
                0x000000000800114c                __aeabi_fcmple
                0x0000000008001160                __aeabi_fcmpge
                0x0000000008001174                __aeabi_fcmpgt
 .text          0x0000000008001188       0x2c d:/program files/stm32cubeide_1.8.0/stm32cubeide/plugins/com.st.stm32cube.ide.mcu.externaltools.gnu-tools-for-stm32.9-2020-q2-update.win32_2.0.0.202105311346/tools/bin/../lib/gcc/arm-none-eabi/9.3.1/thumb/v7-m/nofp\libgcc.a(_arm_unordsf2.o)
                0x0000000008001188                __unordsf2
                0x0000000008001188                __aeabi_fcmpun
 .text          0x00000000080011b4       0x4c d:/program files/stm32cubeide_1.8.0/stm32cubeide/plugins/com.st.stm32cube.ide.mcu.externaltools.gnu-tools-for-stm32.9-2020-q2-update.win32_2.0.0.202105311346/tools/bin/../lib/gcc/arm-none-eabi/9.3.1/thumb/v7-m/nofp\libgcc.a(_arm_fixsfsi.o)
                0x00000000080011b4                __aeabi_f2iz
                0x00000000080011b4                __fixsfsi
 .text          0x0000000008001200       0x40 d:/program files/stm32cubeide_1.8.0/stm32cubeide/plugins/com.st.stm32cube.ide.mcu.externaltools.gnu-tools-for-stm32.9-2020-q2-update.win32_2.0.0.202105311346/tools/bin/../lib/gcc/arm-none-eabi/9.3.1/thumb/v7-m/nofp\libgcc.a(_arm_fixunssfsi.o)
                0x0000000008001200                __fixunssfsi
                0x0000000008001200                __aeabi_f2uiz
 .text          0x0000000008001240       0x30 d:/program files/stm32cubeide_1.8.0/stm32cubeide/plugins/com.st.stm32cube.ide.mcu.externaltools.gnu-tools-for-stm32.9-2020-q2-update.win32_2.0.0.202105311346/tools/bin/../lib/gcc/arm-none-eabi/9.3.1/thumb/v7-m/nofp\libgcc.a(_aeabi_uldivmod.o)
                0x0000000008001240                __aeabi_uldivmod
 .text          0x0000000008001270      0x2c4 d:/program files/stm32cubeide_1.8.0/stm32cubeide/plugins/com.st.stm32cube.ide.mcu.externaltools.gnu-tools-for-stm32.9-2020-q2-update.win32_2.0.0.202105311346/tools/bin/../lib/gcc/arm-none-eabi/9.3.1/thumb/v7-m/nofp\libgcc.a(_udivmoddi4.o)
                0x0000000008001270                __udivmoddi4
 .text          0x0000000008001534        0x4 d:/program files/stm32cubeide_1.8.0/stm32cubeide/plugins/com.st.stm32cube.ide.mcu.externaltools.gnu-tools-for-stm32.9-2020-q2-update.win32_2.0.0.202105311346/tools/bin/../lib/gcc/arm-none-eabi/9.3.1/thumb/v7-m/nofp\libgcc.a(_dvmd_tls.o)
                0x0000000008001534                __aeabi_idiv0
                0x0000000008001534                __aeabi_ldiv0
 *(.text*)
 .text._Z7readBithhhPh
                0x0000000008001538       0x88 ./Core/Src/I2Cdev.o
                0x0000000008001538                readBit(unsigned char, unsigned char, unsigned char, unsigned char*)
 .text._Z8readBitshhhhPh
                0x00000000080015c0       0xbc ./Core/Src/I2Cdev.o
                0x00000000080015c0                readBits(unsigned char, unsigned char, unsigned char, unsigned char, unsigned char*)
 .text._Z8readBytehhPh
                0x000000000800167c       0x74 ./Core/Src/I2Cdev.o
                0x000000000800167c                readByte(unsigned char, unsigned char, unsigned char*)
 .text._Z9readByteshhhPh
                0x00000000080016f0       0xec ./Core/Src/I2Cdev.o
                0x00000000080016f0                readBytes(unsigned char, unsigned char, unsigned char, unsigned char*)
 .text._Z8writeBithhhh
                0x00000000080017dc       0xf8 ./Core/Src/I2Cdev.o
                0x00000000080017dc                writeBit(unsigned char, unsigned char, unsigned char, unsigned char)
 .text._Z9writeBitshhhhh
                0x00000000080018d4      0x118 ./Core/Src/I2Cdev.o
                0x00000000080018d4                writeBits(unsigned char, unsigned char, unsigned char, unsigned char, unsigned char)
 .text._Z9writeBytehhh
                0x00000000080019ec       0x70 ./Core/Src/I2Cdev.o
                0x00000000080019ec                writeByte(unsigned char, unsigned char, unsigned char)
 .text._Z9writeWordhht
                0x0000000008001a5c       0x78 ./Core/Src/I2Cdev.o
                0x0000000008001a5c                writeWord(unsigned char, unsigned char, unsigned short)
 .text._Z10writeByteshhhPh
                0x0000000008001ad4       0x8c ./Core/Src/I2Cdev.o
                0x0000000008001ad4                writeBytes(unsigned char, unsigned char, unsigned char, unsigned char*)
 .text._ZSt3cosf
                0x0000000008001b60       0x18 ./Core/Src/MPU6050.o
                0x0000000008001b60                std::cos(float)
 .text._ZSt3sinf
                0x0000000008001b78       0x18 ./Core/Src/MPU6050.o
                0x0000000008001b78                std::sin(float)
 .text._ZSt4sqrtf
                0x0000000008001b90       0x18 ./Core/Src/MPU6050.o
                0x0000000008001b90                std::sqrt(float)
 .text._Z17MPU6050_resetFIFOv
                0x0000000008001ba8       0x14 ./Core/Src/MPU6050.o
                0x0000000008001ba8                MPU6050_resetFIFO()
 .text._Z28MPU6050_WaitForQuaternionSetv
                0x0000000008001bbc       0x64 ./Core/Src/MPU6050.o
                0x0000000008001bbc                MPU6050_WaitForQuaternionSet()
 .text._Z28MPU6050_ConvertToQuaternionsv
                0x0000000008001c20      0x11c ./Core/Src/MPU6050.o
                0x0000000008001c20                MPU6050_ConvertToQuaternions()
 .text._Z27MPU6050_GetOriginQuaternionv
                0x0000000008001d3c       0x34 ./Core/Src/MPU6050.o
                0x0000000008001d3c                MPU6050_GetOriginQuaternion()
 .text._Z28update_FrameOriginQuaternionv
                0x0000000008001d70      0x128 ./Core/Src/MPU6050.o
                0x0000000008001d70                update_FrameOriginQuaternion()
 .text._Z12MPU6050_initv
                0x0000000008001e98       0xbc ./Core/Src/MPU6050.o
                0x0000000008001e98                MPU6050_init()
 .text._Z19MPU6050_calibrationv
                0x0000000008001f54      0x340 ./Core/Src/MPU6050.o
                0x0000000008001f54                MPU6050_calibration()
 .text._Z17QuaternionProductPfS_
                0x0000000008002294      0x210 ./Core/Src/MPU6050.o
                0x0000000008002294                QuaternionProduct(float*, float*)
 .text._Z17QuaternionInversePf
                0x00000000080024a4       0x4c ./Core/Src/MPU6050.o
                0x00000000080024a4                QuaternionInverse(float*)
 .text._Z15QuaternionSLERPPfS_
                0x00000000080024f0       0x24 ./Core/Src/MPU6050.o
                0x00000000080024f0                QuaternionSLERP(float*, float*)
 .text._Z19QuaternionNormalizePf
                0x0000000008002514       0xec ./Core/Src/MPU6050.o
                0x0000000008002514                QuaternionNormalize(float*)
 .text._ZN7MPU6050C2Ev
                0x0000000008002600       0x1a ./Core/Src/MPU6050.o
                0x0000000008002600                MPU6050::MPU6050()
                0x0000000008002600                MPU6050::MPU6050()
 .text._ZN7MPU605010initializeEv
                0x000000000800261a       0x30 ./Core/Src/MPU6050.o
                0x000000000800261a                MPU6050::initialize()
 .text._ZN7MPU60507setRateEh
                0x000000000800264a       0x22 ./Core/Src/MPU6050.o
                0x000000000800264a                MPU6050::setRate(unsigned char)
 .text._ZN7MPU605020setExternalFrameSyncEh
                0x000000000800266c       0x26 ./Core/Src/MPU6050.o
                0x000000000800266c                MPU6050::setExternalFrameSync(unsigned char)
 .text._ZN7MPU605011setDLPFModeEh
                0x0000000008002692       0x26 ./Core/Src/MPU6050.o
                0x0000000008002692                MPU6050::setDLPFMode(unsigned char)
 .text._ZN7MPU605021setFullScaleGyroRangeEh
                0x00000000080026b8       0x26 ./Core/Src/MPU6050.o
                0x00000000080026b8                MPU6050::setFullScaleGyroRange(unsigned char)
 .text._ZN7MPU605022setFullScaleAccelRangeEh
                0x00000000080026de       0x26 ./Core/Src/MPU6050.o
                0x00000000080026de                MPU6050::setFullScaleAccelRange(unsigned char)
 .text._ZN7MPU605027setMotionDetectionThresholdEh
                0x0000000008002704       0x22 ./Core/Src/MPU6050.o
                0x0000000008002704                MPU6050::setMotionDetectionThreshold(unsigned char)
 .text._ZN7MPU605026setMotionDetectionDurationEh
                0x0000000008002726       0x22 ./Core/Src/MPU6050.o
                0x0000000008002726                MPU6050::setMotionDetectionDuration(unsigned char)
 .text._ZN7MPU605031setZeroMotionDetectionThresholdEh
                0x0000000008002748       0x22 ./Core/Src/MPU6050.o
                0x0000000008002748                MPU6050::setZeroMotionDetectionThreshold(unsigned char)
 .text._ZN7MPU605030setZeroMotionDetectionDurationEh
                0x000000000800276a       0x22 ./Core/Src/MPU6050.o
                0x000000000800276a                MPU6050::setZeroMotionDetectionDuration(unsigned char)
 .text._ZN7MPU605015setSlaveAddressEhh
                0x000000000800278c       0x3a ./Core/Src/MPU6050.o
                0x000000000800278c                MPU6050::setSlaveAddress(unsigned char, unsigned char)
 .text._ZN7MPU605013setIntEnabledEh
                0x00000000080027c6       0x22 ./Core/Src/MPU6050.o
                0x00000000080027c6                MPU6050::setIntEnabled(unsigned char)
 .text._ZN7MPU605012getIntStatusEv
                0x00000000080027e8       0x24 ./Core/Src/MPU6050.o
                0x00000000080027e8                MPU6050::getIntStatus()
 .text._ZN7MPU605014setFIFOEnabledEb
                0x000000000800280c       0x22 ./Core/Src/MPU6050.o
                0x000000000800280c                MPU6050::setFIFOEnabled(bool)
 .text._ZN7MPU605023setI2CMasterModeEnabledEb
                0x000000000800282e       0x22 ./Core/Src/MPU6050.o
                0x000000000800282e                MPU6050::setI2CMasterModeEnabled(bool)
 .text._ZN7MPU60509resetFIFOEv
                0x0000000008002850       0x1e ./Core/Src/MPU6050.o
                0x0000000008002850                MPU6050::resetFIFO()
 .text._ZN7MPU605014resetI2CMasterEv
                0x000000000800286e       0x1e ./Core/Src/MPU6050.o
                0x000000000800286e                MPU6050::resetI2CMaster()
 .text._ZN7MPU60505resetEv
                0x000000000800288c       0x1e ./Core/Src/MPU6050.o
                0x000000000800288c                MPU6050::reset()
 .text._ZN7MPU605015setSleepEnabledEb
                0x00000000080028aa       0x22 ./Core/Src/MPU6050.o
                0x00000000080028aa                MPU6050::setSleepEnabled(bool)
 .text._ZN7MPU605014setClockSourceEh
                0x00000000080028cc       0x26 ./Core/Src/MPU6050.o
                0x00000000080028cc                MPU6050::setClockSource(unsigned char)
 .text._ZN7MPU605012getFIFOCountEv
                0x00000000080028f2       0x34 ./Core/Src/MPU6050.o
                0x00000000080028f2                MPU6050::getFIFOCount()
 .text._ZN7MPU605012getFIFOBytesEPhh
                0x0000000008002926       0x32 ./Core/Src/MPU6050.o
                0x0000000008002926                MPU6050::getFIFOBytes(unsigned char*, unsigned char)
 .text._ZN7MPU605015setOTPBankValidEb
                0x0000000008002958       0x22 ./Core/Src/MPU6050.o
                0x0000000008002958                MPU6050::setOTPBankValid(bool)
 .text._ZN7MPU605016getXGyroOffsetTCEv
                0x000000000800297a       0x2a ./Core/Src/MPU6050.o
                0x000000000800297a                MPU6050::getXGyroOffsetTC()
 .text._ZN7MPU605016setXGyroOffsetTCEa
                0x00000000080029a4       0x26 ./Core/Src/MPU6050.o
                0x00000000080029a4                MPU6050::setXGyroOffsetTC(signed char)
 .text._ZN7MPU605016getYGyroOffsetTCEv
                0x00000000080029ca       0x2a ./Core/Src/MPU6050.o
                0x00000000080029ca                MPU6050::getYGyroOffsetTC()
 .text._ZN7MPU605016setYGyroOffsetTCEa
                0x00000000080029f4       0x26 ./Core/Src/MPU6050.o
                0x00000000080029f4                MPU6050::setYGyroOffsetTC(signed char)
 .text._ZN7MPU605016getZGyroOffsetTCEv
                0x0000000008002a1a       0x2a ./Core/Src/MPU6050.o
                0x0000000008002a1a                MPU6050::getZGyroOffsetTC()
 .text._ZN7MPU605016setZGyroOffsetTCEa
                0x0000000008002a44       0x26 ./Core/Src/MPU6050.o
                0x0000000008002a44                MPU6050::setZGyroOffsetTC(signed char)
 .text._ZN7MPU605015setXAccelOffsetEs
                0x0000000008002a6a       0x22 ./Core/Src/MPU6050.o
                0x0000000008002a6a                MPU6050::setXAccelOffset(short)
 .text._ZN7MPU605015setYAccelOffsetEs
                0x0000000008002a8c       0x22 ./Core/Src/MPU6050.o
                0x0000000008002a8c                MPU6050::setYAccelOffset(short)
 .text._ZN7MPU605015setZAccelOffsetEs
                0x0000000008002aae       0x22 ./Core/Src/MPU6050.o
                0x0000000008002aae                MPU6050::setZAccelOffset(short)
 .text._ZN7MPU605014setXGyroOffsetEs
                0x0000000008002ad0       0x22 ./Core/Src/MPU6050.o
                0x0000000008002ad0                MPU6050::setXGyroOffset(short)
 .text._ZN7MPU605014setYGyroOffsetEs
                0x0000000008002af2       0x22 ./Core/Src/MPU6050.o
                0x0000000008002af2                MPU6050::setYGyroOffset(short)
 .text._ZN7MPU605014setZGyroOffsetEs
                0x0000000008002b14       0x22 ./Core/Src/MPU6050.o
                0x0000000008002b14                MPU6050::setZGyroOffset(short)
 .text._ZN7MPU605013getDMPEnabledEv
                0x0000000008002b36       0x2e ./Core/Src/MPU6050.o
                0x0000000008002b36                MPU6050::getDMPEnabled()
 .text._ZN7MPU605013setDMPEnabledEb
                0x0000000008002b64       0x22 ./Core/Src/MPU6050.o
                0x0000000008002b64                MPU6050::setDMPEnabled(bool)
 .text._ZN7MPU60508resetDMPEv
                0x0000000008002b86       0x1e ./Core/Src/MPU6050.o
                0x0000000008002b86                MPU6050::resetDMP()
 .text._ZN7MPU605013setMemoryBankEhbb
                0x0000000008002ba4       0x54 ./Core/Src/MPU6050.o
                0x0000000008002ba4                MPU6050::setMemoryBank(unsigned char, bool, bool)
 .text._ZN7MPU605021setMemoryStartAddressEh
                0x0000000008002bf8       0x22 ./Core/Src/MPU6050.o
                0x0000000008002bf8                MPU6050::setMemoryStartAddress(unsigned char)
 .text._ZN7MPU605015readMemoryBlockEPhthh
                0x0000000008002c1a       0xcc ./Core/Src/MPU6050.o
                0x0000000008002c1a                MPU6050::readMemoryBlock(unsigned char*, unsigned short, unsigned char, unsigned char)
 .text._ZN7MPU605016writeMemoryBlockEPKhthhbb
                0x0000000008002ce6      0x1aa ./Core/Src/MPU6050.o
                0x0000000008002ce6                MPU6050::writeMemoryBlock(unsigned char const*, unsigned short, unsigned char, unsigned char, bool, bool)
 .text._ZN7MPU605020writeProgMemoryBlockEPKhthhb
                0x0000000008002e90       0x3a ./Core/Src/MPU6050.o
                0x0000000008002e90                MPU6050::writeProgMemoryBlock(unsigned char const*, unsigned short, unsigned char, unsigned char, bool)
 .text._ZN7MPU605024writeDMPConfigurationSetEPKhtb
                0x0000000008002eca      0x190 ./Core/Src/MPU6050.o
                0x0000000008002eca                MPU6050::writeDMPConfigurationSet(unsigned char const*, unsigned short, bool)
 .text._ZN7MPU605028writeProgDMPConfigurationSetEPKht
                0x000000000800305a       0x24 ./Core/Src/MPU6050.o
                0x000000000800305a                MPU6050::writeProgDMPConfigurationSet(unsigned char const*, unsigned short)
 .text._ZN7MPU605013setDMPConfig1Eh
                0x000000000800307e       0x22 ./Core/Src/MPU6050.o
                0x000000000800307e                MPU6050::setDMPConfig1(unsigned char)
 .text._ZN7MPU605013setDMPConfig2Eh
                0x00000000080030a0       0x22 ./Core/Src/MPU6050.o
                0x00000000080030a0                MPU6050::setDMPConfig2(unsigned char)
 *fill*         0x00000000080030c2        0x2 
 .text._ZN7MPU605013dmpInitializeEv
                0x00000000080030c4      0x524 ./Core/Src/MPU6050.o
                0x00000000080030c4                MPU6050::dmpInitialize()
 .text._Z41__static_initialization_and_destruction_0ii
                0x00000000080035e8       0x2c ./Core/Src/MPU6050.o
 .text._GLOBAL__sub_I_MPUoutputQuaternion
                0x0000000008003614       0x10 ./Core/Src/MPU6050.o
 .text._ZSt4asinf
                0x0000000008003624       0x18 ./Core/Src/PID.o
                0x0000000008003624                std::asin(float)
 .text._ZSt4atanf
                0x000000000800363c       0x18 ./Core/Src/PID.o
                0x000000000800363c                std::atan(float)
 *fill*         0x0000000008003654        0x4 
 .text._Z17get_XW_diffAnglesv
                0x0000000008003658      0x164 ./Core/Src/PID.o
                0x0000000008003658                get_XW_diffAngles()
 .text._Z10update_PIDv
                0x00000000080037bc      0x38c ./Core/Src/PID.o
                0x00000000080037bc                update_PID()
 .text._Z12getPIDValuesv
                0x0000000008003b48      0x3d0 ./Core/Src/PID.o
                0x0000000008003b48                getPIDValues()
 .text._Z14getAngleOffsetv
                0x0000000008003f18       0x48 ./Core/Src/PID.o
                0x0000000008003f18                getAngleOffset()
 .text._Z16switchTuningModev
                0x0000000008003f60       0xa8 ./Core/Src/PID.o
                0x0000000008003f60                switchTuningMode()
 .text._Z16SBUS_RecieveBitsv
                0x0000000008004008      0x100 ./Core/Src/SBUS.o
                0x0000000008004008                SBUS_RecieveBits()
 .text._Z19SBUS_postProcessingv
                0x0000000008004108      0x23c ./Core/Src/SBUS.o
                0x0000000008004108                SBUS_postProcessing()
 .text.main     0x0000000008004344       0x74 ./Core/Src/main.o
                0x0000000008004344                main
 .text._Z18SystemClock_Configv
                0x00000000080043b8       0xa0 ./Core/Src/main.o
                0x00000000080043b8                SystemClock_Config()
 .text._ZL12MX_ADC1_Initv
                0x0000000008004458       0xb8 ./Core/Src/main.o
 .text.MX_I2C1_Init
                0x0000000008004510       0x68 ./Core/Src/main.o
                0x0000000008004510                MX_I2C1_Init
 .text._ZL12MX_TIM3_Initv
                0x0000000008004578       0xd0 ./Core/Src/main.o
 .text._ZL12MX_TIM4_Initv
                0x0000000008004648       0xd0 ./Core/Src/main.o
 .text._ZL13MX_TIM11_Initv
                0x0000000008004718       0x50 ./Core/Src/main.o
 .text._ZL12MX_GPIO_Initv
                0x0000000008004768      0x14c ./Core/Src/main.o
 .text.HAL_GPIO_EXTI_Callback
                0x00000000080048b4       0x44 ./Core/Src/main.o
                0x00000000080048b4                HAL_GPIO_EXTI_Callback
 .text.Error_Handler
                0x00000000080048f8        0xa ./Core/Src/main.o
                0x00000000080048f8                Error_Handler
 .text._ZSt5atan2ff
                0x0000000008004902       0x1c ./Core/Src/motorControl.o
                0x0000000008004902                std::atan2(float, float)
 *fill*         0x000000000800491e        0x2 
 .text._Z20updateMainMotorSpeedv
                0x0000000008004920      0x23c ./Core/Src/motorControl.o
                0x0000000008004920                updateMainMotorSpeed()
 .text._Z20updateTailMotorSpeedv
                0x0000000008004b5c       0x4c ./Core/Src/motorControl.o
                0x0000000008004b5c                updateTailMotorSpeed()
 .text._Z8PPM_initv
                0x0000000008004ba8       0x1c ./Core/Src/motorControl.o
                0x0000000008004ba8                PPM_init()
 .text._Z14ESCCalibrationv
                0x0000000008004bc4      0x1e4 ./Core/Src/motorControl.o
                0x0000000008004bc4                ESCCalibration()
 .text._ZSt4acosf
                0x0000000008004da8       0x18 ./Core/Src/realMain.o
                0x0000000008004da8                std::acos(float)
 .text._Z4loopv
                0x0000000008004dc0      0x4cc ./Core/Src/realMain.o
                0x0000000008004dc0                loop()
 .text.HAL_MspInit
                0x000000000800528c       0x4c ./Core/Src/stm32f2xx_hal_msp.o
                0x000000000800528c                HAL_MspInit
 .text.HAL_ADC_MspInit
                0x00000000080052d8       0x88 ./Core/Src/stm32f2xx_hal_msp.o
                0x00000000080052d8                HAL_ADC_MspInit
 .text.HAL_I2C_MspInit
                0x0000000008005360       0x90 ./Core/Src/stm32f2xx_hal_msp.o
                0x0000000008005360                HAL_I2C_MspInit
 .text.HAL_TIM_PWM_MspInit
                0x00000000080053f0       0x6c ./Core/Src/stm32f2xx_hal_msp.o
                0x00000000080053f0                HAL_TIM_PWM_MspInit
 .text.HAL_TIM_Base_MspInit
                0x000000000800545c       0x40 ./Core/Src/stm32f2xx_hal_msp.o
                0x000000000800545c                HAL_TIM_Base_MspInit
 .text.HAL_TIM_MspPostInit
                0x000000000800549c       0xc4 ./Core/Src/stm32f2xx_hal_msp.o
                0x000000000800549c                HAL_TIM_MspPostInit
 .text.NMI_Handler
                0x0000000008005560        0xa ./Core/Src/stm32f2xx_it.o
                0x0000000008005560                NMI_Handler
 .text.HardFault_Handler
                0x000000000800556a        0x6 ./Core/Src/stm32f2xx_it.o
                0x000000000800556a                HardFault_Handler
 .text.MemManage_Handler
                0x0000000008005570        0x6 ./Core/Src/stm32f2xx_it.o
                0x0000000008005570                MemManage_Handler
 .text.BusFault_Handler
                0x0000000008005576        0x6 ./Core/Src/stm32f2xx_it.o
                0x0000000008005576                BusFault_Handler
 .text.UsageFault_Handler
                0x000000000800557c        0x6 ./Core/Src/stm32f2xx_it.o
                0x000000000800557c                UsageFault_Handler
 .text.SVC_Handler
                0x0000000008005582        0xc ./Core/Src/stm32f2xx_it.o
                0x0000000008005582                SVC_Handler
 .text.DebugMon_Handler
                0x000000000800558e        0xc ./Core/Src/stm32f2xx_it.o
                0x000000000800558e                DebugMon_Handler
 .text.PendSV_Handler
                0x000000000800559a        0xc ./Core/Src/stm32f2xx_it.o
                0x000000000800559a                PendSV_Handler
 .text.SysTick_Handler
                0x00000000080055a6        0xc ./Core/Src/stm32f2xx_it.o
                0x00000000080055a6                SysTick_Handler
 .text.EXTI0_IRQHandler
                0x00000000080055b2        0xe ./Core/Src/stm32f2xx_it.o
                0x00000000080055b2                EXTI0_IRQHandler
 .text.OTG_FS_IRQHandler
                0x00000000080055c0       0x14 ./Core/Src/stm32f2xx_it.o
                0x00000000080055c0                OTG_FS_IRQHandler
 .text._getpid  0x00000000080055d4        0xe ./Core/Src/syscalls.o
                0x00000000080055d4                _getpid
 .text._kill    0x00000000080055e2       0x20 ./Core/Src/syscalls.o
                0x00000000080055e2                _kill
 .text._exit    0x0000000008005602       0x14 ./Core/Src/syscalls.o
                0x0000000008005602                _exit
 .text._read    0x0000000008005616       0x3a ./Core/Src/syscalls.o
                0x0000000008005616                _read
 .text._write   0x0000000008005650       0x38 ./Core/Src/syscalls.o
                0x0000000008005650                _write
 .text._close   0x0000000008005688       0x16 ./Core/Src/syscalls.o
                0x0000000008005688                _close
 .text._fstat   0x000000000800569e       0x1e ./Core/Src/syscalls.o
                0x000000000800569e                _fstat
 .text._isatty  0x00000000080056bc       0x14 ./Core/Src/syscalls.o
                0x00000000080056bc                _isatty
 .text._lseek   0x00000000080056d0       0x18 ./Core/Src/syscalls.o
                0x00000000080056d0                _lseek
 .text._sbrk    0x00000000080056e8       0x6c ./Core/Src/sysmem.o
                0x00000000080056e8                _sbrk
 .text.SystemInit
                0x0000000008005754        0xc ./Core/Src/system_stm32f2xx.o
                0x0000000008005754                SystemInit
 .text.Reset_Handler
                0x0000000008005760       0x50 ./Core/Startup/startup_stm32f205rgtx.o
                0x0000000008005760                Reset_Handler
 .text.Default_Handler
                0x00000000080057b0        0x2 ./Core/Startup/startup_stm32f205rgtx.o
                0x00000000080057b0                RTC_Alarm_IRQHandler
                0x00000000080057b0                HASH_RNG_IRQHandler
                0x00000000080057b0                EXTI2_IRQHandler
                0x00000000080057b0                TIM8_CC_IRQHandler
                0x00000000080057b0                TIM1_CC_IRQHandler
                0x00000000080057b0                DMA2_Stream5_IRQHandler
                0x00000000080057b0                DMA1_Stream5_IRQHandler
                0x00000000080057b0                PVD_IRQHandler
                0x00000000080057b0                SDIO_IRQHandler
                0x00000000080057b0                TAMP_STAMP_IRQHandler
                0x00000000080057b0                CAN2_RX1_IRQHandler
                0x00000000080057b0                EXTI3_IRQHandler
                0x00000000080057b0                TIM8_TRG_COM_TIM14_IRQHandler
                0x00000000080057b0                TIM1_UP_TIM10_IRQHandler
                0x00000000080057b0                TIM8_UP_TIM13_IRQHandler
                0x00000000080057b0                I2C3_ER_IRQHandler
                0x00000000080057b0                I2C2_EV_IRQHandler
                0x00000000080057b0                DMA1_Stream2_IRQHandler
                0x00000000080057b0                CAN1_RX0_IRQHandler
                0x00000000080057b0                OTG_HS_WKUP_IRQHandler
                0x00000000080057b0                CAN2_SCE_IRQHandler
                0x00000000080057b0                DMA2_Stream2_IRQHandler
                0x00000000080057b0                SPI1_IRQHandler
                0x00000000080057b0                TIM6_DAC_IRQHandler
                0x00000000080057b0                TIM1_BRK_TIM9_IRQHandler
                0x00000000080057b0                CAN2_RX0_IRQHandler
                0x00000000080057b0                DMA2_Stream3_IRQHandler
                0x00000000080057b0                USART6_IRQHandler
                0x00000000080057b0                USART3_IRQHandler
                0x00000000080057b0                CAN1_RX1_IRQHandler
                0x00000000080057b0                UART5_IRQHandler
                0x00000000080057b0                DMA2_Stream0_IRQHandler
                0x00000000080057b0                TIM4_IRQHandler
                0x00000000080057b0                I2C1_EV_IRQHandler
                0x00000000080057b0                DMA1_Stream6_IRQHandler
                0x00000000080057b0                DMA1_Stream1_IRQHandler
                0x00000000080057b0                UART4_IRQHandler
                0x00000000080057b0                TIM3_IRQHandler
                0x00000000080057b0                RCC_IRQHandler
                0x00000000080057b0                TIM8_BRK_TIM12_IRQHandler
                0x00000000080057b0                Default_Handler
                0x00000000080057b0                EXTI15_10_IRQHandler
                0x00000000080057b0                ADC_IRQHandler
                0x00000000080057b0                DMA1_Stream7_IRQHandler
                0x00000000080057b0                TIM7_IRQHandler
                0x00000000080057b0                CAN2_TX_IRQHandler
                0x00000000080057b0                TIM5_IRQHandler
                0x00000000080057b0                DMA2_Stream7_IRQHandler
                0x00000000080057b0                I2C3_EV_IRQHandler
                0x00000000080057b0                EXTI9_5_IRQHandler
                0x00000000080057b0                RTC_WKUP_IRQHandler
                0x00000000080057b0                SPI2_IRQHandler
                0x00000000080057b0                OTG_HS_EP1_IN_IRQHandler
                0x00000000080057b0                DMA1_Stream0_IRQHandler
                0x00000000080057b0                CAN1_TX_IRQHandler
                0x00000000080057b0                EXTI4_IRQHandler
                0x00000000080057b0                FSMC_IRQHandler
                0x00000000080057b0                OTG_HS_EP1_OUT_IRQHandler
                0x00000000080057b0                WWDG_IRQHandler
                0x00000000080057b0                TIM2_IRQHandler
                0x00000000080057b0                OTG_FS_WKUP_IRQHandler
                0x00000000080057b0                TIM1_TRG_COM_TIM11_IRQHandler
                0x00000000080057b0                OTG_HS_IRQHandler
                0x00000000080057b0                EXTI1_IRQHandler
                0x00000000080057b0                USART2_IRQHandler
                0x00000000080057b0                I2C2_ER_IRQHandler
                0x00000000080057b0                DMA2_Stream1_IRQHandler
                0x00000000080057b0                CAN1_SCE_IRQHandler
                0x00000000080057b0                FLASH_IRQHandler
                0x00000000080057b0                DMA2_Stream4_IRQHandler
                0x00000000080057b0                USART1_IRQHandler
                0x00000000080057b0                SPI3_IRQHandler
                0x00000000080057b0                DMA1_Stream4_IRQHandler
                0x00000000080057b0                I2C1_ER_IRQHandler
                0x00000000080057b0                DMA2_Stream6_IRQHandler
                0x00000000080057b0                DMA1_Stream3_IRQHandler
 *fill*         0x00000000080057b2        0x2 
 .text.HAL_Init
                0x00000000080057b4       0x44 ./Drivers/STM32F2xx_HAL_Driver/Src/stm32f2xx_hal.o
                0x00000000080057b4                HAL_Init
 .text.HAL_InitTick
                0x00000000080057f8       0x60 ./Drivers/STM32F2xx_HAL_Driver/Src/stm32f2xx_hal.o
                0x00000000080057f8                HAL_InitTick
 .text.HAL_IncTick
                0x0000000008005858       0x24 ./Drivers/STM32F2xx_HAL_Driver/Src/stm32f2xx_hal.o
                0x0000000008005858                HAL_IncTick
 .text.HAL_GetTick
                0x000000000800587c       0x14 ./Drivers/STM32F2xx_HAL_Driver/Src/stm32f2xx_hal.o
                0x000000000800587c                HAL_GetTick
 .text.HAL_Delay
                0x0000000008005890       0x48 ./Drivers/STM32F2xx_HAL_Driver/Src/stm32f2xx_hal.o
                0x0000000008005890                HAL_Delay
 .text.HAL_ADC_Init
                0x00000000080058d8       0x86 ./Drivers/STM32F2xx_HAL_Driver/Src/stm32f2xx_hal_adc.o
                0x00000000080058d8                HAL_ADC_Init
 *fill*         0x000000000800595e        0x2 
 .text.HAL_ADC_Start
                0x0000000008005960      0x160 ./Drivers/STM32F2xx_HAL_Driver/Src/stm32f2xx_hal_adc.o
                0x0000000008005960                HAL_ADC_Start
 .text.HAL_ADC_ConfigChannel
                0x0000000008005ac0      0x240 ./Drivers/STM32F2xx_HAL_Driver/Src/stm32f2xx_hal_adc.o
                0x0000000008005ac0                HAL_ADC_ConfigChannel
 .text.ADC_Init
                0x0000000008005d00      0x20c ./Drivers/STM32F2xx_HAL_Driver/Src/stm32f2xx_hal_adc.o
 .text.__NVIC_SetPriorityGrouping
                0x0000000008005f0c       0x48 ./Drivers/STM32F2xx_HAL_Driver/Src/stm32f2xx_hal_cortex.o
 .text.__NVIC_GetPriorityGrouping
                0x0000000008005f54       0x1c ./Drivers/STM32F2xx_HAL_Driver/Src/stm32f2xx_hal_cortex.o
 .text.__NVIC_EnableIRQ
                0x0000000008005f70       0x38 ./Drivers/STM32F2xx_HAL_Driver/Src/stm32f2xx_hal_cortex.o
 .text.__NVIC_DisableIRQ
                0x0000000008005fa8       0x48 ./Drivers/STM32F2xx_HAL_Driver/Src/stm32f2xx_hal_cortex.o
 .text.__NVIC_SetPriority
                0x0000000008005ff0       0x54 ./Drivers/STM32F2xx_HAL_Driver/Src/stm32f2xx_hal_cortex.o
 .text.NVIC_EncodePriority
                0x0000000008006044       0x64 ./Drivers/STM32F2xx_HAL_Driver/Src/stm32f2xx_hal_cortex.o
 .text.SysTick_Config
                0x00000000080060a8       0x44 ./Drivers/STM32F2xx_HAL_Driver/Src/stm32f2xx_hal_cortex.o
 .text.HAL_NVIC_SetPriorityGrouping
                0x00000000080060ec       0x16 ./Drivers/STM32F2xx_HAL_Driver/Src/stm32f2xx_hal_cortex.o
                0x00000000080060ec                HAL_NVIC_SetPriorityGrouping
 .text.HAL_NVIC_SetPriority
                0x0000000008006102       0x38 ./Drivers/STM32F2xx_HAL_Driver/Src/stm32f2xx_hal_cortex.o
                0x0000000008006102                HAL_NVIC_SetPriority
 .text.HAL_NVIC_EnableIRQ
                0x000000000800613a       0x1c ./Drivers/STM32F2xx_HAL_Driver/Src/stm32f2xx_hal_cortex.o
                0x000000000800613a                HAL_NVIC_EnableIRQ
 .text.HAL_NVIC_DisableIRQ
                0x0000000008006156       0x1c ./Drivers/STM32F2xx_HAL_Driver/Src/stm32f2xx_hal_cortex.o
                0x0000000008006156                HAL_NVIC_DisableIRQ
 .text.HAL_SYSTICK_Config
                0x0000000008006172       0x18 ./Drivers/STM32F2xx_HAL_Driver/Src/stm32f2xx_hal_cortex.o
                0x0000000008006172                HAL_SYSTICK_Config
 *fill*         0x000000000800618a        0x2 
 .text.HAL_GPIO_Init
                0x000000000800618c      0x33c ./Drivers/STM32F2xx_HAL_Driver/Src/stm32f2xx_hal_gpio.o
                0x000000000800618c                HAL_GPIO_Init
 .text.HAL_GPIO_ReadPin
                0x00000000080064c8       0x2e ./Drivers/STM32F2xx_HAL_Driver/Src/stm32f2xx_hal_gpio.o
                0x00000000080064c8                HAL_GPIO_ReadPin
 .text.HAL_GPIO_WritePin
                0x00000000080064f6       0x30 ./Drivers/STM32F2xx_HAL_Driver/Src/stm32f2xx_hal_gpio.o
                0x00000000080064f6                HAL_GPIO_WritePin
 .text.HAL_GPIO_TogglePin
                0x0000000008006526       0x32 ./Drivers/STM32F2xx_HAL_Driver/Src/stm32f2xx_hal_gpio.o
                0x0000000008006526                HAL_GPIO_TogglePin
 .text.HAL_GPIO_EXTI_IRQHandler
                0x0000000008006558       0x30 ./Drivers/STM32F2xx_HAL_Driver/Src/stm32f2xx_hal_gpio.o
                0x0000000008006558                HAL_GPIO_EXTI_IRQHandler
 .text.HAL_I2C_Init
                0x0000000008006588      0x288 ./Drivers/STM32F2xx_HAL_Driver/Src/stm32f2xx_hal_i2c.o
                0x0000000008006588                HAL_I2C_Init
 .text.HAL_I2C_Mem_Write
                0x0000000008006810      0x1f4 ./Drivers/STM32F2xx_HAL_Driver/Src/stm32f2xx_hal_i2c.o
                0x0000000008006810                HAL_I2C_Mem_Write
 .text.HAL_I2C_Mem_Read
                0x0000000008006a04      0x44c ./Drivers/STM32F2xx_HAL_Driver/Src/stm32f2xx_hal_i2c.o
                0x0000000008006a04                HAL_I2C_Mem_Read
 .text.I2C_RequestMemoryWrite
                0x0000000008006e50      0x12c ./Drivers/STM32F2xx_HAL_Driver/Src/stm32f2xx_hal_i2c.o
 .text.I2C_RequestMemoryRead
                0x0000000008006f7c      0x1d0 ./Drivers/STM32F2xx_HAL_Driver/Src/stm32f2xx_hal_i2c.o
 .text.I2C_WaitOnFlagUntilTimeout
                0x000000000800714c       0xae ./Drivers/STM32F2xx_HAL_Driver/Src/stm32f2xx_hal_i2c.o
 .text.I2C_WaitOnMasterAddressFlagUntilTimeout
                0x00000000080071fa       0xfe ./Drivers/STM32F2xx_HAL_Driver/Src/stm32f2xx_hal_i2c.o
 .text.I2C_WaitOnTXEFlagUntilTimeout
                0x00000000080072f8       0x82 ./Drivers/STM32F2xx_HAL_Driver/Src/stm32f2xx_hal_i2c.o
 .text.I2C_WaitOnBTFFlagUntilTimeout
                0x000000000800737a       0x82 ./Drivers/STM32F2xx_HAL_Driver/Src/stm32f2xx_hal_i2c.o
 .text.I2C_WaitOnRXNEFlagUntilTimeout
                0x00000000080073fc       0xac ./Drivers/STM32F2xx_HAL_Driver/Src/stm32f2xx_hal_i2c.o
 .text.I2C_IsAcknowledgeFailed
                0x00000000080074a8       0x5c ./Drivers/STM32F2xx_HAL_Driver/Src/stm32f2xx_hal_i2c.o
 .text.HAL_PCD_Init
                0x0000000008007504      0x23a ./Drivers/STM32F2xx_HAL_Driver/Src/stm32f2xx_hal_pcd.o
                0x0000000008007504                HAL_PCD_Init
 .text.HAL_PCD_Start
                0x000000000800773e       0x44 ./Drivers/STM32F2xx_HAL_Driver/Src/stm32f2xx_hal_pcd.o
                0x000000000800773e                HAL_PCD_Start
 .text.HAL_PCD_IRQHandler
                0x0000000008007782      0x748 ./Drivers/STM32F2xx_HAL_Driver/Src/stm32f2xx_hal_pcd.o
                0x0000000008007782                HAL_PCD_IRQHandler
 .text.HAL_PCD_SetAddress
                0x0000000008007eca       0x4a ./Drivers/STM32F2xx_HAL_Driver/Src/stm32f2xx_hal_pcd.o
                0x0000000008007eca                HAL_PCD_SetAddress
 .text.HAL_PCD_EP_Open
                0x0000000008007f14       0xd0 ./Drivers/STM32F2xx_HAL_Driver/Src/stm32f2xx_hal_pcd.o
                0x0000000008007f14                HAL_PCD_EP_Open
 .text.HAL_PCD_EP_Close
                0x0000000008007fe4       0x94 ./Drivers/STM32F2xx_HAL_Driver/Src/stm32f2xx_hal_pcd.o
                0x0000000008007fe4                HAL_PCD_EP_Close
 .text.HAL_PCD_EP_Receive
                0x0000000008008078       0x96 ./Drivers/STM32F2xx_HAL_Driver/Src/stm32f2xx_hal_pcd.o
                0x0000000008008078                HAL_PCD_EP_Receive
 .text.HAL_PCD_EP_GetRxCount
                0x000000000800810e       0x2e ./Drivers/STM32F2xx_HAL_Driver/Src/stm32f2xx_hal_pcd.o
                0x000000000800810e                HAL_PCD_EP_GetRxCount
 .text.HAL_PCD_EP_Transmit
                0x000000000800813c       0x94 ./Drivers/STM32F2xx_HAL_Driver/Src/stm32f2xx_hal_pcd.o
                0x000000000800813c                HAL_PCD_EP_Transmit
 .text.HAL_PCD_EP_SetStall
                0x00000000080081d0       0xc8 ./Drivers/STM32F2xx_HAL_Driver/Src/stm32f2xx_hal_pcd.o
                0x00000000080081d0                HAL_PCD_EP_SetStall
 .text.HAL_PCD_EP_ClrStall
                0x0000000008008298       0xac ./Drivers/STM32F2xx_HAL_Driver/Src/stm32f2xx_hal_pcd.o
                0x0000000008008298                HAL_PCD_EP_ClrStall
 .text.PCD_WriteEmptyTxFifo
                0x0000000008008344      0x11a ./Drivers/STM32F2xx_HAL_Driver/Src/stm32f2xx_hal_pcd.o
 *fill*         0x000000000800845e        0x2 
 .text.PCD_EP_OutXfrComplete_int
                0x0000000008008460      0x218 ./Drivers/STM32F2xx_HAL_Driver/Src/stm32f2xx_hal_pcd.o
 .text.PCD_EP_OutSetupPacket_int
                0x0000000008008678       0x8c ./Drivers/STM32F2xx_HAL_Driver/Src/stm32f2xx_hal_pcd.o
 .text.HAL_PCDEx_SetTxFiFo
                0x0000000008008704       0x8c ./Drivers/STM32F2xx_HAL_Driver/Src/stm32f2xx_hal_pcd_ex.o
                0x0000000008008704                HAL_PCDEx_SetTxFiFo
 .text.HAL_PCDEx_SetRxFiFo
                0x0000000008008790       0x20 ./Drivers/STM32F2xx_HAL_Driver/Src/stm32f2xx_hal_pcd_ex.o
                0x0000000008008790                HAL_PCDEx_SetRxFiFo
 .text.HAL_RCC_OscConfig
                0x00000000080087b0      0x4a0 ./Drivers/STM32F2xx_HAL_Driver/Src/stm32f2xx_hal_rcc.o
                0x00000000080087b0                HAL_RCC_OscConfig
 .text.HAL_RCC_ClockConfig
                0x0000000008008c50      0x1d8 ./Drivers/STM32F2xx_HAL_Driver/Src/stm32f2xx_hal_rcc.o
                0x0000000008008c50                HAL_RCC_ClockConfig
 .text.HAL_RCC_EnableCSS
                0x0000000008008e28       0x18 ./Drivers/STM32F2xx_HAL_Driver/Src/stm32f2xx_hal_rcc.o
                0x0000000008008e28                HAL_RCC_EnableCSS
 .text.HAL_RCC_GetSysClockFreq
                0x0000000008008e40      0x1c0 ./Drivers/STM32F2xx_HAL_Driver/Src/stm32f2xx_hal_rcc.o
                0x0000000008008e40                HAL_RCC_GetSysClockFreq
 .text.HAL_RCC_GetHCLKFreq
                0x0000000008009000       0x14 ./Drivers/STM32F2xx_HAL_Driver/Src/stm32f2xx_hal_rcc.o
                0x0000000008009000                HAL_RCC_GetHCLKFreq
 .text.HAL_RCC_GetPCLK1Freq
                0x0000000008009014       0x44 ./Drivers/STM32F2xx_HAL_Driver/Src/stm32f2xx_hal_rcc.o
                0x0000000008009014                HAL_RCC_GetPCLK1Freq
 .text.HAL_RCC_NMI_IRQHandler
                0x0000000008009058       0x28 ./Drivers/STM32F2xx_HAL_Driver/Src/stm32f2xx_hal_rcc.o
                0x0000000008009058                HAL_RCC_NMI_IRQHandler
 .text.HAL_RCC_CSSCallback
                0x0000000008009080        0xc ./Drivers/STM32F2xx_HAL_Driver/Src/stm32f2xx_hal_rcc.o
                0x0000000008009080                HAL_RCC_CSSCallback
 .text.HAL_TIM_Base_Init
                0x000000000800908c       0x9e ./Drivers/STM32F2xx_HAL_Driver/Src/stm32f2xx_hal_tim.o
                0x000000000800908c                HAL_TIM_Base_Init
 *fill*         0x000000000800912a        0x2 
 .text.HAL_TIM_Base_Start
                0x000000000800912c       0xcc ./Drivers/STM32F2xx_HAL_Driver/Src/stm32f2xx_hal_tim.o
                0x000000000800912c                HAL_TIM_Base_Start
 .text.HAL_TIM_Base_Start_IT
                0x00000000080091f8       0xdc ./Drivers/STM32F2xx_HAL_Driver/Src/stm32f2xx_hal_tim.o
                0x00000000080091f8                HAL_TIM_Base_Start_IT
 .text.HAL_TIM_PWM_Init
                0x00000000080092d4       0x9e ./Drivers/STM32F2xx_HAL_Driver/Src/stm32f2xx_hal_tim.o
                0x00000000080092d4                HAL_TIM_PWM_Init
 *fill*         0x0000000008009372        0x2 
 .text.HAL_TIM_PWM_Start
                0x0000000008009374      0x190 ./Drivers/STM32F2xx_HAL_Driver/Src/stm32f2xx_hal_tim.o
                0x0000000008009374                HAL_TIM_PWM_Start
 .text.HAL_TIM_PWM_ConfigChannel
                0x0000000008009504      0x17c ./Drivers/STM32F2xx_HAL_Driver/Src/stm32f2xx_hal_tim.o
                0x0000000008009504                HAL_TIM_PWM_ConfigChannel
 .text.TIM_Base_SetConfig
                0x0000000008009680      0x13c ./Drivers/STM32F2xx_HAL_Driver/Src/stm32f2xx_hal_tim.o
                0x0000000008009680                TIM_Base_SetConfig
 .text.TIM_OC1_SetConfig
                0x00000000080097bc       0xe0 ./Drivers/STM32F2xx_HAL_Driver/Src/stm32f2xx_hal_tim.o
 .text.TIM_OC2_SetConfig
                0x000000000800989c       0xe8 ./Drivers/STM32F2xx_HAL_Driver/Src/stm32f2xx_hal_tim.o
                0x000000000800989c                TIM_OC2_SetConfig
 .text.TIM_OC3_SetConfig
                0x0000000008009984       0xe8 ./Drivers/STM32F2xx_HAL_Driver/Src/stm32f2xx_hal_tim.o
 .text.TIM_OC4_SetConfig
                0x0000000008009a6c       0xa8 ./Drivers/STM32F2xx_HAL_Driver/Src/stm32f2xx_hal_tim.o
 .text.TIM_CCxChannelCmd
                0x0000000008009b14       0x48 ./Drivers/STM32F2xx_HAL_Driver/Src/stm32f2xx_hal_tim.o
                0x0000000008009b14                TIM_CCxChannelCmd
 .text.HAL_TIMEx_MasterConfigSynchronization
                0x0000000008009b5c       0xf4 ./Drivers/STM32F2xx_HAL_Driver/Src/stm32f2xx_hal_tim_ex.o
                0x0000000008009b5c                HAL_TIMEx_MasterConfigSynchronization
 .text.USB_CoreInit
                0x0000000008009c50       0xae ./Drivers/STM32F2xx_HAL_Driver/Src/stm32f2xx_ll_usb.o
                0x0000000008009c50                USB_CoreInit
 *fill*         0x0000000008009cfe        0x2 
 .text.USB_SetTurnaroundTime
                0x0000000008009d00      0x144 ./Drivers/STM32F2xx_HAL_Driver/Src/stm32f2xx_ll_usb.o
                0x0000000008009d00                USB_SetTurnaroundTime
 .text.USB_EnableGlobalInt
                0x0000000008009e44       0x20 ./Drivers/STM32F2xx_HAL_Driver/Src/stm32f2xx_ll_usb.o
                0x0000000008009e44                USB_EnableGlobalInt
 .text.USB_DisableGlobalInt
                0x0000000008009e64       0x20 ./Drivers/STM32F2xx_HAL_Driver/Src/stm32f2xx_ll_usb.o
                0x0000000008009e64                USB_DisableGlobalInt
 .text.USB_SetCurrentMode
                0x0000000008009e84       0x98 ./Drivers/STM32F2xx_HAL_Driver/Src/stm32f2xx_ll_usb.o
                0x0000000008009e84                USB_SetCurrentMode
 .text.USB_DevInit
                0x0000000008009f1c      0x2c8 ./Drivers/STM32F2xx_HAL_Driver/Src/stm32f2xx_ll_usb.o
                0x0000000008009f1c                USB_DevInit
 .text.USB_FlushTxFifo
                0x000000000800a1e4       0x48 ./Drivers/STM32F2xx_HAL_Driver/Src/stm32f2xx_ll_usb.o
                0x000000000800a1e4                USB_FlushTxFifo
 .text.USB_FlushRxFifo
                0x000000000800a22c       0x40 ./Drivers/STM32F2xx_HAL_Driver/Src/stm32f2xx_ll_usb.o
                0x000000000800a22c                USB_FlushRxFifo
 .text.USB_SetDevSpeed
                0x000000000800a26c       0x30 ./Drivers/STM32F2xx_HAL_Driver/Src/stm32f2xx_ll_usb.o
                0x000000000800a26c                USB_SetDevSpeed
 .text.USB_GetDevSpeed
                0x000000000800a29c       0x48 ./Drivers/STM32F2xx_HAL_Driver/Src/stm32f2xx_ll_usb.o
                0x000000000800a29c                USB_GetDevSpeed
 .text.USB_ActivateEndpoint
                0x000000000800a2e4      0x10c ./Drivers/STM32F2xx_HAL_Driver/Src/stm32f2xx_ll_usb.o
                0x000000000800a2e4                USB_ActivateEndpoint
 .text.USB_DeactivateEndpoint
                0x000000000800a3f0      0x1b8 ./Drivers/STM32F2xx_HAL_Driver/Src/stm32f2xx_ll_usb.o
                0x000000000800a3f0                USB_DeactivateEndpoint
 .text.USB_EPStartXfer
                0x000000000800a5a8      0x488 ./Drivers/STM32F2xx_HAL_Driver/Src/stm32f2xx_ll_usb.o
                0x000000000800a5a8                USB_EPStartXfer
 .text.USB_EP0StartXfer
                0x000000000800aa30      0x2a4 ./Drivers/STM32F2xx_HAL_Driver/Src/stm32f2xx_ll_usb.o
                0x000000000800aa30                USB_EP0StartXfer
 .text.USB_WritePacket
                0x000000000800acd4       0x7a ./Drivers/STM32F2xx_HAL_Driver/Src/stm32f2xx_ll_usb.o
                0x000000000800acd4                USB_WritePacket
 .text.USB_ReadPacket
                0x000000000800ad4e       0xae ./Drivers/STM32F2xx_HAL_Driver/Src/stm32f2xx_ll_usb.o
                0x000000000800ad4e                USB_ReadPacket
 .text.USB_EPSetStall
                0x000000000800adfc       0xda ./Drivers/STM32F2xx_HAL_Driver/Src/stm32f2xx_ll_usb.o
                0x000000000800adfc                USB_EPSetStall
 .text.USB_EPClearStall
                0x000000000800aed6       0xca ./Drivers/STM32F2xx_HAL_Driver/Src/stm32f2xx_ll_usb.o
                0x000000000800aed6                USB_EPClearStall
 .text.USB_SetDevAddress
                0x000000000800afa0       0x4a ./Drivers/STM32F2xx_HAL_Driver/Src/stm32f2xx_ll_usb.o
                0x000000000800afa0                USB_SetDevAddress
 .text.USB_DevConnect
                0x000000000800afea       0x40 ./Drivers/STM32F2xx_HAL_Driver/Src/stm32f2xx_ll_usb.o
                0x000000000800afea                USB_DevConnect
 .text.USB_DevDisconnect
                0x000000000800b02a       0x40 ./Drivers/STM32F2xx_HAL_Driver/Src/stm32f2xx_ll_usb.o
                0x000000000800b02a                USB_DevDisconnect
 .text.USB_ReadInterrupts
                0x000000000800b06a       0x24 ./Drivers/STM32F2xx_HAL_Driver/Src/stm32f2xx_ll_usb.o
                0x000000000800b06a                USB_ReadInterrupts
 .text.USB_ReadDevAllOutEpInterrupt
                0x000000000800b08e       0x32 ./Drivers/STM32F2xx_HAL_Driver/Src/stm32f2xx_ll_usb.o
                0x000000000800b08e                USB_ReadDevAllOutEpInterrupt
 .text.USB_ReadDevAllInEpInterrupt
                0x000000000800b0c0       0x32 ./Drivers/STM32F2xx_HAL_Driver/Src/stm32f2xx_ll_usb.o
                0x000000000800b0c0                USB_ReadDevAllInEpInterrupt
 .text.USB_ReadDevOutEPInterrupt
                0x000000000800b0f2       0x3a ./Drivers/STM32F2xx_HAL_Driver/Src/stm32f2xx_ll_usb.o
                0x000000000800b0f2                USB_ReadDevOutEPInterrupt
 .text.USB_ReadDevInEPInterrupt
                0x000000000800b12c       0x5a ./Drivers/STM32F2xx_HAL_Driver/Src/stm32f2xx_ll_usb.o
                0x000000000800b12c                USB_ReadDevInEPInterrupt
 .text.USB_GetMode
                0x000000000800b186       0x1a ./Drivers/STM32F2xx_HAL_Driver/Src/stm32f2xx_ll_usb.o
                0x000000000800b186                USB_GetMode
 .text.USB_ActivateSetup
                0x000000000800b1a0       0x44 ./Drivers/STM32F2xx_HAL_Driver/Src/stm32f2xx_ll_usb.o
                0x000000000800b1a0                USB_ActivateSetup
 .text.USB_EP0_OutStart
                0x000000000800b1e4       0xb8 ./Drivers/STM32F2xx_HAL_Driver/Src/stm32f2xx_ll_usb.o
                0x000000000800b1e4                USB_EP0_OutStart
 .text.USB_CoreReset
                0x000000000800b29c       0x64 ./Drivers/STM32F2xx_HAL_Driver/Src/stm32f2xx_ll_usb.o
 .text.USBD_CDC_Init
                0x000000000800b300       0xf6 ./Middlewares/ST/STM32_USB_Device_Library/Class/CDC/Src/usbd_cdc.o
 .text.USBD_CDC_DeInit
                0x000000000800b3f6       0x6e ./Middlewares/ST/STM32_USB_Device_Library/Class/CDC/Src/usbd_cdc.o
 .text.USBD_CDC_Setup
                0x000000000800b464      0x146 ./Middlewares/ST/STM32_USB_Device_Library/Class/CDC/Src/usbd_cdc.o
 .text.USBD_CDC_DataIn
                0x000000000800b5aa       0xa6 ./Middlewares/ST/STM32_USB_Device_Library/Class/CDC/Src/usbd_cdc.o
 .text.USBD_CDC_DataOut
                0x000000000800b650       0x56 ./Middlewares/ST/STM32_USB_Device_Library/Class/CDC/Src/usbd_cdc.o
 .text.USBD_CDC_EP0_RxReady
                0x000000000800b6a6       0x50 ./Middlewares/ST/STM32_USB_Device_Library/Class/CDC/Src/usbd_cdc.o
 *fill*         0x000000000800b6f6        0x2 
 .text.USBD_CDC_GetFSCfgDesc
                0x000000000800b6f8       0x20 ./Middlewares/ST/STM32_USB_Device_Library/Class/CDC/Src/usbd_cdc.o
 .text.USBD_CDC_GetHSCfgDesc
                0x000000000800b718       0x20 ./Middlewares/ST/STM32_USB_Device_Library/Class/CDC/Src/usbd_cdc.o
 .text.USBD_CDC_GetOtherSpeedCfgDesc
                0x000000000800b738       0x20 ./Middlewares/ST/STM32_USB_Device_Library/Class/CDC/Src/usbd_cdc.o
 .text.USBD_CDC_GetDeviceQualifierDescriptor
                0x000000000800b758       0x20 ./Middlewares/ST/STM32_USB_Device_Library/Class/CDC/Src/usbd_cdc.o
                0x000000000800b758                USBD_CDC_GetDeviceQualifierDescriptor
 .text.USBD_CDC_RegisterInterface
                0x000000000800b778       0x2c ./Middlewares/ST/STM32_USB_Device_Library/Class/CDC/Src/usbd_cdc.o
                0x000000000800b778                USBD_CDC_RegisterInterface
 .text.USBD_CDC_SetTxBuffer
                0x000000000800b7a4       0x32 ./Middlewares/ST/STM32_USB_Device_Library/Class/CDC/Src/usbd_cdc.o
                0x000000000800b7a4                USBD_CDC_SetTxBuffer
 .text.USBD_CDC_SetRxBuffer
                0x000000000800b7d6       0x26 ./Middlewares/ST/STM32_USB_Device_Library/Class/CDC/Src/usbd_cdc.o
                0x000000000800b7d6                USBD_CDC_SetRxBuffer
 .text.USBD_CDC_TransmitPacket
                0x000000000800b7fc       0x5e ./Middlewares/ST/STM32_USB_Device_Library/Class/CDC/Src/usbd_cdc.o
                0x000000000800b7fc                USBD_CDC_TransmitPacket
 .text.USBD_CDC_ReceivePacket
                0x000000000800b85a       0x54 ./Middlewares/ST/STM32_USB_Device_Library/Class/CDC/Src/usbd_cdc.o
                0x000000000800b85a                USBD_CDC_ReceivePacket
 .text.USBD_Init
                0x000000000800b8ae       0x56 ./Middlewares/ST/STM32_USB_Device_Library/Core/Src/usbd_core.o
                0x000000000800b8ae                USBD_Init
 .text.USBD_RegisterClass
                0x000000000800b904       0x32 ./Middlewares/ST/STM32_USB_Device_Library/Core/Src/usbd_core.o
                0x000000000800b904                USBD_RegisterClass
 .text.USBD_Start
                0x000000000800b936       0x18 ./Middlewares/ST/STM32_USB_Device_Library/Core/Src/usbd_core.o
                0x000000000800b936                USBD_Start
 .text.USBD_RunTestMode
                0x000000000800b94e       0x14 ./Middlewares/ST/STM32_USB_Device_Library/Core/Src/usbd_core.o
                0x000000000800b94e                USBD_RunTestMode
 .text.USBD_SetClassConfig
                0x000000000800b962       0x3e ./Middlewares/ST/STM32_USB_Device_Library/Core/Src/usbd_core.o
                0x000000000800b962                USBD_SetClassConfig
 .text.USBD_ClrClassConfig
                0x000000000800b9a0       0x26 ./Middlewares/ST/STM32_USB_Device_Library/Core/Src/usbd_core.o
                0x000000000800b9a0                USBD_ClrClassConfig
 .text.USBD_LL_SetupStage
                0x000000000800b9c6       0x9a ./Middlewares/ST/STM32_USB_Device_Library/Core/Src/usbd_core.o
                0x000000000800b9c6                USBD_LL_SetupStage
 .text.USBD_LL_DataOutStage
                0x000000000800ba60       0xe2 ./Middlewares/ST/STM32_USB_Device_Library/Core/Src/usbd_core.o
                0x000000000800ba60                USBD_LL_DataOutStage
 .text.USBD_LL_DataInStage
                0x000000000800bb42      0x14a ./Middlewares/ST/STM32_USB_Device_Library/Core/Src/usbd_core.o
                0x000000000800bb42                USBD_LL_DataInStage
 .text.USBD_LL_Reset
                0x000000000800bc8c       0x82 ./Middlewares/ST/STM32_USB_Device_Library/Core/Src/usbd_core.o
                0x000000000800bc8c                USBD_LL_Reset
 .text.USBD_LL_SetSpeed
                0x000000000800bd0e       0x1e ./Middlewares/ST/STM32_USB_Device_Library/Core/Src/usbd_core.o
                0x000000000800bd0e                USBD_LL_SetSpeed
 .text.USBD_LL_Suspend
                0x000000000800bd2c       0x28 ./Middlewares/ST/STM32_USB_Device_Library/Core/Src/usbd_core.o
                0x000000000800bd2c                USBD_LL_Suspend
 .text.USBD_LL_Resume
                0x000000000800bd54       0x2a ./Middlewares/ST/STM32_USB_Device_Library/Core/Src/usbd_core.o
                0x000000000800bd54                USBD_LL_Resume
 .text.USBD_LL_SOF
                0x000000000800bd7e       0x34 ./Middlewares/ST/STM32_USB_Device_Library/Core/Src/usbd_core.o
                0x000000000800bd7e                USBD_LL_SOF
 .text.USBD_LL_IsoINIncomplete
                0x000000000800bdb2       0x18 ./Middlewares/ST/STM32_USB_Device_Library/Core/Src/usbd_core.o
                0x000000000800bdb2                USBD_LL_IsoINIncomplete
 .text.USBD_LL_IsoOUTIncomplete
                0x000000000800bdca       0x18 ./Middlewares/ST/STM32_USB_Device_Library/Core/Src/usbd_core.o
                0x000000000800bdca                USBD_LL_IsoOUTIncomplete
 .text.USBD_LL_DevConnected
                0x000000000800bde2       0x14 ./Middlewares/ST/STM32_USB_Device_Library/Core/Src/usbd_core.o
                0x000000000800bde2                USBD_LL_DevConnected
 .text.USBD_LL_DevDisconnected
                0x000000000800bdf6       0x2e ./Middlewares/ST/STM32_USB_Device_Library/Core/Src/usbd_core.o
                0x000000000800bdf6                USBD_LL_DevDisconnected
 .text.USBD_StdDevReq
                0x000000000800be24       0xd4 ./Middlewares/ST/STM32_USB_Device_Library/Core/Src/usbd_ctlreq.o
                0x000000000800be24                USBD_StdDevReq
 .text.USBD_StdItfReq
                0x000000000800bef8       0x90 ./Middlewares/ST/STM32_USB_Device_Library/Core/Src/usbd_ctlreq.o
                0x000000000800bef8                USBD_StdItfReq
 .text.USBD_StdEPReq
                0x000000000800bf88      0x2c6 ./Middlewares/ST/STM32_USB_Device_Library/Core/Src/usbd_ctlreq.o
                0x000000000800bf88                USBD_StdEPReq
 *fill*         0x000000000800c24e        0x2 
 .text.USBD_GetDescriptor
                0x000000000800c250      0x2d0 ./Middlewares/ST/STM32_USB_Device_Library/Core/Src/usbd_ctlreq.o
 .text.USBD_SetAddress
                0x000000000800c520       0x86 ./Middlewares/ST/STM32_USB_Device_Library/Core/Src/usbd_ctlreq.o
 *fill*         0x000000000800c5a6        0x2 
 .text.USBD_SetConfig
                0x000000000800c5a8      0x11c ./Middlewares/ST/STM32_USB_Device_Library/Core/Src/usbd_ctlreq.o
 .text.USBD_GetConfig
                0x000000000800c6c4       0x6a ./Middlewares/ST/STM32_USB_Device_Library/Core/Src/usbd_ctlreq.o
 .text.USBD_GetStatus
                0x000000000800c72e       0x66 ./Middlewares/ST/STM32_USB_Device_Library/Core/Src/usbd_ctlreq.o
 .text.USBD_SetFeature
                0x000000000800c794       0x28 ./Middlewares/ST/STM32_USB_Device_Library/Core/Src/usbd_ctlreq.o
 .text.USBD_ClrFeature
                0x000000000800c7bc       0x42 ./Middlewares/ST/STM32_USB_Device_Library/Core/Src/usbd_ctlreq.o
 .text.USBD_ParseSetupRequest
                0x000000000800c7fe       0x78 ./Middlewares/ST/STM32_USB_Device_Library/Core/Src/usbd_ctlreq.o
                0x000000000800c7fe                USBD_ParseSetupRequest
 .text.USBD_CtlError
                0x000000000800c876       0x22 ./Middlewares/ST/STM32_USB_Device_Library/Core/Src/usbd_ctlreq.o
                0x000000000800c876                USBD_CtlError
 .text.USBD_GetString
                0x000000000800c898       0x84 ./Middlewares/ST/STM32_USB_Device_Library/Core/Src/usbd_ctlreq.o
                0x000000000800c898                USBD_GetString
 .text.USBD_GetLen
                0x000000000800c91c       0x2e ./Middlewares/ST/STM32_USB_Device_Library/Core/Src/usbd_ctlreq.o
 .text.USBD_CtlSendData
                0x000000000800c94a       0x38 ./Middlewares/ST/STM32_USB_Device_Library/Core/Src/usbd_ioreq.o
                0x000000000800c94a                USBD_CtlSendData
 .text.USBD_CtlContinueSendData
                0x000000000800c982       0x24 ./Middlewares/ST/STM32_USB_Device_Library/Core/Src/usbd_ioreq.o
                0x000000000800c982                USBD_CtlContinueSendData
 .text.USBD_CtlPrepareRx
                0x000000000800c9a6       0x3c ./Middlewares/ST/STM32_USB_Device_Library/Core/Src/usbd_ioreq.o
                0x000000000800c9a6                USBD_CtlPrepareRx
 .text.USBD_CtlContinueRx
                0x000000000800c9e2       0x24 ./Middlewares/ST/STM32_USB_Device_Library/Core/Src/usbd_ioreq.o
                0x000000000800c9e2                USBD_CtlContinueRx
 .text.USBD_CtlSendStatus
                0x000000000800ca06       0x26 ./Middlewares/ST/STM32_USB_Device_Library/Core/Src/usbd_ioreq.o
                0x000000000800ca06                USBD_CtlSendStatus
 .text.USBD_CtlReceiveStatus
                0x000000000800ca2c       0x26 ./Middlewares/ST/STM32_USB_Device_Library/Core/Src/usbd_ioreq.o
                0x000000000800ca2c                USBD_CtlReceiveStatus
 *fill*         0x000000000800ca52        0x2 
 .text.MX_USB_DEVICE_Init
                0x000000000800ca54       0x60 ./USB_DEVICE/App/usb_device.o
                0x000000000800ca54                MX_USB_DEVICE_Init
 .text.CDC_Init_FS
                0x000000000800cab4       0x28 ./USB_DEVICE/App/usbd_cdc_if.o
 .text.CDC_DeInit_FS
                0x000000000800cadc        0xe ./USB_DEVICE/App/usbd_cdc_if.o
 *fill*         0x000000000800caea        0x2 
 .text.CDC_Control_FS
                0x000000000800caec       0xe4 ./USB_DEVICE/App/usbd_cdc_if.o
 .text.CDC_Receive_FS
                0x000000000800cbd0       0x28 ./USB_DEVICE/App/usbd_cdc_if.o
 .text.CDC_Transmit_FS
                0x000000000800cbf8       0x4c ./USB_DEVICE/App/usbd_cdc_if.o
                0x000000000800cbf8                CDC_Transmit_FS
 .text.USBD_FS_DeviceDescriptor
                0x000000000800cc44       0x24 ./USB_DEVICE/App/usbd_desc.o
                0x000000000800cc44                USBD_FS_DeviceDescriptor
 .text.USBD_FS_LangIDStrDescriptor
                0x000000000800cc68       0x24 ./USB_DEVICE/App/usbd_desc.o
                0x000000000800cc68                USBD_FS_LangIDStrDescriptor
 .text.USBD_FS_ProductStrDescriptor
                0x000000000800cc8c       0x3c ./USB_DEVICE/App/usbd_desc.o
                0x000000000800cc8c                USBD_FS_ProductStrDescriptor
 .text.USBD_FS_ManufacturerStrDescriptor
                0x000000000800ccc8       0x28 ./USB_DEVICE/App/usbd_desc.o
                0x000000000800ccc8                USBD_FS_ManufacturerStrDescriptor
 .text.USBD_FS_SerialStrDescriptor
                0x000000000800ccf0       0x24 ./USB_DEVICE/App/usbd_desc.o
                0x000000000800ccf0                USBD_FS_SerialStrDescriptor
 .text.USBD_FS_ConfigStrDescriptor
                0x000000000800cd14       0x3c ./USB_DEVICE/App/usbd_desc.o
                0x000000000800cd14                USBD_FS_ConfigStrDescriptor
 .text.USBD_FS_InterfaceStrDescriptor
                0x000000000800cd50       0x3c ./USB_DEVICE/App/usbd_desc.o
                0x000000000800cd50                USBD_FS_InterfaceStrDescriptor
 .text.Get_SerialNum
                0x000000000800cd8c       0x58 ./USB_DEVICE/App/usbd_desc.o
 .text.IntToUnicode
                0x000000000800cde4       0x7c ./USB_DEVICE/App/usbd_desc.o
 .text.HAL_PCD_MspInit
                0x000000000800ce60       0xa8 ./USB_DEVICE/Target/usbd_conf.o
                0x000000000800ce60                HAL_PCD_MspInit
 .text.HAL_PCD_SetupStageCallback
                0x000000000800cf08       0x24 ./USB_DEVICE/Target/usbd_conf.o
                0x000000000800cf08                HAL_PCD_SetupStageCallback
 .text.HAL_PCD_DataOutStageCallback
                0x000000000800cf2c       0x36 ./USB_DEVICE/Target/usbd_conf.o
                0x000000000800cf2c                HAL_PCD_DataOutStageCallback
 .text.HAL_PCD_DataInStageCallback
                0x000000000800cf62       0x34 ./USB_DEVICE/Target/usbd_conf.o
                0x000000000800cf62                HAL_PCD_DataInStageCallback
 .text.HAL_PCD_SOFCallback
                0x000000000800cf96       0x1c ./USB_DEVICE/Target/usbd_conf.o
                0x000000000800cf96                HAL_PCD_SOFCallback
 .text.HAL_PCD_ResetCallback
                0x000000000800cfb2       0x50 ./USB_DEVICE/Target/usbd_conf.o
                0x000000000800cfb2                HAL_PCD_ResetCallback
 *fill*         0x000000000800d002        0x2 
 .text.HAL_PCD_SuspendCallback
                0x000000000800d004       0x4c ./USB_DEVICE/Target/usbd_conf.o
                0x000000000800d004                HAL_PCD_SuspendCallback
 .text.HAL_PCD_ResumeCallback
                0x000000000800d050       0x1c ./USB_DEVICE/Target/usbd_conf.o
                0x000000000800d050                HAL_PCD_ResumeCallback
 .text.HAL_PCD_ISOOUTIncompleteCallback
                0x000000000800d06c       0x24 ./USB_DEVICE/Target/usbd_conf.o
                0x000000000800d06c                HAL_PCD_ISOOUTIncompleteCallback
 .text.HAL_PCD_ISOINIncompleteCallback
                0x000000000800d090       0x24 ./USB_DEVICE/Target/usbd_conf.o
                0x000000000800d090                HAL_PCD_ISOINIncompleteCallback
 .text.HAL_PCD_ConnectCallback
                0x000000000800d0b4       0x1c ./USB_DEVICE/Target/usbd_conf.o
                0x000000000800d0b4                HAL_PCD_ConnectCallback
 .text.HAL_PCD_DisconnectCallback
                0x000000000800d0d0       0x1c ./USB_DEVICE/Target/usbd_conf.o
                0x000000000800d0d0                HAL_PCD_DisconnectCallback
 .text.USBD_LL_Init
                0x000000000800d0ec       0x94 ./USB_DEVICE/Target/usbd_conf.o
                0x000000000800d0ec                USBD_LL_Init
 .text.USBD_LL_Start
                0x000000000800d180       0x36 ./USB_DEVICE/Target/usbd_conf.o
                0x000000000800d180                USBD_LL_Start
 .text.USBD_LL_OpenEP
                0x000000000800d1b6       0x4c ./USB_DEVICE/Target/usbd_conf.o
                0x000000000800d1b6                USBD_LL_OpenEP
 .text.USBD_LL_CloseEP
                0x000000000800d202       0x3e ./USB_DEVICE/Target/usbd_conf.o
                0x000000000800d202                USBD_LL_CloseEP
 .text.USBD_LL_StallEP
                0x000000000800d240       0x3e ./USB_DEVICE/Target/usbd_conf.o
                0x000000000800d240                USBD_LL_StallEP
 .text.USBD_LL_ClearStallEP
                0x000000000800d27e       0x3e ./USB_DEVICE/Target/usbd_conf.o
                0x000000000800d27e                USBD_LL_ClearStallEP
 .text.USBD_LL_IsStallEP
                0x000000000800d2bc       0x56 ./USB_DEVICE/Target/usbd_conf.o
                0x000000000800d2bc                USBD_LL_IsStallEP
 .text.USBD_LL_SetUSBAddress
                0x000000000800d312       0x3e ./USB_DEVICE/Target/usbd_conf.o
                0x000000000800d312                USBD_LL_SetUSBAddress
 .text.USBD_LL_Transmit
                0x000000000800d350       0x46 ./USB_DEVICE/Target/usbd_conf.o
                0x000000000800d350                USBD_LL_Transmit
 .text.USBD_LL_PrepareReceive
                0x000000000800d396       0x46 ./USB_DEVICE/Target/usbd_conf.o
                0x000000000800d396                USBD_LL_PrepareReceive
 .text.USBD_LL_GetRxDataSize
                0x000000000800d3dc       0x26 ./USB_DEVICE/Target/usbd_conf.o
                0x000000000800d3dc                USBD_LL_GetRxDataSize
 *fill*         0x000000000800d402        0x2 
 .text.USBD_Get_USB_Status
                0x000000000800d404       0x58 ./USB_DEVICE/Target/usbd_conf.o
                0x000000000800d404                USBD_Get_USB_Status
 .text.cos      0x000000000800d45c       0x84 d:/program files/stm32cubeide_1.8.0/stm32cubeide/plugins/com.st.stm32cube.ide.mcu.externaltools.gnu-tools-for-stm32.9-2020-q2-update.win32_2.0.0.202105311346/tools/bin/../lib/gcc/arm-none-eabi/9.3.1/../../../../arm-none-eabi/lib/thumb/v7-m/nofp\libm.a(lib_a-s_cos.o)
                0x000000000800d45c                cos
 .text.sin      0x000000000800d4e0       0x8c d:/program files/stm32cubeide_1.8.0/stm32cubeide/plugins/com.st.stm32cube.ide.mcu.externaltools.gnu-tools-for-stm32.9-2020-q2-update.win32_2.0.0.202105311346/tools/bin/../lib/gcc/arm-none-eabi/9.3.1/../../../../arm-none-eabi/lib/thumb/v7-m/nofp\libm.a(lib_a-s_sin.o)
                0x000000000800d4e0                sin
 .text.atanf    0x000000000800d56c      0x218 d:/program files/stm32cubeide_1.8.0/stm32cubeide/plugins/com.st.stm32cube.ide.mcu.externaltools.gnu-tools-for-stm32.9-2020-q2-update.win32_2.0.0.202105311346/tools/bin/../lib/gcc/arm-none-eabi/9.3.1/../../../../arm-none-eabi/lib/thumb/v7-m/nofp\libm.a(lib_a-sf_atan.o)
                0x000000000800d56c                atanf
 .text.cosf     0x000000000800d784       0x68 d:/program files/stm32cubeide_1.8.0/stm32cubeide/plugins/com.st.stm32cube.ide.mcu.externaltools.gnu-tools-for-stm32.9-2020-q2-update.win32_2.0.0.202105311346/tools/bin/../lib/gcc/arm-none-eabi/9.3.1/../../../../arm-none-eabi/lib/thumb/v7-m/nofp\libm.a(lib_a-sf_cos.o)
                0x000000000800d784                cosf
 .text.fabsf    0x000000000800d7ec        0x6 d:/program files/stm32cubeide_1.8.0/stm32cubeide/plugins/com.st.stm32cube.ide.mcu.externaltools.gnu-tools-for-stm32.9-2020-q2-update.win32_2.0.0.202105311346/tools/bin/../lib/gcc/arm-none-eabi/9.3.1/../../../../arm-none-eabi/lib/thumb/v7-m/nofp\libm.a(lib_a-sf_fabs.o)
                0x000000000800d7ec                fabsf
 *fill*         0x000000000800d7f2        0x2 
 .text.sinf     0x000000000800d7f4       0x6c d:/program files/stm32cubeide_1.8.0/stm32cubeide/plugins/com.st.stm32cube.ide.mcu.externaltools.gnu-tools-for-stm32.9-2020-q2-update.win32_2.0.0.202105311346/tools/bin/../lib/gcc/arm-none-eabi/9.3.1/../../../../arm-none-eabi/lib/thumb/v7-m/nofp\libm.a(lib_a-sf_sin.o)
                0x000000000800d7f4                sinf
 .text.acosf    0x000000000800d860       0x4c d:/program files/stm32cubeide_1.8.0/stm32cubeide/plugins/com.st.stm32cube.ide.mcu.externaltools.gnu-tools-for-stm32.9-2020-q2-update.win32_2.0.0.202105311346/tools/bin/../lib/gcc/arm-none-eabi/9.3.1/../../../../arm-none-eabi/lib/thumb/v7-m/nofp\libm.a(lib_a-wf_acos.o)
                0x000000000800d860                acosf
 .text.asinf    0x000000000800d8ac       0x4c d:/program files/stm32cubeide_1.8.0/stm32cubeide/plugins/com.st.stm32cube.ide.mcu.externaltools.gnu-tools-for-stm32.9-2020-q2-update.win32_2.0.0.202105311346/tools/bin/../lib/gcc/arm-none-eabi/9.3.1/../../../../arm-none-eabi/lib/thumb/v7-m/nofp\libm.a(lib_a-wf_asin.o)
                0x000000000800d8ac                asinf
 .text.atan2f   0x000000000800d8f8        0x4 d:/program files/stm32cubeide_1.8.0/stm32cubeide/plugins/com.st.stm32cube.ide.mcu.externaltools.gnu-tools-for-stm32.9-2020-q2-update.win32_2.0.0.202105311346/tools/bin/../lib/gcc/arm-none-eabi/9.3.1/../../../../arm-none-eabi/lib/thumb/v7-m/nofp\libm.a(lib_a-wf_atan2.o)
                0x000000000800d8f8                atan2f
 .text.sqrtf    0x000000000800d8fc       0x44 d:/program files/stm32cubeide_1.8.0/stm32cubeide/plugins/com.st.stm32cube.ide.mcu.externaltools.gnu-tools-for-stm32.9-2020-q2-update.win32_2.0.0.202105311346/tools/bin/../lib/gcc/arm-none-eabi/9.3.1/../../../../arm-none-eabi/lib/thumb/v7-m/nofp\libm.a(lib_a-wf_sqrt.o)
                0x000000000800d8fc                sqrtf
 .text.__ieee754_rem_pio2
                0x000000000800d940      0x3e0 d:/program files/stm32cubeide_1.8.0/stm32cubeide/plugins/com.st.stm32cube.ide.mcu.externaltools.gnu-tools-for-stm32.9-2020-q2-update.win32_2.0.0.202105311346/tools/bin/../lib/gcc/arm-none-eabi/9.3.1/../../../../arm-none-eabi/lib/thumb/v7-m/nofp\libm.a(lib_a-e_rem_pio2.o)
                0x000000000800d940                __ieee754_rem_pio2
 .text.__ieee754_acosf
                0x000000000800dd20      0x2c4 d:/program files/stm32cubeide_1.8.0/stm32cubeide/plugins/com.st.stm32cube.ide.mcu.externaltools.gnu-tools-for-stm32.9-2020-q2-update.win32_2.0.0.202105311346/tools/bin/../lib/gcc/arm-none-eabi/9.3.1/../../../../arm-none-eabi/lib/thumb/v7-m/nofp\libm.a(lib_a-ef_acos.o)
                0x000000000800dd20                __ieee754_acosf
 .text.__ieee754_asinf
                0x000000000800dfe4      0x288 d:/program files/stm32cubeide_1.8.0/stm32cubeide/plugins/com.st.stm32cube.ide.mcu.externaltools.gnu-tools-for-stm32.9-2020-q2-update.win32_2.0.0.202105311346/tools/bin/../lib/gcc/arm-none-eabi/9.3.1/../../../../arm-none-eabi/lib/thumb/v7-m/nofp\libm.a(lib_a-ef_asin.o)
                0x000000000800dfe4                __ieee754_asinf
 .text.__ieee754_atan2f
                0x000000000800e26c      0x10c d:/program files/stm32cubeide_1.8.0/stm32cubeide/plugins/com.st.stm32cube.ide.mcu.externaltools.gnu-tools-for-stm32.9-2020-q2-update.win32_2.0.0.202105311346/tools/bin/../lib/gcc/arm-none-eabi/9.3.1/../../../../arm-none-eabi/lib/thumb/v7-m/nofp\libm.a(lib_a-ef_atan2.o)
                0x000000000800e26c                __ieee754_atan2f
 .text.__ieee754_rem_pio2f
                0x000000000800e378      0x2bc d:/program files/stm32cubeide_1.8.0/stm32cubeide/plugins/com.st.stm32cube.ide.mcu.externaltools.gnu-tools-for-stm32.9-2020-q2-update.win32_2.0.0.202105311346/tools/bin/../lib/gcc/arm-none-eabi/9.3.1/../../../../arm-none-eabi/lib/thumb/v7-m/nofp\libm.a(lib_a-ef_rem_pio2.o)
                0x000000000800e378                __ieee754_rem_pio2f
 .text.__ieee754_sqrtf
                0x000000000800e634       0xa2 d:/program files/stm32cubeide_1.8.0/stm32cubeide/plugins/com.st.stm32cube.ide.mcu.externaltools.gnu-tools-for-stm32.9-2020-q2-update.win32_2.0.0.202105311346/tools/bin/../lib/gcc/arm-none-eabi/9.3.1/../../../../arm-none-eabi/lib/thumb/v7-m/nofp\libm.a(lib_a-ef_sqrt.o)
                0x000000000800e634                __ieee754_sqrtf
 *fill*         0x000000000800e6d6        0x2 
 .text.__kernel_cos
                0x000000000800e6d8      0x17c d:/program files/stm32cubeide_1.8.0/stm32cubeide/plugins/com.st.stm32cube.ide.mcu.externaltools.gnu-tools-for-stm32.9-2020-q2-update.win32_2.0.0.202105311346/tools/bin/../lib/gcc/arm-none-eabi/9.3.1/../../../../arm-none-eabi/lib/thumb/v7-m/nofp\libm.a(lib_a-k_cos.o)
                0x000000000800e6d8                __kernel_cos
 .text.__kernel_rem_pio2
                0x000000000800e854      0x690 d:/program files/stm32cubeide_1.8.0/stm32cubeide/plugins/com.st.stm32cube.ide.mcu.externaltools.gnu-tools-for-stm32.9-2020-q2-update.win32_2.0.0.202105311346/tools/bin/../lib/gcc/arm-none-eabi/9.3.1/../../../../arm-none-eabi/lib/thumb/v7-m/nofp\libm.a(lib_a-k_rem_pio2.o)
                0x000000000800e854                __kernel_rem_pio2
 *fill*         0x000000000800eee4        0x4 
 .text.__kernel_sin
                0x000000000800eee8      0x16c d:/program files/stm32cubeide_1.8.0/stm32cubeide/plugins/com.st.stm32cube.ide.mcu.externaltools.gnu-tools-for-stm32.9-2020-q2-update.win32_2.0.0.202105311346/tools/bin/../lib/gcc/arm-none-eabi/9.3.1/../../../../arm-none-eabi/lib/thumb/v7-m/nofp\libm.a(lib_a-k_sin.o)
                0x000000000800eee8                __kernel_sin
 .text.__kernel_cosf
                0x000000000800f054      0x100 d:/program files/stm32cubeide_1.8.0/stm32cubeide/plugins/com.st.stm32cube.ide.mcu.externaltools.gnu-tools-for-stm32.9-2020-q2-update.win32_2.0.0.202105311346/tools/bin/../lib/gcc/arm-none-eabi/9.3.1/../../../../arm-none-eabi/lib/thumb/v7-m/nofp\libm.a(lib_a-kf_cos.o)
                0x000000000800f054                __kernel_cosf
 .text.__kernel_rem_pio2f
                0x000000000800f154      0x56c d:/program files/stm32cubeide_1.8.0/stm32cubeide/plugins/com.st.stm32cube.ide.mcu.externaltools.gnu-tools-for-stm32.9-2020-q2-update.win32_2.0.0.202105311346/tools/bin/../lib/gcc/arm-none-eabi/9.3.1/../../../../arm-none-eabi/lib/thumb/v7-m/nofp\libm.a(lib_a-kf_rem_pio2.o)
                0x000000000800f154                __kernel_rem_pio2f
 .text.__kernel_sinf
                0x000000000800f6c0       0xec d:/program files/stm32cubeide_1.8.0/stm32cubeide/plugins/com.st.stm32cube.ide.mcu.externaltools.gnu-tools-for-stm32.9-2020-q2-update.win32_2.0.0.202105311346/tools/bin/../lib/gcc/arm-none-eabi/9.3.1/../../../../arm-none-eabi/lib/thumb/v7-m/nofp\libm.a(lib_a-kf_sin.o)
                0x000000000800f6c0                __kernel_sinf
 .text.fabs     0x000000000800f7ac        0x6 d:/program files/stm32cubeide_1.8.0/stm32cubeide/plugins/com.st.stm32cube.ide.mcu.externaltools.gnu-tools-for-stm32.9-2020-q2-update.win32_2.0.0.202105311346/tools/bin/../lib/gcc/arm-none-eabi/9.3.1/../../../../arm-none-eabi/lib/thumb/v7-m/nofp\libm.a(lib_a-s_fabs.o)
                0x000000000800f7ac                fabs
 *fill*         0x000000000800f7b2        0x6 
 .text.floor    0x000000000800f7b8      0x100 d:/program files/stm32cubeide_1.8.0/stm32cubeide/plugins/com.st.stm32cube.ide.mcu.externaltools.gnu-tools-for-stm32.9-2020-q2-update.win32_2.0.0.202105311346/tools/bin/../lib/gcc/arm-none-eabi/9.3.1/../../../../arm-none-eabi/lib/thumb/v7-m/nofp\libm.a(lib_a-s_floor.o)
                0x000000000800f7b8                floor
 .text.scalbn   0x000000000800f8b8      0x10c d:/program files/stm32cubeide_1.8.0/stm32cubeide/plugins/com.st.stm32cube.ide.mcu.externaltools.gnu-tools-for-stm32.9-2020-q2-update.win32_2.0.0.202105311346/tools/bin/../lib/gcc/arm-none-eabi/9.3.1/../../../../arm-none-eabi/lib/thumb/v7-m/nofp\libm.a(lib_a-s_scalbn.o)
                0x000000000800f8b8                scalbn
 .text.floorf   0x000000000800f9c4       0x84 d:/program files/stm32cubeide_1.8.0/stm32cubeide/plugins/com.st.stm32cube.ide.mcu.externaltools.gnu-tools-for-stm32.9-2020-q2-update.win32_2.0.0.202105311346/tools/bin/../lib/gcc/arm-none-eabi/9.3.1/../../../../arm-none-eabi/lib/thumb/v7-m/nofp\libm.a(lib_a-sf_floor.o)
                0x000000000800f9c4                floorf
 .text.nanf     0x000000000800fa48        0x8 d:/program files/stm32cubeide_1.8.0/stm32cubeide/plugins/com.st.stm32cube.ide.mcu.externaltools.gnu-tools-for-stm32.9-2020-q2-update.win32_2.0.0.202105311346/tools/bin/../lib/gcc/arm-none-eabi/9.3.1/../../../../arm-none-eabi/lib/thumb/v7-m/nofp\libm.a(lib_a-sf_nan.o)
                0x000000000800fa48                nanf
 .text.scalbnf  0x000000000800fa50       0x98 d:/program files/stm32cubeide_1.8.0/stm32cubeide/plugins/com.st.stm32cube.ide.mcu.externaltools.gnu-tools-for-stm32.9-2020-q2-update.win32_2.0.0.202105311346/tools/bin/../lib/gcc/arm-none-eabi/9.3.1/../../../../arm-none-eabi/lib/thumb/v7-m/nofp\libm.a(lib_a-sf_scalbn.o)
                0x000000000800fa50                scalbnf
 .text.__errno  0x000000000800fae8        0xc d:/program files/stm32cubeide_1.8.0/stm32cubeide/plugins/com.st.stm32cube.ide.mcu.externaltools.gnu-tools-for-stm32.9-2020-q2-update.win32_2.0.0.202105311346/tools/bin/../lib/gcc/arm-none-eabi/9.3.1/../../../../arm-none-eabi/lib/thumb/v7-m/nofp\libc_nano.a(lib_a-errno.o)
                0x000000000800fae8                __errno
 .text.__libc_init_array
                0x000000000800faf4       0x48 d:/program files/stm32cubeide_1.8.0/stm32cubeide/plugins/com.st.stm32cube.ide.mcu.externaltools.gnu-tools-for-stm32.9-2020-q2-update.win32_2.0.0.202105311346/tools/bin/../lib/gcc/arm-none-eabi/9.3.1/../../../../arm-none-eabi/lib/thumb/v7-m/nofp\libc_nano.a(lib_a-init.o)
                0x000000000800faf4                __libc_init_array
 .text.malloc   0x000000000800fb3c       0x10 d:/program files/stm32cubeide_1.8.0/stm32cubeide/plugins/com.st.stm32cube.ide.mcu.externaltools.gnu-tools-for-stm32.9-2020-q2-update.win32_2.0.0.202105311346/tools/bin/../lib/gcc/arm-none-eabi/9.3.1/../../../../arm-none-eabi/lib/thumb/v7-m/nofp\libc_nano.a(lib_a-malloc.o)
                0x000000000800fb3c                malloc
 .text.free     0x000000000800fb4c       0x10 d:/program files/stm32cubeide_1.8.0/stm32cubeide/plugins/com.st.stm32cube.ide.mcu.externaltools.gnu-tools-for-stm32.9-2020-q2-update.win32_2.0.0.202105311346/tools/bin/../lib/gcc/arm-none-eabi/9.3.1/../../../../arm-none-eabi/lib/thumb/v7-m/nofp\libc_nano.a(lib_a-malloc.o)
                0x000000000800fb4c                free
 .text.memcmp   0x000000000800fb5c       0x1c d:/program files/stm32cubeide_1.8.0/stm32cubeide/plugins/com.st.stm32cube.ide.mcu.externaltools.gnu-tools-for-stm32.9-2020-q2-update.win32_2.0.0.202105311346/tools/bin/../lib/gcc/arm-none-eabi/9.3.1/../../../../arm-none-eabi/lib/thumb/v7-m/nofp\libc_nano.a(lib_a-memcmp.o)
                0x000000000800fb5c                memcmp
 .text.memset   0x000000000800fb78       0x10 d:/program files/stm32cubeide_1.8.0/stm32cubeide/plugins/com.st.stm32cube.ide.mcu.externaltools.gnu-tools-for-stm32.9-2020-q2-update.win32_2.0.0.202105311346/tools/bin/../lib/gcc/arm-none-eabi/9.3.1/../../../../arm-none-eabi/lib/thumb/v7-m/nofp\libc_nano.a(lib_a-memset.o)