Archive member included to satisfy reference by file (symbol)

d:/program files/stm32cubeide_1.8.0/stm32cubeide/plugins/com.st.stm32cube.ide.mcu.externaltools.gnu-tools-for-stm32.9-2020-q2-update.win32_2.0.0.202105311346/tools/bin/../lib/gcc/arm-none-eabi/9.3.1/../../../../arm-none-eabi/lib/thumb/v7-m/nofp\libm.a(lib_a-sf_atan.o)
                              ./Core/Src/realMain.o (atanf)
d:/program files/stm32cubeide_1.8.0/stm32cubeide/plugins/com.st.stm32cube.ide.mcu.externaltools.gnu-tools-for-stm32.9-2020-q2-update.win32_2.0.0.202105311346/tools/bin/../lib/gcc/arm-none-eabi/9.3.1/../../../../arm-none-eabi/lib/thumb/v7-m/nofp\libm.a(lib_a-sf_fabs.o)
                              d:/program files/stm32cubeide_1.8.0/stm32cubeide/plugins/com.st.stm32cube.ide.mcu.externaltools.gnu-tools-for-stm32.9-2020-q2-update.win32_2.0.0.202105311346/tools/bin/../lib/gcc/arm-none-eabi/9.3.1/../../../../arm-none-eabi/lib/thumb/v7-m/nofp\libm.a(lib_a-sf_atan.o) (fabsf)
d:/program files/stm32cubeide_1.8.0/stm32cubeide/plugins/com.st.stm32cube.ide.mcu.externaltools.gnu-tools-for-stm32.9-2020-q2-update.win32_2.0.0.202105311346/tools/bin/../lib/gcc/arm-none-eabi/9.3.1/../../../../arm-none-eabi/lib/thumb/v7-m/nofp\libc_nano.a(lib_a-errno.o)
                              ./Core/Src/syscalls.o (__errno)
d:/program files/stm32cubeide_1.8.0/stm32cubeide/plugins/com.st.stm32cube.ide.mcu.externaltools.gnu-tools-for-stm32.9-2020-q2-update.win32_2.0.0.202105311346/tools/bin/../lib/gcc/arm-none-eabi/9.3.1/../../../../arm-none-eabi/lib/thumb/v7-m/nofp\libc_nano.a(lib_a-exit.o)
                              d:/program files/stm32cubeide_1.8.0/stm32cubeide/plugins/com.st.stm32cube.ide.mcu.externaltools.gnu-tools-for-stm32.9-2020-q2-update.win32_2.0.0.202105311346/tools/bin/../lib/gcc/arm-none-eabi/9.3.1/../../../../arm-none-eabi/lib/thumb/v7-m/nofp/crt0.o (exit)
d:/program files/stm32cubeide_1.8.0/stm32cubeide/plugins/com.st.stm32cube.ide.mcu.externaltools.gnu-tools-for-stm32.9-2020-q2-update.win32_2.0.0.202105311346/tools/bin/../lib/gcc/arm-none-eabi/9.3.1/../../../../arm-none-eabi/lib/thumb/v7-m/nofp\libc_nano.a(lib_a-impure.o)
                              d:/program files/stm32cubeide_1.8.0/stm32cubeide/plugins/com.st.stm32cube.ide.mcu.externaltools.gnu-tools-for-stm32.9-2020-q2-update.win32_2.0.0.202105311346/tools/bin/../lib/gcc/arm-none-eabi/9.3.1/../../../../arm-none-eabi/lib/thumb/v7-m/nofp\libc_nano.a(lib_a-exit.o) (_global_impure_ptr)
d:/program files/stm32cubeide_1.8.0/stm32cubeide/plugins/com.st.stm32cube.ide.mcu.externaltools.gnu-tools-for-stm32.9-2020-q2-update.win32_2.0.0.202105311346/tools/bin/../lib/gcc/arm-none-eabi/9.3.1/../../../../arm-none-eabi/lib/thumb/v7-m/nofp\libc_nano.a(lib_a-init.o)
                              d:/program files/stm32cubeide_1.8.0/stm32cubeide/plugins/com.st.stm32cube.ide.mcu.externaltools.gnu-tools-for-stm32.9-2020-q2-update.win32_2.0.0.202105311346/tools/bin/../lib/gcc/arm-none-eabi/9.3.1/../../../../arm-none-eabi/lib/thumb/v7-m/nofp/crt0.o (__libc_init_array)
d:/program files/stm32cubeide_1.8.0/stm32cubeide/plugins/com.st.stm32cube.ide.mcu.externaltools.gnu-tools-for-stm32.9-2020-q2-update.win32_2.0.0.202105311346/tools/bin/../lib/gcc/arm-none-eabi/9.3.1/../../../../arm-none-eabi/lib/thumb/v7-m/nofp\libc_nano.a(lib_a-malloc.o)
                              ./Core/Src/MPU6050.o (malloc)
d:/program files/stm32cubeide_1.8.0/stm32cubeide/plugins/com.st.stm32cube.ide.mcu.externaltools.gnu-tools-for-stm32.9-2020-q2-update.win32_2.0.0.202105311346/tools/bin/../lib/gcc/arm-none-eabi/9.3.1/../../../../arm-none-eabi/lib/thumb/v7-m/nofp\libc_nano.a(lib_a-memcmp.o)
                              ./Core/Src/MPU6050.o (memcmp)
d:/program files/stm32cubeide_1.8.0/stm32cubeide/plugins/com.st.stm32cube.ide.mcu.externaltools.gnu-tools-for-stm32.9-2020-q2-update.win32_2.0.0.202105311346/tools/bin/../lib/gcc/arm-none-eabi/9.3.1/../../../../arm-none-eabi/lib/thumb/v7-m/nofp\libc_nano.a(lib_a-memset.o)
                              d:/program files/stm32cubeide_1.8.0/stm32cubeide/plugins/com.st.stm32cube.ide.mcu.externaltools.gnu-tools-for-stm32.9-2020-q2-update.win32_2.0.0.202105311346/tools/bin/../lib/gcc/arm-none-eabi/9.3.1/../../../../arm-none-eabi/lib/thumb/v7-m/nofp/crt0.o (memset)
d:/program files/stm32cubeide_1.8.0/stm32cubeide/plugins/com.st.stm32cube.ide.mcu.externaltools.gnu-tools-for-stm32.9-2020-q2-update.win32_2.0.0.202105311346/tools/bin/../lib/gcc/arm-none-eabi/9.3.1/../../../../arm-none-eabi/lib/thumb/v7-m/nofp\libc_nano.a(lib_a-nano-freer.o)
                              d:/program files/stm32cubeide_1.8.0/stm32cubeide/plugins/com.st.stm32cube.ide.mcu.externaltools.gnu-tools-for-stm32.9-2020-q2-update.win32_2.0.0.202105311346/tools/bin/../lib/gcc/arm-none-eabi/9.3.1/../../../../arm-none-eabi/lib/thumb/v7-m/nofp\libc_nano.a(lib_a-malloc.o) (_free_r)
[...]
Memory Configuration

Name             Origin             Length             Attributes
RAM              0x0000000020000000 0x0000000000020000 xrw
FLASH            0x0000000008000000 0x0000000000100000 xr
*default*        0x0000000000000000 0xffffffffffffffff

Linker script and memory map

LOAD d:/program files/stm32cubeide_1.8.0/stm32cubeide/plugins/com.st.stm32cube.ide.mcu.externaltools.gnu-tools-for-stm32.9-2020-q2-update.win32_2.0.0.202105311346/tools/bin/../lib/gcc/arm-none-eabi/9.3.1/thumb/v7-m/nofp/crti.o
LOAD d:/program files/stm32cubeide_1.8.0/stm32cubeide/plugins/com.st.stm32cube.ide.mcu.externaltools.gnu-tools-for-stm32.9-2020-q2-update.win32_2.0.0.202105311346/tools/bin/../lib/gcc/arm-none-eabi/9.3.1/thumb/v7-m/nofp/crtbegin.o
LOAD d:/program files/stm32cubeide_1.8.0/stm32cubeide/plugins/com.st.stm32cube.ide.mcu.externaltools.gnu-tools-for-stm32.9-2020-q2-update.win32_2.0.0.202105311346/tools/bin/../lib/gcc/arm-none-eabi/9.3.1/../../../../arm-none-eabi/lib/thumb/v7-m/nofp/crt0.o
LOAD ./Core/Src/I2Cdev.o
LOAD ./Core/Src/MPU6050.o
LOAD ./Core/Src/SBUS.o
LOAD ./Core/Src/main.o
LOAD ./Core/Src/realMain.o
LOAD ./Core/Src/stm32f2xx_hal_msp.o
LOAD ./Core/Src/stm32f2xx_it.o
LOAD ./Core/Src/syscalls.o
LOAD ./Core/Src/sysmem.o
LOAD ./Core/Src/system_stm32f2xx.o
LOAD ./Core/Startup/startup_stm32f205rgtx.o
LOAD ./Drivers/STM32F2xx_HAL_Driver/Src/stm32f2xx_hal.o
LOAD ./Drivers/STM32F2xx_HAL_Driver/Src/stm32f2xx_hal_adc.o
LOAD ./Drivers/STM32F2xx_HAL_Driver/Src/stm32f2xx_hal_adc_ex.o
LOAD ./Drivers/STM32F2xx_HAL_Driver/Src/stm32f2xx_hal_cortex.o
LOAD ./Drivers/STM32F2xx_HAL_Driver/Src/stm32f2xx_hal_dma.o
LOAD ./Drivers/STM32F2xx_HAL_Driver/Src/stm32f2xx_hal_dma_ex.o
LOAD ./Drivers/STM32F2xx_HAL_Driver/Src/stm32f2xx_hal_exti.o
LOAD ./Drivers/STM32F2xx_HAL_Driver/Src/stm32f2xx_hal_flash.o
LOAD ./Drivers/STM32F2xx_HAL_Driver/Src/stm32f2xx_hal_flash_ex.o
LOAD ./Drivers/STM32F2xx_HAL_Driver/Src/stm32f2xx_hal_gpio.o
LOAD ./Drivers/STM32F2xx_HAL_Driver/Src/stm32f2xx_hal_i2c.o
LOAD ./Drivers/STM32F2xx_HAL_Driver/Src/stm32f2xx_hal_pcd.o
LOAD ./Drivers/STM32F2xx_HAL_Driver/Src/stm32f2xx_hal_pcd_ex.o
LOAD ./Drivers/STM32F2xx_HAL_Driver/Src/stm32f2xx_hal_pwr.o
LOAD ./Drivers/STM32F2xx_HAL_Driver/Src/stm32f2xx_hal_pwr_ex.o
LOAD ./Drivers/STM32F2xx_HAL_Driver/Src/stm32f2xx_hal_rcc.o
LOAD ./Drivers/STM32F2xx_HAL_Driver/Src/stm32f2xx_hal_rcc_ex.o
LOAD ./Drivers/STM32F2xx_HAL_Driver/Src/stm32f2xx_hal_tim.o
LOAD ./Drivers/STM32F2xx_HAL_Driver/Src/stm32f2xx_hal_tim_ex.o
LOAD ./Drivers/STM32F2xx_HAL_Driver/Src/stm32f2xx_ll_usb.o
LOAD ./Middlewares/ST/STM32_USB_Device_Library/Class/CDC/Src/usbd_cdc.o
LOAD ./Middlewares/ST/STM32_USB_Device_Library/Core/Src/usbd_core.o
LOAD ./Middlewares/ST/STM32_USB_Device_Library/Core/Src/usbd_ctlreq.o
LOAD ./Middlewares/ST/STM32_USB_Device_Library/Core/Src/usbd_ioreq.o
LOAD ./USB_DEVICE/App/usb_device.o
LOAD ./USB_DEVICE/App/usbd_cdc_if.o
LOAD ./USB_DEVICE/App/usbd_desc.o
LOAD ./USB_DEVICE/Target/usbd_conf.o
START GROUP
LOAD d:/program files/stm32cubeide_1.8.0/stm32cubeide/plugins/com.st.stm32cube.ide.mcu.externaltools.gnu-tools-for-stm32.9-2020-q2-update.win32_2.0.0.202105311346/tools/bin/../lib/gcc/arm-none-eabi/9.3.1/../../../../arm-none-eabi/lib/thumb/v7-m/nofp\libstdc++_nano.a
LOAD d:/program files/stm32cubeide_1.8.0/stm32cubeide/plugins/com.st.stm32cube.ide.mcu.externaltools.gnu-tools-for-stm32.9-2020-q2-update.win32_2.0.0.202105311346/tools/bin/../lib/gcc/arm-none-eabi/9.3.1/../../../../arm-none-eabi/lib/thumb/v7-m/nofp\libsupc++_nano.a
END GROUP
LOAD d:/program files/stm32cubeide_1.8.0/stm32cubeide/plugins/com.st.stm32cube.ide.mcu.externaltools.gnu-tools-for-stm32.9-2020-q2-update.win32_2.0.0.202105311346/tools/bin/../lib/gcc/arm-none-eabi/9.3.1/../../../../arm-none-eabi/lib/thumb/v7-m/nofp\libstdc++_nano.a
LOAD d:/program files/stm32cubeide_1.8.0/stm32cubeide/plugins/com.st.stm32cube.ide.mcu.externaltools.gnu-tools-for-stm32.9-2020-q2-update.win32_2.0.0.202105311346/tools/bin/../lib/gcc/arm-none-eabi/9.3.1/../../../../arm-none-eabi/lib/thumb/v7-m/nofp\libm.a
LOAD d:/program files/stm32cubeide_1.8.0/stm32cubeide/plugins/com.st.stm32cube.ide.mcu.externaltools.gnu-tools-for-stm32.9-2020-q2-update.win32_2.0.0.202105311346/tools/bin/../lib/gcc/arm-none-eabi/9.3.1/../../../../arm-none-eabi/lib/thumb/v7-m/nofp\libc_nano.a
START GROUP
LOAD d:/program files/stm32cubeide_1.8.0/stm32cubeide/plugins/com.st.stm32cube.ide.mcu.externaltools.gnu-tools-for-stm32.9-2020-q2-update.win32_2.0.0.202105311346/tools/bin/../lib/gcc/arm-none-eabi/9.3.1/thumb/v7-m/nofp\libgcc.a
LOAD d:/program files/stm32cubeide_1.8.0/stm32cubeide/plugins/com.st.stm32cube.ide.mcu.externaltools.gnu-tools-for-stm32.9-2020-q2-update.win32_2.0.0.202105311346/tools/bin/../lib/gcc/arm-none-eabi/9.3.1/../../../../arm-none-eabi/lib/thumb/v7-m/nofp\libc_nano.a
END GROUP
START GROUP
LOAD d:/program files/stm32cubeide_1.8.0/stm32cubeide/plugins/com.st.stm32cube.ide.mcu.externaltools.gnu-tools-for-stm32.9-2020-q2-update.win32_2.0.0.202105311346/tools/bin/../lib/gcc/arm-none-eabi/9.3.1/thumb/v7-m/nofp\libgcc.a
LOAD d:/program files/stm32cubeide_1.8.0/stm32cubeide/plugins/com.st.stm32cube.ide.mcu.externaltools.gnu-tools-for-stm32.9-2020-q2-update.win32_2.0.0.202105311346/tools/bin/../lib/gcc/arm-none-eabi/9.3.1/../../../../arm-none-eabi/lib/thumb/v7-m/nofp\libc_nano.a
LOAD d:/program files/stm32cubeide_1.8.0/stm32cubeide/plugins/com.st.stm32cube.ide.mcu.externaltools.gnu-tools-for-stm32.9-2020-q2-update.win32_2.0.0.202105311346/tools/bin/../lib/gcc/arm-none-eabi/9.3.1/../../../../arm-none-eabi/lib/thumb/v7-m/nofp\libnosys.a
END GROUP
START GROUP
LOAD d:/program files/stm32cubeide_1.8.0/stm32cubeide/plugins/com.st.stm32cube.ide.mcu.externaltools.gnu-tools-for-stm32.9-2020-q2-update.win32_2.0.0.202105311346/tools/bin/../lib/gcc/arm-none-eabi/9.3.1/thumb/v7-m/nofp\libgcc.a
LOAD d:/program files/stm32cubeide_1.8.0/stm32cubeide/plugins/com.st.stm32cube.ide.mcu.externaltools.gnu-tools-for-stm32.9-2020-q2-update.win32_2.0.0.202105311346/tools/bin/../lib/gcc/arm-none-eabi/9.3.1/../../../../arm-none-eabi/lib/thumb/v7-m/nofp\libc_nano.a
LOAD d:/program files/stm32cubeide_1.8.0/stm32cubeide/plugins/com.st.stm32cube.ide.mcu.externaltools.gnu-tools-for-stm32.9-2020-q2-update.win32_2.0.0.202105311346/tools/bin/../lib/gcc/arm-none-eabi/9.3.1/../../../../arm-none-eabi/lib/thumb/v7-m/nofp\libnosys.a
END GROUP
LOAD d:/program files/stm32cubeide_1.8.0/stm32cubeide/plugins/com.st.stm32cube.ide.mcu.externaltools.gnu-tools-for-stm32.9-2020-q2-update.win32_2.0.0.202105311346/tools/bin/../lib/gcc/arm-none-eabi/9.3.1/thumb/v7-m/nofp/crtend.o
LOAD d:/program files/stm32cubeide_1.8.0/stm32cubeide/plugins/com.st.stm32cube.ide.mcu.externaltools.gnu-tools-for-stm32.9-2020-q2-update.win32_2.0.0.202105311346/tools/bin/../lib/gcc/arm-none-eabi/9.3.1/thumb/v7-m/nofp/crtn.o
                0x0000000020020000                _estack = (ORIGIN (RAM) + LENGTH (RAM))
                0x0000000000000200                _Min_Heap_Size = 0x200
                0x0000000000000400                _Min_Stack_Size = 0x400

.isr_vector     0x0000000008000000      0x184
                0x0000000008000000                . = ALIGN (0x4)
 *(.isr_vector)
 .isr_vector    0x0000000008000000      0x184 ./Core/Startup/startup_stm32f205rgtx.o
                0x0000000008000000                g_pfnVectors
                0x0000000008000184                . = ALIGN (0x4)

.text           0x0000000008000188     0xb714
                0x0000000008000188                . = ALIGN (0x4)
 *(.text)
 .text          0x0000000008000188       0x40 d:/program files/stm32cubeide_1.8.0/stm32cubeide/plugins/com.st.stm32cube.ide.mcu.externaltools.gnu-tools-for-stm32.9-2020-q2-update.win32_2.0.0.202105311346/tools/bin/../lib/gcc/arm-none-eabi/9.3.1/thumb/v7-m/nofp/crtbegin.o
 .text          0x00000000080001c8      0x378 d:/program files/stm32cubeide_1.8.0/stm32cubeide/plugins/com.st.stm32cube.ide.mcu.externaltools.gnu-tools-for-stm32.9-2020-q2-update.win32_2.0.0.202105311346/tools/bin/../lib/gcc/arm-none-eabi/9.3.1/thumb/v7-m/nofp\libgcc.a(_arm_addsubdf3.o)
                0x00000000080001c8                __aeabi_drsub
                0x00000000080001d0                __aeabi_dsub
                0x00000000080001d0                __subdf3
                0x00000000080001d4                __aeabi_dadd
                0x00000000080001d4                __adddf3
                0x000000000800044c                __floatunsidf
                0x000000000800044c                __aeabi_ui2d
                0x000000000800046c                __floatsidf
                0x000000000800046c                __aeabi_i2d
                0x0000000008000490                __aeabi_f2d
                0x0000000008000490                __extendsfdf2
                0x00000000080004d4                __floatundidf
                0x00000000080004d4                __aeabi_ul2d
                0x00000000080004e4                __floatdidf
                0x00000000080004e4                __aeabi_l2d
 .text          0x0000000008000540      0x424 d:/program files/stm32cubeide_1.8.0/stm32cubeide/plugins/com.st.stm32cube.ide.mcu.externaltools.gnu-tools-for-stm32.9-2020-q2-update.win32_2.0.0.202105311346/tools/bin/../lib/gcc/arm-none-eabi/9.3.1/thumb/v7-m/nofp\libgcc.a(_arm_muldivdf3.o)
                0x0000000008000540                __aeabi_dmul
                0x0000000008000540                __muldf3
                0x0000000008000794                __divdf3
                0x0000000008000794                __aeabi_ddiv
 .text          0x0000000008000964       0x40 d:/program files/stm32cubeide_1.8.0/stm32cubeide/plugins/com.st.stm32cube.ide.mcu.externaltools.gnu-tools-for-stm32.9-2020-q2-update.win32_2.0.0.202105311346/tools/bin/../lib/gcc/arm-none-eabi/9.3.1/thumb/v7-m/nofp\libgcc.a(_arm_fixunsdfsi.o)
                0x0000000008000964                __aeabi_d2uiz
                0x0000000008000964                __fixunsdfsi
 .text          0x00000000080009a4      0x21c d:/program files/stm32cubeide_1.8.0/stm32cubeide/plugins/com.st.stm32cube.ide.mcu.externaltools.gnu-tools-for-stm32.9-2020-q2-update.win32_2.0.0.202105311346/tools/bin/../lib/gcc/arm-none-eabi/9.3.1/thumb/v7-m/nofp\libgcc.a(_arm_addsubsf3.o)
                0x00000000080009a4                __aeabi_frsub
                0x00000000080009ac                __subsf3
                0x00000000080009ac                __aeabi_fsub
                0x00000000080009b0                __aeabi_fadd
                0x00000000080009b0                __addsf3
                0x0000000008000b10                __aeabi_ui2f
                0x0000000008000b10                __floatunsisf
                0x0000000008000b18                __aeabi_i2f
                0x0000000008000b18                __floatsisf
                0x0000000008000b34                __aeabi_ul2f
                0x0000000008000b34                __floatundisf
                0x0000000008000b44                __aeabi_l2f
                0x0000000008000b44                __floatdisf
 .text          0x0000000008000bc0      0x2a0 d:/program files/stm32cubeide_1.8.0/stm32cubeide/plugins/com.st.stm32cube.ide.mcu.externaltools.gnu-tools-for-stm32.9-2020-q2-update.win32_2.0.0.202105311346/tools/bin/../lib/gcc/arm-none-eabi/9.3.1/thumb/v7-m/nofp\libgcc.a(_arm_muldivsf3.o)
                0x0000000008000bc0                __mulsf3
                0x0000000008000bc0                __aeabi_fmul
                0x0000000008000d28                __aeabi_fdiv
                0x0000000008000d28                __divsf3
 .text          0x0000000008000e60       0xec d:/program files/stm32cubeide_1.8.0/stm32cubeide/plugins/com.st.stm32cube.ide.mcu.externaltools.gnu-tools-for-stm32.9-2020-q2-update.win32_2.0.0.202105311346/tools/bin/../lib/gcc/arm-none-eabi/9.3.1/thumb/v7-m/nofp\libgcc.a(_arm_cmpsf2.o)
                0x0000000008000e60                __gesf2
                0x0000000008000e60                __gtsf2
                0x0000000008000e68                __lesf2
                0x0000000008000e68                __ltsf2
                0x0000000008000e70                __nesf2
                0x0000000008000e70                __eqsf2
                0x0000000008000e70                __cmpsf2
                0x0000000008000ed0                __aeabi_cfrcmple
                0x0000000008000ed8                __aeabi_cfcmpeq
                0x0000000008000ed8                __aeabi_cfcmple
                0x0000000008000ee8                __aeabi_fcmpeq
                0x0000000008000efc                __aeabi_fcmplt
                0x0000000008000f10                __aeabi_fcmple
                0x0000000008000f24                __aeabi_fcmpge
                0x0000000008000f38                __aeabi_fcmpgt
 .text          0x0000000008000f4c       0x40 d:/program files/stm32cubeide_1.8.0/stm32cubeide/plugins/com.st.stm32cube.ide.mcu.externaltools.gnu-tools-for-stm32.9-2020-q2-update.win32_2.0.0.202105311346/tools/bin/../lib/gcc/arm-none-eabi/9.3.1/thumb/v7-m/nofp\libgcc.a(_arm_fixunssfsi.o)
                0x0000000008000f4c                __fixunssfsi
                0x0000000008000f4c                __aeabi_f2uiz
 .text          0x0000000008000f8c       0x30 d:/program files/stm32cubeide_1.8.0/stm32cubeide/plugins/com.st.stm32cube.ide.mcu.externaltools.gnu-tools-for-stm32.9-2020-q2-update.win32_2.0.0.202105311346/tools/bin/../lib/gcc/arm-none-eabi/9.3.1/thumb/v7-m/nofp\libgcc.a(_aeabi_uldivmod.o)
                0x0000000008000f8c                __aeabi_uldivmod
 .text          0x0000000008000fbc      0x2c4 d:/program files/stm32cubeide_1.8.0/stm32cubeide/plugins/com.st.stm32cube.ide.mcu.externaltools.gnu-tools-for-stm32.9-2020-q2-update.win32_2.0.0.202105311346/tools/bin/../lib/gcc/arm-none-eabi/9.3.1/thumb/v7-m/nofp\libgcc.a(_udivmoddi4.o)
                0x0000000008000fbc                __udivmoddi4
 .text          0x0000000008001280        0x4 d:/program files/stm32cubeide_1.8.0/stm32cubeide/plugins/com.st.stm32cube.ide.mcu.externaltools.gnu-tools-for-stm32.9-2020-q2-update.win32_2.0.0.202105311346/tools/bin/../lib/gcc/arm-none-eabi/9.3.1/thumb/v7-m/nofp\libgcc.a(_dvmd_tls.o)
                0x0000000008001280                __aeabi_idiv0
                0x0000000008001280                __aeabi_ldiv0
 *(.text*)
 .text._Z8readBitshhhhPh
                0x0000000008001284       0xbc ./Core/Src/I2Cdev.o
                0x0000000008001284                readBits(unsigned char, unsigned char, unsigned char, unsigned char, unsigned char*)
 .text._Z8readBytehhPh
                0x0000000008001340       0x74 ./Core/Src/I2Cdev.o
                0x0000000008001340                readByte(unsigned char, unsigned char, unsigned char*)
 .text._Z9readByteshhhPh
                0x00000000080013b4       0xec ./Core/Src/I2Cdev.o
                0x00000000080013b4                readBytes(unsigned char, unsigned char, unsigned char, unsigned char*)
 .text._Z8writeBithhhh
                0x00000000080014a0       0xf8 ./Core/Src/I2Cdev.o
                0x00000000080014a0                writeBit(unsigned char, unsigned char, unsigned char, unsigned char)
 .text._Z9writeBitshhhhh
                0x0000000008001598      0x118 ./Core/Src/I2Cdev.o
                0x0000000008001598                writeBits(unsigned char, unsigned char, unsigned char, unsigned char, unsigned char)
 .text._Z9writeBytehhh
                0x00000000080016b0       0x70 ./Core/Src/I2Cdev.o
                0x00000000080016b0                writeByte(unsigned char, unsigned char, unsigned char)
 .text._Z10writeByteshhhPh
                0x0000000008001720       0x8c ./Core/Src/I2Cdev.o
                0x0000000008001720                writeBytes(unsigned char, unsigned char, unsigned char, unsigned char*)
 .text._Z26MPU6050_readDMP_Quaterionsv
                0x00000000080017ac      0x1e0 ./Core/Src/MPU6050.o
                0x00000000080017ac                MPU6050_readDMP_Quaterions()
 .text._ZN7MPU6050C2Ev
                0x000000000800198c       0x1a ./Core/Src/MPU6050.o
                0x000000000800198c                MPU6050::MPU6050()
                0x000000000800198c                MPU6050::MPU6050()
 .text._ZN7MPU605010initializeEv
                0x00000000080019a6       0x30 ./Core/Src/MPU6050.o
                0x00000000080019a6                MPU6050::initialize()
 .text._ZN7MPU60507setRateEh
                0x00000000080019d6       0x22 ./Core/Src/MPU6050.o
                0x00000000080019d6                MPU6050::setRate(unsigned char)
 .text._ZN7MPU605020setExternalFrameSyncEh
                0x00000000080019f8       0x26 ./Core/Src/MPU6050.o
                0x00000000080019f8                MPU6050::setExternalFrameSync(unsigned char)
 .text._ZN7MPU605011setDLPFModeEh
                0x0000000008001a1e       0x26 ./Core/Src/MPU6050.o
                0x0000000008001a1e                MPU6050::setDLPFMode(unsigned char)
 .text._ZN7MPU605021setFullScaleGyroRangeEh
                0x0000000008001a44       0x26 ./Core/Src/MPU6050.o
                0x0000000008001a44                MPU6050::setFullScaleGyroRange(unsigned char)
 .text._ZN7MPU605022setFullScaleAccelRangeEh
                0x0000000008001a6a       0x26 ./Core/Src/MPU6050.o
                0x0000000008001a6a                MPU6050::setFullScaleAccelRange(unsigned char)
 .text._ZN7MPU605027setMotionDetectionThresholdEh
                0x0000000008001a90       0x22 ./Core/Src/MPU6050.o
                0x0000000008001a90                MPU6050::setMotionDetectionThreshold(unsigned char)
 .text._ZN7MPU605026setMotionDetectionDurationEh
                0x0000000008001ab2       0x22 ./Core/Src/MPU6050.o
                0x0000000008001ab2                MPU6050::setMotionDetectionDuration(unsigned char)
 .text._ZN7MPU605031setZeroMotionDetectionThresholdEh
                0x0000000008001ad4       0x22 ./Core/Src/MPU6050.o
                0x0000000008001ad4                MPU6050::setZeroMotionDetectionThreshold(unsigned char)
 .text._ZN7MPU605030setZeroMotionDetectionDurationEh
                0x0000000008001af6       0x22 ./Core/Src/MPU6050.o
                0x0000000008001af6                MPU6050::setZeroMotionDetectionDuration(unsigned char)
 .text._ZN7MPU605015setSlaveAddressEhh
                0x0000000008001b18       0x3a ./Core/Src/MPU6050.o
                0x0000000008001b18                MPU6050::setSlaveAddress(unsigned char, unsigned char)
 .text._ZN7MPU605013setIntEnabledEh
                0x0000000008001b52       0x22 ./Core/Src/MPU6050.o
                0x0000000008001b52                MPU6050::setIntEnabled(unsigned char)
 .text._ZN7MPU605012getIntStatusEv
                0x0000000008001b74       0x24 ./Core/Src/MPU6050.o
                0x0000000008001b74                MPU6050::getIntStatus()
 .text._ZN7MPU605014setFIFOEnabledEb
                0x0000000008001b98       0x22 ./Core/Src/MPU6050.o
                0x0000000008001b98                MPU6050::setFIFOEnabled(bool)
 .text._ZN7MPU605023setI2CMasterModeEnabledEb
                0x0000000008001bba       0x22 ./Core/Src/MPU6050.o
                0x0000000008001bba                MPU6050::setI2CMasterModeEnabled(bool)
 .text._ZN7MPU60509resetFIFOEv
                0x0000000008001bdc       0x1e ./Core/Src/MPU6050.o
                0x0000000008001bdc                MPU6050::resetFIFO()
 .text._ZN7MPU605014resetI2CMasterEv
                0x0000000008001bfa       0x1e ./Core/Src/MPU6050.o
                0x0000000008001bfa                MPU6050::resetI2CMaster()
 .text._ZN7MPU60505resetEv
                0x0000000008001c18       0x1e ./Core/Src/MPU6050.o
                0x0000000008001c18                MPU6050::reset()
 .text._ZN7MPU605015setSleepEnabledEb
                0x0000000008001c36       0x22 ./Core/Src/MPU6050.o
                0x0000000008001c36                MPU6050::setSleepEnabled(bool)
 .text._ZN7MPU605014setClockSourceEh
                0x0000000008001c58       0x26 ./Core/Src/MPU6050.o
                0x0000000008001c58                MPU6050::setClockSource(unsigned char)
 .text._ZN7MPU605012getFIFOCountEv
                0x0000000008001c7e       0x34 ./Core/Src/MPU6050.o
                0x0000000008001c7e                MPU6050::getFIFOCount()
 .text._ZN7MPU605012getFIFOBytesEPhh
                0x0000000008001cb2       0x32 ./Core/Src/MPU6050.o
                0x0000000008001cb2                MPU6050::getFIFOBytes(unsigned char*, unsigned char)
 .text._ZN7MPU605015setOTPBankValidEb
                0x0000000008001ce4       0x22 ./Core/Src/MPU6050.o
                0x0000000008001ce4                MPU6050::setOTPBankValid(bool)
 .text._ZN7MPU605016getXGyroOffsetTCEv
                0x0000000008001d06       0x2a ./Core/Src/MPU6050.o
                0x0000000008001d06                MPU6050::getXGyroOffsetTC()
 .text._ZN7MPU605016setXGyroOffsetTCEa
                0x0000000008001d30       0x26 ./Core/Src/MPU6050.o
                0x0000000008001d30                MPU6050::setXGyroOffsetTC(signed char)
 .text._ZN7MPU605016getYGyroOffsetTCEv
                0x0000000008001d56       0x2a ./Core/Src/MPU6050.o
                0x0000000008001d56                MPU6050::getYGyroOffsetTC()
 .text._ZN7MPU605016setYGyroOffsetTCEa
                0x0000000008001d80       0x26 ./Core/Src/MPU6050.o
                0x0000000008001d80                MPU6050::setYGyroOffsetTC(signed char)
 .text._ZN7MPU605016getZGyroOffsetTCEv
                0x0000000008001da6       0x2a ./Core/Src/MPU6050.o
                0x0000000008001da6                MPU6050::getZGyroOffsetTC()
 .text._ZN7MPU605016setZGyroOffsetTCEa
                0x0000000008001dd0       0x26 ./Core/Src/MPU6050.o
                0x0000000008001dd0                MPU6050::setZGyroOffsetTC(signed char)
 .text._ZN7MPU605013setDMPEnabledEb
                0x0000000008001df6       0x22 ./Core/Src/MPU6050.o
                0x0000000008001df6                MPU6050::setDMPEnabled(bool)
 .text._ZN7MPU60508resetDMPEv
                0x0000000008001e18       0x1e ./Core/Src/MPU6050.o
                0x0000000008001e18                MPU6050::resetDMP()
 .text._ZN7MPU605013setMemoryBankEhbb
                0x0000000008001e36       0x54 ./Core/Src/MPU6050.o
                0x0000000008001e36                MPU6050::setMemoryBank(unsigned char, bool, bool)
 .text._ZN7MPU605021setMemoryStartAddressEh
                0x0000000008001e8a       0x22 ./Core/Src/MPU6050.o
                0x0000000008001e8a                MPU6050::setMemoryStartAddress(unsigned char)
 .text._ZN7MPU605015readMemoryBlockEPhthh
                0x0000000008001eac       0xcc ./Core/Src/MPU6050.o
                0x0000000008001eac                MPU6050::readMemoryBlock(unsigned char*, unsigned short, unsigned char, unsigned char)
 .text._ZN7MPU605016writeMemoryBlockEPKhthhbb
                0x0000000008001f78      0x1aa ./Core/Src/MPU6050.o
                0x0000000008001f78                MPU6050::writeMemoryBlock(unsigned char const*, unsigned short, unsigned char, unsigned char, bool, bool)
 .text._ZN7MPU605020writeProgMemoryBlockEPKhthhb
                0x0000000008002122       0x3a ./Core/Src/MPU6050.o
                0x0000000008002122                MPU6050::writeProgMemoryBlock(unsigned char const*, unsigned short, unsigned char, unsigned char, bool)
 .text._ZN7MPU605024writeDMPConfigurationSetEPKhtb
                0x000000000800215c      0x190 ./Core/Src/MPU6050.o
                0x000000000800215c                MPU6050::writeDMPConfigurationSet(unsigned char const*, unsigned short, bool)
 .text._ZN7MPU605028writeProgDMPConfigurationSetEPKht
                0x00000000080022ec       0x24 ./Core/Src/MPU6050.o
                0x00000000080022ec                MPU6050::writeProgDMPConfigurationSet(unsigned char const*, unsigned short)
 .text._ZN7MPU605013setDMPConfig1Eh
                0x0000000008002310       0x22 ./Core/Src/MPU6050.o
                0x0000000008002310                MPU6050::setDMPConfig1(unsigned char)
 .text._ZN7MPU605013setDMPConfig2Eh
                0x0000000008002332       0x22 ./Core/Src/MPU6050.o
                0x0000000008002332                MPU6050::setDMPConfig2(unsigned char)
 .text._ZN7MPU605013dmpInitializeEv
                0x0000000008002354      0x524 ./Core/Src/MPU6050.o
                0x0000000008002354                MPU6050::dmpInitialize()
 .text._Z9read_SBUSv
                0x0000000008002878       0xb0 ./Core/Src/SBUS.o
                0x0000000008002878                read_SBUS()
 .text.main     0x0000000008002928       0x94 ./Core/Src/main.o
                0x0000000008002928                main
 .text._Z18SystemClock_Configv
                0x00000000080029bc       0xa0 ./Core/Src/main.o
                0x00000000080029bc                SystemClock_Config()
 .text._ZL12MX_NVIC_Initv
                0x0000000008002a5c       0x18 ./Core/Src/main.o
 .text._ZL12MX_ADC1_Initv
                0x0000000008002a74       0x7c ./Core/Src/main.o
 .text.MX_I2C1_Init
                0x0000000008002af0       0x68 ./Core/Src/main.o
                0x0000000008002af0                MX_I2C1_Init
 .text._ZL13MX_TIM11_Initv
                0x0000000008002b58       0x50 ./Core/Src/main.o
 .text._ZL13MX_TIM13_Initv
                0x0000000008002ba8       0x50 ./Core/Src/main.o
 .text._ZL13MX_TIM14_Initv
                0x0000000008002bf8       0x50 ./Core/Src/main.o
 .text._ZL12MX_GPIO_Initv
                0x0000000008002c48      0x164 ./Core/Src/main.o
 .text.HAL_TIM_PeriodElapsedCallback
                0x0000000008002dac       0xd0 ./Core/Src/main.o
                0x0000000008002dac                HAL_TIM_PeriodElapsedCallback
 .text.HAL_GPIO_EXTI_Callback
                0x0000000008002e7c       0x20 ./Core/Src/main.o
                0x0000000008002e7c                HAL_GPIO_EXTI_Callback
 .text.ADC_Select_Channel_11
                0x0000000008002e9c       0x50 ./Core/Src/main.o
                0x0000000008002e9c                ADC_Select_Channel_11
 .text.ADC_Select_Channel_12
                0x0000000008002eec       0x4c ./Core/Src/main.o
                0x0000000008002eec                ADC_Select_Channel_12
 .text.Error_Handler
                0x0000000008002f38        0xa ./Core/Src/main.o
                0x0000000008002f38                Error_Handler
 *fill*         0x0000000008002f42        0x2 
 .text._Z41__static_initialization_and_destruction_0ii
                0x0000000008002f44       0x50 ./Core/Src/main.o
 .text._GLOBAL__sub_I_hadc1
                0x0000000008002f94       0x10 ./Core/Src/main.o
 .text._ZSt4atanf
                0x0000000008002fa4       0x18 ./Core/Src/realMain.o
                0x0000000008002fa4                std::atan(float)
 .text._Z4loopv
                0x0000000008002fbc      0x248 ./Core/Src/realMain.o
                0x0000000008002fbc                loop()
 *fill*         0x0000000008003204        0x4 
 .text._Z10motorAnglell
                0x0000000008003208       0xfc ./Core/Src/realMain.o
                0x0000000008003208                motorAngle(long, long)
 .text.HAL_MspInit
                0x0000000008003304       0x4c ./Core/Src/stm32f2xx_hal_msp.o
                0x0000000008003304                HAL_MspInit
 .text.HAL_ADC_MspInit
                0x0000000008003350       0x88 ./Core/Src/stm32f2xx_hal_msp.o
                0x0000000008003350                HAL_ADC_MspInit
 .text.HAL_I2C_MspInit
                0x00000000080033d8       0x90 ./Core/Src/stm32f2xx_hal_msp.o
                0x00000000080033d8                HAL_I2C_MspInit
 .text.HAL_TIM_Base_MspInit
                0x0000000008003468       0xb8 ./Core/Src/stm32f2xx_hal_msp.o
                0x0000000008003468                HAL_TIM_Base_MspInit
 .text.NMI_Handler
                0x0000000008003520        0xa ./Core/Src/stm32f2xx_it.o
                0x0000000008003520                NMI_Handler
 .text.HardFault_Handler
                0x000000000800352a        0x6 ./Core/Src/stm32f2xx_it.o
                0x000000000800352a                HardFault_Handler
 .text.MemManage_Handler
                0x0000000008003530        0x6 ./Core/Src/stm32f2xx_it.o
                0x0000000008003530                MemManage_Handler
 .text.BusFault_Handler
                0x0000000008003536        0x6 ./Core/Src/stm32f2xx_it.o
                0x0000000008003536                BusFault_Handler
 .text.UsageFault_Handler
                0x000000000800353c        0x6 ./Core/Src/stm32f2xx_it.o
                0x000000000800353c                UsageFault_Handler
 .text.SVC_Handler
                0x0000000008003542        0xc ./Core/Src/stm32f2xx_it.o
                0x0000000008003542                SVC_Handler
 .text.DebugMon_Handler
                0x000000000800354e        0xc ./Core/Src/stm32f2xx_it.o
                0x000000000800354e                DebugMon_Handler
 .text.PendSV_Handler
                0x000000000800355a        0xc ./Core/Src/stm32f2xx_it.o
                0x000000000800355a                PendSV_Handler
 .text.SysTick_Handler
                0x0000000008003566        0xc ./Core/Src/stm32f2xx_it.o
                0x0000000008003566                SysTick_Handler
 .text.EXTI0_IRQHandler
                0x0000000008003572        0xe ./Core/Src/stm32f2xx_it.o
                0x0000000008003572                EXTI0_IRQHandler
 .text.TIM8_UP_TIM13_IRQHandler
                0x0000000008003580       0x14 ./Core/Src/stm32f2xx_it.o
                0x0000000008003580                TIM8_UP_TIM13_IRQHandler
 .text.TIM8_TRG_COM_TIM14_IRQHandler
                0x0000000008003594       0x14 ./Core/Src/stm32f2xx_it.o
                0x0000000008003594                TIM8_TRG_COM_TIM14_IRQHandler
 .text.OTG_FS_IRQHandler
                0x00000000080035a8       0x14 ./Core/Src/stm32f2xx_it.o
                0x00000000080035a8                OTG_FS_IRQHandler
 .text._sbrk    0x00000000080035bc       0x6c ./Core/Src/sysmem.o
                0x00000000080035bc                _sbrk
 .text.SystemInit
                0x0000000008003628        0xc ./Core/Src/system_stm32f2xx.o
                0x0000000008003628                SystemInit
 .text.Reset_Handler
                0x0000000008003634       0x50 ./Core/Startup/startup_stm32f205rgtx.o
                0x0000000008003634                Reset_Handler
 .text.Default_Handler
                0x0000000008003684        0x2 ./Core/Startup/startup_stm32f205rgtx.o
                0x0000000008003684                RTC_Alarm_IRQHandler
                0x0000000008003684                HASH_RNG_IRQHandler
                0x0000000008003684                EXTI2_IRQHandler
                0x0000000008003684                TIM8_CC_IRQHandler
                0x0000000008003684                TIM1_CC_IRQHandler
                0x0000000008003684                DMA2_Stream5_IRQHandler
                0x0000000008003684                DMA1_Stream5_IRQHandler
                0x0000000008003684                PVD_IRQHandler
                0x0000000008003684                SDIO_IRQHandler
                0x0000000008003684                TAMP_STAMP_IRQHandler
                0x0000000008003684                CAN2_RX1_IRQHandler
                0x0000000008003684                EXTI3_IRQHandler
                0x0000000008003684                TIM1_UP_TIM10_IRQHandler
                0x0000000008003684                I2C3_ER_IRQHandler
                0x0000000008003684                I2C2_EV_IRQHandler
                0x0000000008003684                DMA1_Stream2_IRQHandler
                0x0000000008003684                CAN1_RX0_IRQHandler
                0x0000000008003684                OTG_HS_WKUP_IRQHandler
                0x0000000008003684                CAN2_SCE_IRQHandler
                0x0000000008003684                DMA2_Stream2_IRQHandler
                0x0000000008003684                SPI1_IRQHandler
                0x0000000008003684                TIM6_DAC_IRQHandler
                0x0000000008003684                TIM1_BRK_TIM9_IRQHandler
                0x0000000008003684                CAN2_RX0_IRQHandler
                0x0000000008003684                DMA2_Stream3_IRQHandler
                0x0000000008003684                USART6_IRQHandler
                0x0000000008003684                USART3_IRQHandler
                0x0000000008003684                CAN1_RX1_IRQHandler
                0x0000000008003684                UART5_IRQHandler
                0x0000000008003684                DMA2_Stream0_IRQHandler
                0x0000000008003684                TIM4_IRQHandler
                0x0000000008003684                I2C1_EV_IRQHandler
                0x0000000008003684                DMA1_Stream6_IRQHandler
                0x0000000008003684                DMA1_Stream1_IRQHandler
                0x0000000008003684                UART4_IRQHandler
                0x0000000008003684                TIM3_IRQHandler
                0x0000000008003684                RCC_IRQHandler
                0x0000000008003684                TIM8_BRK_TIM12_IRQHandler
                0x0000000008003684                Default_Handler
                0x0000000008003684                EXTI15_10_IRQHandler
                0x0000000008003684                ADC_IRQHandler
                0x0000000008003684                DMA1_Stream7_IRQHandler
                0x0000000008003684                TIM7_IRQHandler
                0x0000000008003684                CAN2_TX_IRQHandler
                0x0000000008003684                TIM5_IRQHandler
                0x0000000008003684                DMA2_Stream7_IRQHandler
                0x0000000008003684                I2C3_EV_IRQHandler
                0x0000000008003684                EXTI9_5_IRQHandler
                0x0000000008003684                RTC_WKUP_IRQHandler
                0x0000000008003684                SPI2_IRQHandler
                0x0000000008003684                OTG_HS_EP1_IN_IRQHandler
                0x0000000008003684                DMA1_Stream0_IRQHandler
                0x0000000008003684                CAN1_TX_IRQHandler
                0x0000000008003684                EXTI4_IRQHandler
                0x0000000008003684                FSMC_IRQHandler
                0x0000000008003684                OTG_HS_EP1_OUT_IRQHandler
                0x0000000008003684                WWDG_IRQHandler
                0x0000000008003684                TIM2_IRQHandler
                0x0000000008003684                OTG_FS_WKUP_IRQHandler
                0x0000000008003684                TIM1_TRG_COM_TIM11_IRQHandler
                0x0000000008003684                OTG_HS_IRQHandler
                0x0000000008003684                EXTI1_IRQHandler
                0x0000000008003684                USART2_IRQHandler
                0x0000000008003684                I2C2_ER_IRQHandler
                0x0000000008003684                DMA2_Stream1_IRQHandler
                0x0000000008003684                CAN1_SCE_IRQHandler
                0x0000000008003684                FLASH_IRQHandler
                0x0000000008003684                DMA2_Stream4_IRQHandler
                0x0000000008003684                USART1_IRQHandler
                0x0000000008003684                SPI3_IRQHandler
                0x0000000008003684                DMA1_Stream4_IRQHandler
                0x0000000008003684                I2C1_ER_IRQHandler
                0x0000000008003684                DMA2_Stream6_IRQHandler
                0x0000000008003684                DMA1_Stream3_IRQHandler
 *fill*         0x0000000008003686        0x2 
 .text.HAL_Init
                0x0000000008003688       0x44 ./Drivers/STM32F2xx_HAL_Driver/Src/stm32f2xx_hal.o
                0x0000000008003688                HAL_Init
 .text.HAL_InitTick
                0x00000000080036cc       0x60 ./Drivers/STM32F2xx_HAL_Driver/Src/stm32f2xx_hal.o
                0x00000000080036cc                HAL_InitTick
 .text.HAL_IncTick
                0x000000000800372c       0x24 ./Drivers/STM32F2xx_HAL_Driver/Src/stm32f2xx_hal.o
                0x000000000800372c                HAL_IncTick
 .text.HAL_GetTick
                0x0000000008003750       0x14 ./Drivers/STM32F2xx_HAL_Driver/Src/stm32f2xx_hal.o
                0x0000000008003750                HAL_GetTick
 .text.HAL_Delay
                0x0000000008003764       0x48 ./Drivers/STM32F2xx_HAL_Driver/Src/stm32f2xx_hal.o
                0x0000000008003764                HAL_Delay
 .text.HAL_ADC_Init
                0x00000000080037ac       0x86 ./Drivers/STM32F2xx_HAL_Driver/Src/stm32f2xx_hal_adc.o
                0x00000000080037ac                HAL_ADC_Init
 *fill*         0x0000000008003832        0x2 
 .text.HAL_ADC_Start
                0x0000000008003834      0x160 ./Drivers/STM32F2xx_HAL_Driver/Src/stm32f2xx_hal_adc.o
                0x0000000008003834                HAL_ADC_Start
 .text.HAL_ADC_ConfigChannel
                0x0000000008003994      0x240 ./Drivers/STM32F2xx_HAL_Driver/Src/stm32f2xx_hal_adc.o
                0x0000000008003994                HAL_ADC_ConfigChannel
 .text.ADC_Init
                0x0000000008003bd4      0x20c ./Drivers/STM32F2xx_HAL_Driver/Src/stm32f2xx_hal_adc.o
 .text.__NVIC_SetPriorityGrouping
                0x0000000008003de0       0x48 ./Drivers/STM32F2xx_HAL_Driver/Src/stm32f2xx_hal_cortex.o
 .text.__NVIC_GetPriorityGrouping
                0x0000000008003e28       0x1c ./Drivers/STM32F2xx_HAL_Driver/Src/stm32f2xx_hal_cortex.o
 .text.__NVIC_EnableIRQ
                0x0000000008003e44       0x38 ./Drivers/STM32F2xx_HAL_Driver/Src/stm32f2xx_hal_cortex.o
 .text.__NVIC_DisableIRQ
                0x0000000008003e7c       0x48 ./Drivers/STM32F2xx_HAL_Driver/Src/stm32f2xx_hal_cortex.o
 .text.__NVIC_SetPriority
                0x0000000008003ec4       0x54 ./Drivers/STM32F2xx_HAL_Driver/Src/stm32f2xx_hal_cortex.o
 .text.NVIC_EncodePriority
                0x0000000008003f18       0x64 ./Drivers/STM32F2xx_HAL_Driver/Src/stm32f2xx_hal_cortex.o
 .text.SysTick_Config
                0x0000000008003f7c       0x44 ./Drivers/STM32F2xx_HAL_Driver/Src/stm32f2xx_hal_cortex.o
 .text.HAL_NVIC_SetPriorityGrouping
                0x0000000008003fc0       0x16 ./Drivers/STM32F2xx_HAL_Driver/Src/stm32f2xx_hal_cortex.o
                0x0000000008003fc0                HAL_NVIC_SetPriorityGrouping
 .text.HAL_NVIC_SetPriority
                0x0000000008003fd6       0x38 ./Drivers/STM32F2xx_HAL_Driver/Src/stm32f2xx_hal_cortex.o
                0x0000000008003fd6                HAL_NVIC_SetPriority
 .text.HAL_NVIC_EnableIRQ
                0x000000000800400e       0x1c ./Drivers/STM32F2xx_HAL_Driver/Src/stm32f2xx_hal_cortex.o
                0x000000000800400e                HAL_NVIC_EnableIRQ
 .text.HAL_NVIC_DisableIRQ
                0x000000000800402a       0x1c ./Drivers/STM32F2xx_HAL_Driver/Src/stm32f2xx_hal_cortex.o
                0x000000000800402a                HAL_NVIC_DisableIRQ
 .text.HAL_SYSTICK_Config
                0x0000000008004046       0x18 ./Drivers/STM32F2xx_HAL_Driver/Src/stm32f2xx_hal_cortex.o
                0x0000000008004046                HAL_SYSTICK_Config
 *fill*         0x000000000800405e        0x2 
 .text.HAL_GPIO_Init
                0x0000000008004060      0x33c ./Drivers/STM32F2xx_HAL_Driver/Src/stm32f2xx_hal_gpio.o
                0x0000000008004060                HAL_GPIO_Init
 .text.HAL_GPIO_WritePin
                0x000000000800439c       0x30 ./Drivers/STM32F2xx_HAL_Driver/Src/stm32f2xx_hal_gpio.o
                0x000000000800439c                HAL_GPIO_WritePin
 .text.HAL_GPIO_TogglePin
                0x00000000080043cc       0x32 ./Drivers/STM32F2xx_HAL_Driver/Src/stm32f2xx_hal_gpio.o
                0x00000000080043cc                HAL_GPIO_TogglePin
 *fill*         0x00000000080043fe        0x2 
 .text.HAL_GPIO_EXTI_IRQHandler
                0x0000000008004400       0x30 ./Drivers/STM32F2xx_HAL_Driver/Src/stm32f2xx_hal_gpio.o
                0x0000000008004400                HAL_GPIO_EXTI_IRQHandler
 .text.HAL_I2C_Init
                0x0000000008004430      0x288 ./Drivers/STM32F2xx_HAL_Driver/Src/stm32f2xx_hal_i2c.o
                0x0000000008004430                HAL_I2C_Init
 .text.HAL_I2C_Mem_Write
                0x00000000080046b8      0x1f4 ./Drivers/STM32F2xx_HAL_Driver/Src/stm32f2xx_hal_i2c.o
                0x00000000080046b8                HAL_I2C_Mem_Write
 .text.HAL_I2C_Mem_Read
                0x00000000080048ac      0x44c ./Drivers/STM32F2xx_HAL_Driver/Src/stm32f2xx_hal_i2c.o
                0x00000000080048ac                HAL_I2C_Mem_Read
 .text.I2C_RequestMemoryWrite
                0x0000000008004cf8      0x12c ./Drivers/STM32F2xx_HAL_Driver/Src/stm32f2xx_hal_i2c.o
 .text.I2C_RequestMemoryRead
                0x0000000008004e24      0x1d0 ./Drivers/STM32F2xx_HAL_Driver/Src/stm32f2xx_hal_i2c.o
 .text.I2C_WaitOnFlagUntilTimeout
                0x0000000008004ff4       0xae ./Drivers/STM32F2xx_HAL_Driver/Src/stm32f2xx_hal_i2c.o
 .text.I2C_WaitOnMasterAddressFlagUntilTimeout
                0x00000000080050a2       0xfe ./Drivers/STM32F2xx_HAL_Driver/Src/stm32f2xx_hal_i2c.o
 .text.I2C_WaitOnTXEFlagUntilTimeout
                0x00000000080051a0       0x82 ./Drivers/STM32F2xx_HAL_Driver/Src/stm32f2xx_hal_i2c.o
 .text.I2C_WaitOnBTFFlagUntilTimeout
                0x0000000008005222       0x82 ./Drivers/STM32F2xx_HAL_Driver/Src/stm32f2xx_hal_i2c.o
 .text.I2C_WaitOnRXNEFlagUntilTimeout
                0x00000000080052a4       0xac ./Drivers/STM32F2xx_HAL_Driver/Src/stm32f2xx_hal_i2c.o
 .text.I2C_IsAcknowledgeFailed
                0x0000000008005350       0x5c ./Drivers/STM32F2xx_HAL_Driver/Src/stm32f2xx_hal_i2c.o
 .text.HAL_PCD_Init
                0x00000000080053ac      0x23a ./Drivers/STM32F2xx_HAL_Driver/Src/stm32f2xx_hal_pcd.o
                0x00000000080053ac                HAL_PCD_Init
 .text.HAL_PCD_Start
                0x00000000080055e6       0x44 ./Drivers/STM32F2xx_HAL_Driver/Src/stm32f2xx_hal_pcd.o
                0x00000000080055e6                HAL_PCD_Start
 .text.HAL_PCD_IRQHandler
                0x000000000800562a      0x748 ./Drivers/STM32F2xx_HAL_Driver/Src/stm32f2xx_hal_pcd.o
                0x000000000800562a                HAL_PCD_IRQHandler
 .text.HAL_PCD_SetAddress
                0x0000000008005d72       0x4a ./Drivers/STM32F2xx_HAL_Driver/Src/stm32f2xx_hal_pcd.o
                0x0000000008005d72                HAL_PCD_SetAddress
 .text.HAL_PCD_EP_Open
                0x0000000008005dbc       0xd0 ./Drivers/STM32F2xx_HAL_Driver/Src/stm32f2xx_hal_pcd.o
                0x0000000008005dbc                HAL_PCD_EP_Open
 .text.HAL_PCD_EP_Close
                0x0000000008005e8c       0x94 ./Drivers/STM32F2xx_HAL_Driver/Src/stm32f2xx_hal_pcd.o
                0x0000000008005e8c                HAL_PCD_EP_Close
 .text.HAL_PCD_EP_Receive
                0x0000000008005f20       0x96 ./Drivers/STM32F2xx_HAL_Driver/Src/stm32f2xx_hal_pcd.o
                0x0000000008005f20                HAL_PCD_EP_Receive
 .text.HAL_PCD_EP_GetRxCount
                0x0000000008005fb6       0x2e ./Drivers/STM32F2xx_HAL_Driver/Src/stm32f2xx_hal_pcd.o
                0x0000000008005fb6                HAL_PCD_EP_GetRxCount
 .text.HAL_PCD_EP_Transmit
                0x0000000008005fe4       0x94 ./Drivers/STM32F2xx_HAL_Driver/Src/stm32f2xx_hal_pcd.o
                0x0000000008005fe4                HAL_PCD_EP_Transmit
 .text.HAL_PCD_EP_SetStall
                0x0000000008006078       0xc8 ./Drivers/STM32F2xx_HAL_Driver/Src/stm32f2xx_hal_pcd.o
                0x0000000008006078                HAL_PCD_EP_SetStall
 .text.HAL_PCD_EP_ClrStall
                0x0000000008006140       0xac ./Drivers/STM32F2xx_HAL_Driver/Src/stm32f2xx_hal_pcd.o
                0x0000000008006140                HAL_PCD_EP_ClrStall
 .text.PCD_WriteEmptyTxFifo
                0x00000000080061ec      0x11a ./Drivers/STM32F2xx_HAL_Driver/Src/stm32f2xx_hal_pcd.o
 *fill*         0x0000000008006306        0x2 
 .text.PCD_EP_OutXfrComplete_int
                0x0000000008006308      0x218 ./Drivers/STM32F2xx_HAL_Driver/Src/stm32f2xx_hal_pcd.o
 .text.PCD_EP_OutSetupPacket_int
                0x0000000008006520       0x8c ./Drivers/STM32F2xx_HAL_Driver/Src/stm32f2xx_hal_pcd.o
 .text.HAL_PCDEx_SetTxFiFo
                0x00000000080065ac       0x8c ./Drivers/STM32F2xx_HAL_Driver/Src/stm32f2xx_hal_pcd_ex.o
                0x00000000080065ac                HAL_PCDEx_SetTxFiFo
 .text.HAL_PCDEx_SetRxFiFo
                0x0000000008006638       0x20 ./Drivers/STM32F2xx_HAL_Driver/Src/stm32f2xx_hal_pcd_ex.o
                0x0000000008006638                HAL_PCDEx_SetRxFiFo
 .text.HAL_RCC_OscConfig
                0x0000000008006658      0x4a0 ./Drivers/STM32F2xx_HAL_Driver/Src/stm32f2xx_hal_rcc.o
                0x0000000008006658                HAL_RCC_OscConfig
 .text.HAL_RCC_ClockConfig
                0x0000000008006af8      0x1d8 ./Drivers/STM32F2xx_HAL_Driver/Src/stm32f2xx_hal_rcc.o
                0x0000000008006af8                HAL_RCC_ClockConfig
 .text.HAL_RCC_EnableCSS
                0x0000000008006cd0       0x18 ./Drivers/STM32F2xx_HAL_Driver/Src/stm32f2xx_hal_rcc.o
                0x0000000008006cd0                HAL_RCC_EnableCSS
 .text.HAL_RCC_GetSysClockFreq
                0x0000000008006ce8      0x1c0 ./Drivers/STM32F2xx_HAL_Driver/Src/stm32f2xx_hal_rcc.o
                0x0000000008006ce8                HAL_RCC_GetSysClockFreq
 .text.HAL_RCC_GetHCLKFreq
                0x0000000008006ea8       0x14 ./Drivers/STM32F2xx_HAL_Driver/Src/stm32f2xx_hal_rcc.o
                0x0000000008006ea8                HAL_RCC_GetHCLKFreq
 .text.HAL_RCC_GetPCLK1Freq
                0x0000000008006ebc       0x44 ./Drivers/STM32F2xx_HAL_Driver/Src/stm32f2xx_hal_rcc.o
                0x0000000008006ebc                HAL_RCC_GetPCLK1Freq
 .text.HAL_RCC_NMI_IRQHandler
                0x0000000008006f00       0x28 ./Drivers/STM32F2xx_HAL_Driver/Src/stm32f2xx_hal_rcc.o
                0x0000000008006f00                HAL_RCC_NMI_IRQHandler
 .text.HAL_RCC_CSSCallback
                0x0000000008006f28        0xc ./Drivers/STM32F2xx_HAL_Driver/Src/stm32f2xx_hal_rcc.o
                0x0000000008006f28                HAL_RCC_CSSCallback
 .text.HAL_TIM_Base_Init
                0x0000000008006f34       0x9e ./Drivers/STM32F2xx_HAL_Driver/Src/stm32f2xx_hal_tim.o
                0x0000000008006f34                HAL_TIM_Base_Init
 *fill*         0x0000000008006fd2        0x2 
 .text.HAL_TIM_Base_Start
                0x0000000008006fd4       0xcc ./Drivers/STM32F2xx_HAL_Driver/Src/stm32f2xx_hal_tim.o
                0x0000000008006fd4                HAL_TIM_Base_Start
 .text.HAL_TIM_Base_Start_IT
                0x00000000080070a0       0xdc ./Drivers/STM32F2xx_HAL_Driver/Src/stm32f2xx_hal_tim.o
                0x00000000080070a0                HAL_TIM_Base_Start_IT
 .text.HAL_TIM_IRQHandler
                0x000000000800717c      0x210 ./Drivers/STM32F2xx_HAL_Driver/Src/stm32f2xx_hal_tim.o
                0x000000000800717c                HAL_TIM_IRQHandler
 .text.HAL_TIM_OC_DelayElapsedCallback
                0x000000000800738c       0x12 ./Drivers/STM32F2xx_HAL_Driver/Src/stm32f2xx_hal_tim.o
                0x000000000800738c                HAL_TIM_OC_DelayElapsedCallback
 .text.HAL_TIM_IC_CaptureCallback
                0x000000000800739e       0x12 ./Drivers/STM32F2xx_HAL_Driver/Src/stm32f2xx_hal_tim.o
                0x000000000800739e                HAL_TIM_IC_CaptureCallback
 .text.HAL_TIM_PWM_PulseFinishedCallback
                0x00000000080073b0       0x12 ./Drivers/STM32F2xx_HAL_Driver/Src/stm32f2xx_hal_tim.o
                0x00000000080073b0                HAL_TIM_PWM_PulseFinishedCallback
 .text.HAL_TIM_TriggerCallback
                0x00000000080073c2       0x12 ./Drivers/STM32F2xx_HAL_Driver/Src/stm32f2xx_hal_tim.o
                0x00000000080073c2                HAL_TIM_TriggerCallback
 .text.TIM_Base_SetConfig
                0x00000000080073d4      0x13c ./Drivers/STM32F2xx_HAL_Driver/Src/stm32f2xx_hal_tim.o
                0x00000000080073d4                TIM_Base_SetConfig
 .text.HAL_TIMEx_CommutCallback
                0x0000000008007510       0x12 ./Drivers/STM32F2xx_HAL_Driver/Src/stm32f2xx_hal_tim_ex.o
                0x0000000008007510                HAL_TIMEx_CommutCallback
 .text.HAL_TIMEx_BreakCallback
                0x0000000008007522       0x12 ./Drivers/STM32F2xx_HAL_Driver/Src/stm32f2xx_hal_tim_ex.o
                0x0000000008007522                HAL_TIMEx_BreakCallback
 .text.USB_CoreInit
                0x0000000008007534       0xae ./Drivers/STM32F2xx_HAL_Driver/Src/stm32f2xx_ll_usb.o
                0x0000000008007534                USB_CoreInit
 *fill*         0x00000000080075e2        0x2 
 .text.USB_SetTurnaroundTime
                0x00000000080075e4      0x144 ./Drivers/STM32F2xx_HAL_Driver/Src/stm32f2xx_ll_usb.o
                0x00000000080075e4                USB_SetTurnaroundTime
 .text.USB_EnableGlobalInt
                0x0000000008007728       0x20 ./Drivers/STM32F2xx_HAL_Driver/Src/stm32f2xx_ll_usb.o
                0x0000000008007728                USB_EnableGlobalInt
 .text.USB_DisableGlobalInt
                0x0000000008007748       0x20 ./Drivers/STM32F2xx_HAL_Driver/Src/stm32f2xx_ll_usb.o
                0x0000000008007748                USB_DisableGlobalInt
 .text.USB_SetCurrentMode
                0x0000000008007768       0x98 ./Drivers/STM32F2xx_HAL_Driver/Src/stm32f2xx_ll_usb.o
                0x0000000008007768                USB_SetCurrentMode
 .text.USB_DevInit
                0x0000000008007800      0x2c8 ./Drivers/STM32F2xx_HAL_Driver/Src/stm32f2xx_ll_usb.o
                0x0000000008007800                USB_DevInit
 .text.USB_FlushTxFifo
                0x0000000008007ac8       0x48 ./Drivers/STM32F2xx_HAL_Driver/Src/stm32f2xx_ll_usb.o
                0x0000000008007ac8                USB_FlushTxFifo
 .text.USB_FlushRxFifo
                0x0000000008007b10       0x40 ./Drivers/STM32F2xx_HAL_Driver/Src/stm32f2xx_ll_usb.o
                0x0000000008007b10                USB_FlushRxFifo
 .text.USB_SetDevSpeed
                0x0000000008007b50       0x30 ./Drivers/STM32F2xx_HAL_Driver/Src/stm32f2xx_ll_usb.o
                0x0000000008007b50                USB_SetDevSpeed
 .text.USB_GetDevSpeed
                0x0000000008007b80       0x48 ./Drivers/STM32F2xx_HAL_Driver/Src/stm32f2xx_ll_usb.o
                0x0000000008007b80                USB_GetDevSpeed
 .text.USB_ActivateEndpoint
                0x0000000008007bc8      0x10c ./Drivers/STM32F2xx_HAL_Driver/Src/stm32f2xx_ll_usb.o
                0x0000000008007bc8                USB_ActivateEndpoint
 .text.USB_DeactivateEndpoint
                0x0000000008007cd4      0x1b8 ./Drivers/STM32F2xx_HAL_Driver/Src/stm32f2xx_ll_usb.o
                0x0000000008007cd4                USB_DeactivateEndpoint
 .text.USB_EPStartXfer
                0x0000000008007e8c      0x488 ./Drivers/STM32F2xx_HAL_Driver/Src/stm32f2xx_ll_usb.o
                0x0000000008007e8c                USB_EPStartXfer
 .text.USB_EP0StartXfer
                0x0000000008008314      0x2a4 ./Drivers/STM32F2xx_HAL_Driver/Src/stm32f2xx_ll_usb.o
                0x0000000008008314                USB_EP0StartXfer
 .text.USB_WritePacket
                0x00000000080085b8       0x7a ./Drivers/STM32F2xx_HAL_Driver/Src/stm32f2xx_ll_usb.o
                0x00000000080085b8                USB_WritePacket
 .text.USB_ReadPacket
                0x0000000008008632       0xae ./Drivers/STM32F2xx_HAL_Driver/Src/stm32f2xx_ll_usb.o
                0x0000000008008632                USB_ReadPacket
 .text.USB_EPSetStall
                0x00000000080086e0       0xda ./Drivers/STM32F2xx_HAL_Driver/Src/stm32f2xx_ll_usb.o
                0x00000000080086e0                USB_EPSetStall
 .text.USB_EPClearStall
                0x00000000080087ba       0xca ./Drivers/STM32F2xx_HAL_Driver/Src/stm32f2xx_ll_usb.o
                0x00000000080087ba                USB_EPClearStall
 .text.USB_SetDevAddress
                0x0000000008008884       0x4a ./Drivers/STM32F2xx_HAL_Driver/Src/stm32f2xx_ll_usb.o
                0x0000000008008884                USB_SetDevAddress
 .text.USB_DevConnect
                0x00000000080088ce       0x40 ./Drivers/STM32F2xx_HAL_Driver/Src/stm32f2xx_ll_usb.o
                0x00000000080088ce                USB_DevConnect
 .text.USB_DevDisconnect
                0x000000000800890e       0x40 ./Drivers/STM32F2xx_HAL_Driver/Src/stm32f2xx_ll_usb.o
                0x000000000800890e                USB_DevDisconnect
 .text.USB_ReadInterrupts
                0x000000000800894e       0x24 ./Drivers/STM32F2xx_HAL_Driver/Src/stm32f2xx_ll_usb.o
                0x000000000800894e                USB_ReadInterrupts
 .text.USB_ReadDevAllOutEpInterrupt
                0x0000000008008972       0x32 ./Drivers/STM32F2xx_HAL_Driver/Src/stm32f2xx_ll_usb.o
                0x0000000008008972                USB_ReadDevAllOutEpInterrupt
 .text.USB_ReadDevAllInEpInterrupt
                0x00000000080089a4       0x32 ./Drivers/STM32F2xx_HAL_Driver/Src/stm32f2xx_ll_usb.o
                0x00000000080089a4                USB_ReadDevAllInEpInterrupt
 .text.USB_ReadDevOutEPInterrupt
                0x00000000080089d6       0x3a ./Drivers/STM32F2xx_HAL_Driver/Src/stm32f2xx_ll_usb.o
                0x00000000080089d6                USB_ReadDevOutEPInterrupt
 .text.USB_ReadDevInEPInterrupt
                0x0000000008008a10       0x5a ./Drivers/STM32F2xx_HAL_Driver/Src/stm32f2xx_ll_usb.o
                0x0000000008008a10                USB_ReadDevInEPInterrupt
 .text.USB_GetMode
                0x0000000008008a6a       0x1a ./Drivers/STM32F2xx_HAL_Driver/Src/stm32f2xx_ll_usb.o
                0x0000000008008a6a                USB_GetMode
 .text.USB_ActivateSetup
                0x0000000008008a84       0x44 ./Drivers/STM32F2xx_HAL_Driver/Src/stm32f2xx_ll_usb.o
                0x0000000008008a84                USB_ActivateSetup
 .text.USB_EP0_OutStart
                0x0000000008008ac8       0xb8 ./Drivers/STM32F2xx_HAL_Driver/Src/stm32f2xx_ll_usb.o
                0x0000000008008ac8                USB_EP0_OutStart
 .text.USB_CoreReset
                0x0000000008008b80       0x64 ./Drivers/STM32F2xx_HAL_Driver/Src/stm32f2xx_ll_usb.o
 .text.USBD_CDC_Init
                0x0000000008008be4       0xf6 ./Middlewares/ST/STM32_USB_Device_Library/Class/CDC/Src/usbd_cdc.o
 .text.USBD_CDC_DeInit
                0x0000000008008cda       0x6e ./Middlewares/ST/STM32_USB_Device_Library/Class/CDC/Src/usbd_cdc.o
 .text.USBD_CDC_Setup
                0x0000000008008d48      0x146 ./Middlewares/ST/STM32_USB_Device_Library/Class/CDC/Src/usbd_cdc.o
 .text.USBD_CDC_DataIn
                0x0000000008008e8e       0xa6 ./Middlewares/ST/STM32_USB_Device_Library/Class/CDC/Src/usbd_cdc.o
 .text.USBD_CDC_DataOut
                0x0000000008008f34       0x56 ./Middlewares/ST/STM32_USB_Device_Library/Class/CDC/Src/usbd_cdc.o
 .text.USBD_CDC_EP0_RxReady
                0x0000000008008f8a       0x50 ./Middlewares/ST/STM32_USB_Device_Library/Class/CDC/Src/usbd_cdc.o
 *fill*         0x0000000008008fda        0x2 
 .text.USBD_CDC_GetFSCfgDesc
                0x0000000008008fdc       0x20 ./Middlewares/ST/STM32_USB_Device_Library/Class/CDC/Src/usbd_cdc.o
 .text.USBD_CDC_GetHSCfgDesc
                0x0000000008008ffc       0x20 ./Middlewares/ST/STM32_USB_Device_Library/Class/CDC/Src/usbd_cdc.o
 .text.USBD_CDC_GetOtherSpeedCfgDesc
                0x000000000800901c       0x20 ./Middlewares/ST/STM32_USB_Device_Library/Class/CDC/Src/usbd_cdc.o
 .text.USBD_CDC_GetDeviceQualifierDescriptor
                0x000000000800903c       0x20 ./Middlewares/ST/STM32_USB_Device_Library/Class/CDC/Src/usbd_cdc.o
                0x000000000800903c                USBD_CDC_GetDeviceQualifierDescriptor
 .text.USBD_CDC_RegisterInterface
                0x000000000800905c       0x2c ./Middlewares/ST/STM32_USB_Device_Library/Class/CDC/Src/usbd_cdc.o
                0x000000000800905c                USBD_CDC_RegisterInterface
 .text.USBD_CDC_SetTxBuffer
                0x0000000008009088       0x32 ./Middlewares/ST/STM32_USB_Device_Library/Class/CDC/Src/usbd_cdc.o
                0x0000000008009088                USBD_CDC_SetTxBuffer
 .text.USBD_CDC_SetRxBuffer
                0x00000000080090ba       0x26 ./Middlewares/ST/STM32_USB_Device_Library/Class/CDC/Src/usbd_cdc.o
                0x00000000080090ba                USBD_CDC_SetRxBuffer
 .text.USBD_CDC_TransmitPacket
                0x00000000080090e0       0x5e ./Middlewares/ST/STM32_USB_Device_Library/Class/CDC/Src/usbd_cdc.o
                0x00000000080090e0                USBD_CDC_TransmitPacket
 .text.USBD_CDC_ReceivePacket
                0x000000000800913e       0x54 ./Middlewares/ST/STM32_USB_Device_Library/Class/CDC/Src/usbd_cdc.o
                0x000000000800913e                USBD_CDC_ReceivePacket
 .text.USBD_Init
                0x0000000008009192       0x56 ./Middlewares/ST/STM32_USB_Device_Library/Core/Src/usbd_core.o
                0x0000000008009192                USBD_Init
 .text.USBD_RegisterClass
                0x00000000080091e8       0x32 ./Middlewares/ST/STM32_USB_Device_Library/Core/Src/usbd_core.o
                0x00000000080091e8                USBD_RegisterClass
 .text.USBD_Start
                0x000000000800921a       0x18 ./Middlewares/ST/STM32_USB_Device_Library/Core/Src/usbd_core.o
                0x000000000800921a                USBD_Start
 .text.USBD_RunTestMode
                0x0000000008009232       0x14 ./Middlewares/ST/STM32_USB_Device_Library/Core/Src/usbd_core.o
                0x0000000008009232                USBD_RunTestMode
 .text.USBD_SetClassConfig
                0x0000000008009246       0x3e ./Middlewares/ST/STM32_USB_Device_Library/Core/Src/usbd_core.o
                0x0000000008009246                USBD_SetClassConfig
 .text.USBD_ClrClassConfig
                0x0000000008009284       0x26 ./Middlewares/ST/STM32_USB_Device_Library/Core/Src/usbd_core.o
                0x0000000008009284                USBD_ClrClassConfig
 .text.USBD_LL_SetupStage
                0x00000000080092aa       0x9a ./Middlewares/ST/STM32_USB_Device_Library/Core/Src/usbd_core.o
                0x00000000080092aa                USBD_LL_SetupStage
 .text.USBD_LL_DataOutStage
                0x0000000008009344       0xe2 ./Middlewares/ST/STM32_USB_Device_Library/Core/Src/usbd_core.o
                0x0000000008009344                USBD_LL_DataOutStage
 .text.USBD_LL_DataInStage
                0x0000000008009426      0x14a ./Middlewares/ST/STM32_USB_Device_Library/Core/Src/usbd_core.o
                0x0000000008009426                USBD_LL_DataInStage
 .text.USBD_LL_Reset
                0x0000000008009570       0x82 ./Middlewares/ST/STM32_USB_Device_Library/Core/Src/usbd_core.o
                0x0000000008009570                USBD_LL_Reset
 .text.USBD_LL_SetSpeed
                0x00000000080095f2       0x1e ./Middlewares/ST/STM32_USB_Device_Library/Core/Src/usbd_core.o
                0x00000000080095f2                USBD_LL_SetSpeed
 .text.USBD_LL_Suspend
                0x0000000008009610       0x28 ./Middlewares/ST/STM32_USB_Device_Library/Core/Src/usbd_core.o
                0x0000000008009610                USBD_LL_Suspend
 .text.USBD_LL_Resume
                0x0000000008009638       0x2a ./Middlewares/ST/STM32_USB_Device_Library/Core/Src/usbd_core.o
                0x0000000008009638                USBD_LL_Resume
 .text.USBD_LL_SOF
                0x0000000008009662       0x34 ./Middlewares/ST/STM32_USB_Device_Library/Core/Src/usbd_core.o
                0x0000000008009662                USBD_LL_SOF
 .text.USBD_LL_IsoINIncomplete
                0x0000000008009696       0x18 ./Middlewares/ST/STM32_USB_Device_Library/Core/Src/usbd_core.o
                0x0000000008009696                USBD_LL_IsoINIncomplete
 .text.USBD_LL_IsoOUTIncomplete
                0x00000000080096ae       0x18 ./Middlewares/ST/STM32_USB_Device_Library/Core/Src/usbd_core.o
                0x00000000080096ae                USBD_LL_IsoOUTIncomplete
 .text.USBD_LL_DevConnected
                0x00000000080096c6       0x14 ./Middlewares/ST/STM32_USB_Device_Library/Core/Src/usbd_core.o
                0x00000000080096c6                USBD_LL_DevConnected
 .text.USBD_LL_DevDisconnected
                0x00000000080096da       0x2e ./Middlewares/ST/STM32_USB_Device_Library/Core/Src/usbd_core.o
                0x00000000080096da                USBD_LL_DevDisconnected
 .text.USBD_StdDevReq
                0x0000000008009708       0xd4 ./Middlewares/ST/STM32_USB_Device_Library/Core/Src/usbd_ctlreq.o
                0x0000000008009708                USBD_StdDevReq
 .text.USBD_StdItfReq
                0x00000000080097dc       0x90 ./Middlewares/ST/STM32_USB_Device_Library/Core/Src/usbd_ctlreq.o
                0x00000000080097dc                USBD_StdItfReq
 .text.USBD_StdEPReq
                0x000000000800986c      0x2c6 ./Middlewares/ST/STM32_USB_Device_Library/Core/Src/usbd_ctlreq.o
                0x000000000800986c                USBD_StdEPReq
 *fill*         0x0000000008009b32        0x2 
 .text.USBD_GetDescriptor
                0x0000000008009b34      0x2d0 ./Middlewares/ST/STM32_USB_Device_Library/Core/Src/usbd_ctlreq.o
 .text.USBD_SetAddress
                0x0000000008009e04       0x86 ./Middlewares/ST/STM32_USB_Device_Library/Core/Src/usbd_ctlreq.o
 *fill*         0x0000000008009e8a        0x2 
 .text.USBD_SetConfig
                0x0000000008009e8c      0x11c ./Middlewares/ST/STM32_USB_Device_Library/Core/Src/usbd_ctlreq.o
 .text.USBD_GetConfig
                0x0000000008009fa8       0x6a ./Middlewares/ST/STM32_USB_Device_Library/Core/Src/usbd_ctlreq.o
 .text.USBD_GetStatus
                0x000000000800a012       0x66 ./Middlewares/ST/STM32_USB_Device_Library/Core/Src/usbd_ctlreq.o
 .text.USBD_SetFeature
                0x000000000800a078       0x28 ./Middlewares/ST/STM32_USB_Device_Library/Core/Src/usbd_ctlreq.o
 .text.USBD_ClrFeature
                0x000000000800a0a0       0x42 ./Middlewares/ST/STM32_USB_Device_Library/Core/Src/usbd_ctlreq.o
 .text.USBD_ParseSetupRequest
                0x000000000800a0e2       0x78 ./Middlewares/ST/STM32_USB_Device_Library/Core/Src/usbd_ctlreq.o
                0x000000000800a0e2                USBD_ParseSetupRequest
 .text.USBD_CtlError
                0x000000000800a15a       0x22 ./Middlewares/ST/STM32_USB_Device_Library/Core/Src/usbd_ctlreq.o
                0x000000000800a15a                USBD_CtlError
 .text.USBD_GetString
                0x000000000800a17c       0x84 ./Middlewares/ST/STM32_USB_Device_Library/Core/Src/usbd_ctlreq.o
                0x000000000800a17c                USBD_GetString
 .text.USBD_GetLen
                0x000000000800a200       0x2e ./Middlewares/ST/STM32_USB_Device_Library/Core/Src/usbd_ctlreq.o
 .text.USBD_CtlSendData
                0x000000000800a22e       0x38 ./Middlewares/ST/STM32_USB_Device_Library/Core/Src/usbd_ioreq.o
                0x000000000800a22e                USBD_CtlSendData
 .text.USBD_CtlContinueSendData
                0x000000000800a266       0x24 ./Middlewares/ST/STM32_USB_Device_Library/Core/Src/usbd_ioreq.o
                0x000000000800a266                USBD_CtlContinueSendData
 .text.USBD_CtlPrepareRx
                0x000000000800a28a       0x3c ./Middlewares/ST/STM32_USB_Device_Library/Core/Src/usbd_ioreq.o
                0x000000000800a28a                USBD_CtlPrepareRx
 .text.USBD_CtlContinueRx
                0x000000000800a2c6       0x24 ./Middlewares/ST/STM32_USB_Device_Library/Core/Src/usbd_ioreq.o
                0x000000000800a2c6                USBD_CtlContinueRx
 .text.USBD_CtlSendStatus
                0x000000000800a2ea       0x26 ./Middlewares/ST/STM32_USB_Device_Library/Core/Src/usbd_ioreq.o
                0x000000000800a2ea                USBD_CtlSendStatus
 .text.USBD_CtlReceiveStatus
                0x000000000800a310       0x26 ./Middlewares/ST/STM32_USB_Device_Library/Core/Src/usbd_ioreq.o
                0x000000000800a310                USBD_CtlReceiveStatus
 *fill*         0x000000000800a336        0x2 
 .text.MX_USB_DEVICE_Init
                0x000000000800a338       0x60 ./USB_DEVICE/App/usb_device.o
                0x000000000800a338                MX_USB_DEVICE_Init
 .text.CDC_Init_FS
                0x000000000800a398       0x28 ./USB_DEVICE/App/usbd_cdc_if.o
 .text.CDC_DeInit_FS
                0x000000000800a3c0        0xe ./USB_DEVICE/App/usbd_cdc_if.o
 *fill*         0x000000000800a3ce        0x2 
 .text.CDC_Control_FS
                0x000000000800a3d0       0xe4 ./USB_DEVICE/App/usbd_cdc_if.o
 .text.CDC_Receive_FS
                0x000000000800a4b4       0x28 ./USB_DEVICE/App/usbd_cdc_if.o
 .text.CDC_Transmit_FS
                0x000000000800a4dc       0x4c ./USB_DEVICE/App/usbd_cdc_if.o
                0x000000000800a4dc                CDC_Transmit_FS
 .text.USBD_FS_DeviceDescriptor
                0x000000000800a528       0x24 ./USB_DEVICE/App/usbd_desc.o
                0x000000000800a528                USBD_FS_DeviceDescriptor
 .text.USBD_FS_LangIDStrDescriptor
                0x000000000800a54c       0x24 ./USB_DEVICE/App/usbd_desc.o
                0x000000000800a54c                USBD_FS_LangIDStrDescriptor
 .text.USBD_FS_ProductStrDescriptor
                0x000000000800a570       0x3c ./USB_DEVICE/App/usbd_desc.o
                0x000000000800a570                USBD_FS_ProductStrDescriptor
 .text.USBD_FS_ManufacturerStrDescriptor
                0x000000000800a5ac       0x28 ./USB_DEVICE/App/usbd_desc.o
                0x000000000800a5ac                USBD_FS_ManufacturerStrDescriptor
 .text.USBD_FS_SerialStrDescriptor
                0x000000000800a5d4       0x24 ./USB_DEVICE/App/usbd_desc.o
                0x000000000800a5d4                USBD_FS_SerialStrDescriptor
 .text.USBD_FS_ConfigStrDescriptor
                0x000000000800a5f8       0x3c ./USB_DEVICE/App/usbd_desc.o
                0x000000000800a5f8                USBD_FS_ConfigStrDescriptor
 .text.USBD_FS_InterfaceStrDescriptor
                0x000000000800a634       0x3c ./USB_DEVICE/App/usbd_desc.o
                0x000000000800a634                USBD_FS_InterfaceStrDescriptor
 .text.Get_SerialNum
                0x000000000800a670       0x58 ./USB_DEVICE/App/usbd_desc.o
 .text.IntToUnicode
                0x000000000800a6c8       0x7c ./USB_DEVICE/App/usbd_desc.o
 .text.HAL_PCD_MspInit
                0x000000000800a744       0xa8 ./USB_DEVICE/Target/usbd_conf.o
                0x000000000800a744                HAL_PCD_MspInit
 .text.HAL_PCD_SetupStageCallback
                0x000000000800a7ec       0x24 ./USB_DEVICE/Target/usbd_conf.o
                0x000000000800a7ec                HAL_PCD_SetupStageCallback
 .text.HAL_PCD_DataOutStageCallback
                0x000000000800a810       0x36 ./USB_DEVICE/Target/usbd_conf.o
                0x000000000800a810                HAL_PCD_DataOutStageCallback
 .text.HAL_PCD_DataInStageCallback
                0x000000000800a846       0x34 ./USB_DEVICE/Target/usbd_conf.o
                0x000000000800a846                HAL_PCD_DataInStageCallback
 .text.HAL_PCD_SOFCallback
                0x000000000800a87a       0x1c ./USB_DEVICE/Target/usbd_conf.o
                0x000000000800a87a                HAL_PCD_SOFCallback
 .text.HAL_PCD_ResetCallback
                0x000000000800a896       0x50 ./USB_DEVICE/Target/usbd_conf.o
                0x000000000800a896                HAL_PCD_ResetCallback
 *fill*         0x000000000800a8e6        0x2 
 .text.HAL_PCD_SuspendCallback
                0x000000000800a8e8       0x4c ./USB_DEVICE/Target/usbd_conf.o
                0x000000000800a8e8                HAL_PCD_SuspendCallback
 .text.HAL_PCD_ResumeCallback
                0x000000000800a934       0x1c ./USB_DEVICE/Target/usbd_conf.o
                0x000000000800a934                HAL_PCD_ResumeCallback
 .text.HAL_PCD_ISOOUTIncompleteCallback
                0x000000000800a950       0x24 ./USB_DEVICE/Target/usbd_conf.o
                0x000000000800a950                HAL_PCD_ISOOUTIncompleteCallback
 .text.HAL_PCD_ISOINIncompleteCallback
                0x000000000800a974       0x24 ./USB_DEVICE/Target/usbd_conf.o
                0x000000000800a974                HAL_PCD_ISOINIncompleteCallback
 .text.HAL_PCD_ConnectCallback
                0x000000000800a998       0x1c ./USB_DEVICE/Target/usbd_conf.o
                0x000000000800a998                HAL_PCD_ConnectCallback
 .text.HAL_PCD_DisconnectCallback
                0x000000000800a9b4       0x1c ./USB_DEVICE/Target/usbd_conf.o
                0x000000000800a9b4                HAL_PCD_DisconnectCallback
 .text.USBD_LL_Init
                0x000000000800a9d0       0x94 ./USB_DEVICE/Target/usbd_conf.o
                0x000000000800a9d0                USBD_LL_Init
 .text.USBD_LL_Start
                0x000000000800aa64       0x36 ./USB_DEVICE/Target/usbd_conf.o
                0x000000000800aa64                USBD_LL_Start
 .text.USBD_LL_OpenEP
                0x000000000800aa9a       0x4c ./USB_DEVICE/Target/usbd_conf.o
                0x000000000800aa9a                USBD_LL_OpenEP
 .text.USBD_LL_CloseEP
                0x000000000800aae6       0x3e ./USB_DEVICE/Target/usbd_conf.o
                0x000000000800aae6                USBD_LL_CloseEP
 .text.USBD_LL_StallEP
                0x000000000800ab24       0x3e ./USB_DEVICE/Target/usbd_conf.o
                0x000000000800ab24                USBD_LL_StallEP
 .text.USBD_LL_ClearStallEP
                0x000000000800ab62       0x3e ./USB_DEVICE/Target/usbd_conf.o
                0x000000000800ab62                USBD_LL_ClearStallEP
 .text.USBD_LL_IsStallEP
                0x000000000800aba0       0x56 ./USB_DEVICE/Target/usbd_conf.o
                0x000000000800aba0                USBD_LL_IsStallEP
 .text.USBD_LL_SetUSBAddress
                0x000000000800abf6       0x3e ./USB_DEVICE/Target/usbd_conf.o
                0x000000000800abf6                USBD_LL_SetUSBAddress
 .text.USBD_LL_Transmit
                0x000000000800ac34       0x46 ./USB_DEVICE/Target/usbd_conf.o
                0x000000000800ac34                USBD_LL_Transmit
 .text.USBD_LL_PrepareReceive
                0x000000000800ac7a       0x46 ./USB_DEVICE/Target/usbd_conf.o
                0x000000000800ac7a                USBD_LL_PrepareReceive
 .text.USBD_LL_GetRxDataSize
                0x000000000800acc0       0x26 ./USB_DEVICE/Target/usbd_conf.o
                0x000000000800acc0                USBD_LL_GetRxDataSize
 *fill*         0x000000000800ace6        0x2 
 .text.USBD_Get_USB_Status
                0x000000000800ace8       0x58 ./USB_DEVICE/Target/usbd_conf.o
                0x000000000800ace8                USBD_Get_USB_Status
 .text.atanf    0x000000000800ad40      0x218 d:/program files/stm32cubeide_1.8.0/stm32cubeide/plugins/com.st.stm32cube.ide.mcu.externaltools.gnu-tools-for-stm32.9-2020-q2-update.win32_2.0.0.202105311346/tools/bin/../lib/gcc/arm-none-eabi/9.3.1/../../../../arm-none-eabi/lib/thumb/v7-m/nofp\libm.a(lib_a-sf_atan.o)
                0x000000000800ad40                atanf
 .text.fabsf    0x000000000800af58        0x6 d:/program files/stm32cubeide_1.8.0/stm32cubeide/plugins/com.st.stm32cube.ide.mcu.externaltools.gnu-tools-for-stm32.9-2020-q2-update.win32_2.0.0.202105311346/tools/bin/../lib/gcc/arm-none-eabi/9.3.1/../../../../arm-none-eabi/lib/thumb/v7-m/nofp\libm.a(lib_a-sf_fabs.o)
                0x000000000800af58                fabsf
 *fill*         0x000000000800af5e        0x2 
 .text.__errno  0x000000000800af60        0xc d:/program files/stm32cubeide_1.8.0/stm32cubeide/plugins/com.st.stm32cube.ide.mcu.externaltools.gnu-tools-for-stm32.9-2020-q2-update.win32_2.0.0.202105311346/tools/bin/../lib/gcc/arm-none-eabi/9.3.1/../../../../arm-none-eabi/lib/thumb/v7-m/nofp\libc_nano.a(lib_a-errno.o)
                0x000000000800af60                __errno
 .text.__libc_init_array
                0x000000000800af6c       0x48 d:/program files/stm32cubeide_1.8.0/stm32cubeide/plugins/com.st.stm32cube.ide.mcu.externaltools.gnu-tools-for-stm32.9-2020-q2-update.win32_2.0.0.202105311346/tools/bin/../lib/gcc/arm-none-eabi/9.3.1/../../../../arm-none-eabi/lib/thumb/v7-m/nofp\libc_nano.a(lib_a-init.o)
                0x000000000800af6c                __libc_init_array
 .text.malloc   0x000000000800afb4       0x10 d:/program files/stm32cubeide_1.8.0/stm32cubeide/plugins/com.st.stm32cube.ide.mcu.externaltools.gnu-tools-for-stm32.9-2020-q2-update.win32_2.0.0.202105311346/tools/bin/../lib/gcc/arm-none-eabi/9.3.1/../../../../arm-none-eabi/lib/thumb/v7-m/nofp\libc_nano.a(lib_a-malloc.o)
                0x000000000800afb4                malloc
 .text.free     0x000000000800afc4       0x10 d:/program files/stm32cubeide_1.8.0/stm32cubeide/plugins/com.st.stm32cube.ide.mcu.externaltools.gnu-tools-for-stm32.9-2020-q2-update.win32_2.0.0.202105311346/tools/bin/../lib/gcc/arm-none-eabi/9.3.1/../../../../arm-none-eabi/lib/thumb/v7-m/nofp\libc_nano.a(lib_a-malloc.o)
                0x000000000800afc4                free
 .text.memcmp   0x000000000800afd4       0x1c d:/program files/stm32cubeide_1.8.0/stm32cubeide/plugins/com.st.stm32cube.ide.mcu.externaltools.gnu-tools-for-stm32.9-2020-q2-update.win32_2.0.0.202105311346/tools/bin/../lib/gcc/arm-none-eabi/9.3.1/../../../../arm-none-eabi/lib/thumb/v7-m/nofp\libc_nano.a(lib_a-memcmp.o)
                0x000000000800afd4                memcmp
 .text.memset   0x000000000800aff0       0x10 d:/program files/stm32cubeide_1.8.0/stm32cubeide/plugins/com.st.stm32cube.ide.mcu.externaltools.gnu-tools-for-stm32.9-2020-q2-update.win32_2.0.0.202105311346/tools/bin/../lib/gcc/arm-none-eabi/9.3.1/../../../../arm-none-eabi/lib/thumb/v7-m/nofp\libc_nano.a(lib_a-memset.o)
                0x000000000800aff0                memset
 .text._free_r  0x000000000800b000       0x98 d:/program files/stm32cubeide_1.8.0/stm32cubeide/plugins/com.st.stm32cube.ide.mcu.externaltools.gnu-tools-for-stm32.9-2020-q2-update.win32_2.0.0.202105311346/tools/bin/../lib/gcc/arm-none-eabi/9.3.1/../../../../arm-none-eabi/lib/thumb/v7-m/nofp\libc_nano.a(lib_a-nano-freer.o)
                0x000000000800b000                _free_r
 .text._malloc_r
                0x000000000800b098       0xb4 d:/program files/stm32cubeide_1.8.0/stm32cubeide/plugins/com.st.stm32cube.ide.mcu.externaltools.gnu-tools-for-stm32.9-2020-q2-update.win32_2.0.0.202105311346/tools/bin/../lib/gcc/arm-none-eabi/9.3.1/../../../../arm-none-eabi/lib/thumb/v7-m/nofp\libc_nano.a(lib_a-nano-mallocr.o)
                0x000000000800b098                _malloc_r
 .text.realloc  0x000000000800b14c       0x10 d:/program files/stm32cubeide_1.8.0/stm32cubeide/plugins/com.st.stm32cube.ide.mcu.externaltools.gnu-tools-for-stm32.9-2020-q2-update.win32_2.0.0.202105311346/tools/bin/../lib/gcc/arm-none-eabi/9.3.1/../../../../arm-none-eabi/lib/thumb/v7-m/nofp\libc_nano.a(lib_a-realloc.o)
                0x000000000800b14c                realloc
 .text._sbrk_r  0x000000000800b15c       0x20 d:/program files/stm32cubeide_1.8.0/stm32cubeide/plugins/com.st.stm32cube.ide.mcu.externaltools.gnu-tools-for-stm32.9-2020-q2-update.win32_2.0.0.202105311346/tools/bin/../lib/gcc/arm-none-eabi/9.3.1/../../../../arm-none-eabi/lib/thumb/v7-m/nofp\libc_nano.a(lib_a-sbrkr.o)
                0x000000000800b15c                _sbrk_r
 .text.sprintf  0x000000000800b17c       0x40 d:/program files/stm32cubeide_1.8.0/stm32cubeide/plugins/com.st.stm32cube.ide.mcu.externaltools.gnu-tools-for-stm32.9-2020-q2-update.win32_2.0.0.202105311346/tools/bin/../lib/gcc/arm-none-eabi/9.3.1/../../../../arm-none-eabi/lib/thumb/v7-m/nofp\libc_nano.a(lib_a-sprintf.o)
                0x000000000800b17c                siprintf
                0x000000000800b17c                sprintf
 .text.__malloc_lock
                0x000000000800b1bc        0xc d:/program files/stm32cubeide_1.8.0/stm32cubeide/plugins/com.st.stm32cube.ide.mcu.externaltools.gnu-tools-for-stm32.9-2020-q2-update.win32_2.0.0.202105311346/tools/bin/../lib/gcc/arm-none-eabi/9.3.1/../../../../arm-none-eabi/lib/thumb/v7-m/nofp\libc_nano.a(lib_a-mlock.o)
                0x000000000800b1bc                __malloc_lock
 .text.__malloc_unlock
                0x000000000800b1c8        0xc d:/program files/stm32cubeide_1.8.0/stm32cubeide/plugins/com.st.stm32cube.ide.mcu.externaltools.gnu-tools-for-stm32.9-2020-q2-update.win32_2.0.0.202105311346/tools/bin/../lib/gcc/arm-none-eabi/9.3.1/../../../../arm-none-eabi/lib/thumb/v7-m/nofp\libc_nano.a(lib_a-mlock.o)
                0x000000000800b1c8                __malloc_unlock
 .text._realloc_r
                0x000000000800b1d4       0x4c d:/program files/stm32cubeide_1.8.0/stm32cubeide/plugins/com.st.stm32cube.ide.mcu.externaltools.gnu-tools-for-stm32.9-2020-q2-update.win32_2.0.0.202105311346/tools/bin/../lib/gcc/arm-none-eabi/9.3.1/../../../../arm-none-eabi/lib/thumb/v7-m/nofp\libc_nano.a(lib_a-nano-reallocr.o)
                0x000000000800b1d4                _realloc_r
 .text.__ssputs_r
                0x000000000800b220       0xb6 d:/program files/stm32cubeide_1.8.0/stm32cubeide/plugins/com.st.stm32cube.ide.mcu.externaltools.gnu-tools-for-stm32.9-2020-q2-update.win32_2.0.0.202105311346/tools/bin/../lib/gcc/arm-none-eabi/9.3.1/../../../../arm-none-eabi/lib/thumb/v7-m/nofp\libc_nano.a(lib_a-nano-svfprintf.o)
                0x000000000800b220                __ssputs_r
 *fill*         0x000000000800b2d6        0x2 
 .text._svfprintf_r
                0x000000000800b2d8      0x200 d:/program files/stm32cubeide_1.8.0/stm32cubeide/plugins/com.st.stm32cube.ide.mcu.externaltools.gnu-tools-for-stm32.9-2020-q2-update.win32_2.0.0.202105311346/tools/bin/../lib/gcc/arm-none-eabi/9.3.1/../../../../arm-none-eabi/lib/thumb/v7-m/nofp\libc_nano.a(lib_a-nano-svfprintf.o)
                0x000000000800b2d8                _svfiprintf_r
                0x000000000800b2d8                _svfprintf_r
 .text._printf_common
                0x000000000800b4d8       0xde d:/program files/stm32cubeide_1.8.0/stm32cubeide/plugins/com.st.stm32cube.ide.mcu.externaltools.gnu-tools-for-stm32.9-2020-q2-update.win32_2.0.0.202105311346/tools/bin/../lib/gcc/arm-none-eabi/9.3.1/../../../../arm-none-eabi/lib/thumb/v7-m/nofp\libc_nano.a(lib_a-nano-vfprintf_i.o)
                0x000000000800b4d8                _printf_common
 *fill*         0x000000000800b5b6        0x2 
 .text._printf_i
                0x000000000800b5b8      0x24c d:/program files/stm32cubeide_1.8.0/stm32cubeide/plugins/com.st.stm32cube.ide.mcu.externaltools.gnu-tools-for-stm32.9-2020-q2-update.win32_2.0.0.202105311346/tools/bin/../lib/gcc/arm-none-eabi/9.3.1/../../../../arm-none-eabi/lib/thumb/v7-m/nofp\libc_nano.a(lib_a-nano-vfprintf_i.o)
                0x000000000800b5b8                _printf_i
 .text.__retarget_lock_acquire_recursive
                0x000000000800b804        0x2 d:/program files/stm32cubeide_1.8.0/stm32cubeide/plugins/com.st.stm32cube.ide.mcu.externaltools.gnu-tools-for-stm32.9-2020-q2-update.win32_2.0.0.202105311346/tools/bin/../lib/gcc/arm-none-eabi/9.3.1/../../../../arm-none-eabi/lib/thumb/v7-m/nofp\libc_nano.a(lib_a-lock.o)
                0x000000000800b804                __retarget_lock_acquire_recursive
 .text.__retarget_lock_release_recursive
                0x000000000800b806        0x2 d:/program files/stm32cubeide_1.8.0/stm32cubeide/plugins/com.st.stm32cube.ide.mcu.externaltools.gnu-tools-for-stm32.9-2020-q2-update.win32_2.0.0.202105311346/tools/bin/../lib/gcc/arm-none-eabi/9.3.1/../../../../arm-none-eabi/lib/thumb/v7-m/nofp\libc_nano.a(lib_a-lock.o)
                0x000000000800b806                __retarget_lock_release_recursive
 .text.memchr   0x000000000800b808       0x1c d:/program files/stm32cubeide_1.8.0/stm32cubeide/plugins/com.st.stm32cube.ide.mcu.externaltools.gnu-tools-for-stm32.9-2020-q2-update.win32_2.0.0.202105311346/tools/bin/../lib/gcc/arm-none-eabi/9.3.1/../../../../arm-none-eabi/lib/thumb/v7-m/nofp\libc_nano.a(lib_a-memchr-stub.o)
                0x000000000800b808                memchr
 .text.memcpy   0x000000000800b824       0x1c d:/program files/stm32cubeide_1.8.0/stm32cubeide/plugins/com.st.stm32cube.ide.mcu.externaltools.gnu-tools-for-stm32.9-2020-q2-update.win32_2.0.0.202105311346/tools/bin/../lib/gcc/arm-none-eabi/9.3.1/../../../../arm-none-eabi/lib/thumb/v7-m/nofp\libc_nano.a(lib_a-memcpy-stub.o)
                0x000000000800b824                memcpy
 .text.memmove  0x000000000800b840       0x34 d:/program files/stm32cubeide_1.8.0/stm32cubeide/plugins/com.st.stm32cube.ide.mcu.externaltools.gnu-tools-for-stm32.9-2020-q2-update.win32_2.0.0.202105311346/tools/bin/../lib/gcc/arm-none-eabi/9.3.1/../../../../arm-none-eabi/lib/thumb/v7-m/nofp\libc_nano.a(lib_a-memmove.o)
                0x000000000800b840                memmove
 .text._malloc_usable_size_r
                0x000000000800b874       0x10 d:/program files/stm32cubeide_1.8.0/stm32cubeide/plugins/com.st.stm32cube.ide.mcu.externaltools.gnu-tools-for-stm32.9-2020-q2-update.win32_2.0.0.202105311346/tools/bin/../lib/gcc/arm-none-eabi/9.3.1/../../../../arm-none-eabi/lib/thumb/v7-m/nofp\libc_nano.a(lib_a-nano-msizer.o)
                0x000000000800b874                _malloc_usable_size_r
 *(.glue_7)
 .glue_7        0x000000000800b884        0x0 linker stubs
 *(.glue_7t)
 .glue_7t       0x000000000800b884        0x0 linker stubs
 *(.eh_frame)
 .eh_frame      0x000000000800b884        0x0 d:/program files/stm32cubeide_1.8.0/stm32cubeide/plugins/com.st.stm32cube.ide.mcu.externaltools.gnu-tools-for-stm32.9-2020-q2-update.win32_2.0.0.202105311346/tools/bin/../lib/gcc/arm-none-eabi/9.3.1/thumb/v7-m/nofp/crtbegin.o
 *(.init)
 .init          0x000000000800b884        0x4 d:/program files/stm32cubeide_1.8.0/stm32cubeide/plugins/com.st.stm32cube.ide.mcu.externaltools.gnu-tools-for-stm32.9-2020-q2-update.win32_2.0.0.202105311346/tools/bin/../lib/gcc/arm-none-eabi/9.3.1/thumb/v7-m/nofp/crti.o
                0x000000000800b884                _init
 .init          0x000000000800b888        0x8 d:/program files/stm32cubeide_1.8.0/stm32cubeide/plugins/com.st.stm32cube.ide.mcu.externaltools.gnu-tools-for-stm32.9-2020-q2-update.win32_2.0.0.202105311346/tools/bin/../lib/gcc/arm-none-eabi/9.3.1/thumb/v7-m/nofp/crtn.o
 *(.fini)
 .fini          0x000000000800b890        0x4 d:/program files/stm32cubeide_1.8.0/stm32cubeide/plugins/com.st.stm32cube.ide.mcu.externaltools.gnu-tools-for-stm32.9-2020-q2-update.win32_2.0.0.202105311346/tools/bin/../lib/gcc/arm-none-eabi/9.3.1/thumb/v7-m/nofp/crti.o
                0x000000000800b890                _fini
 .fini          0x000000000800b894        0x8 d:/program files/stm32cubeide_1.8.0/stm32cubeide/plugins/com.st.stm32cube.ide.mcu.externaltools.gnu-tools-for-stm32.9-2020-q2-update.win32_2.0.0.202105311346/tools/bin/../lib/gcc/arm-none-eabi/9.3.1/thumb/v7-m/nofp/crtn.o
                0x000000000800b89c                . = ALIGN (0x4)
                0x000000000800b89c                _etext = .

.vfp11_veneer   0x000000000800b89c        0x0
 .vfp11_veneer  0x000000000800b89c        0x0 linker stubs

.v4_bx          0x000000000800b89c        0x0
 .v4_bx         0x000000000800b89c        0x0 linker stubs

.iplt           0x000000000800b89c        0x0
 .iplt          0x000000000800b89c        0x0 d:/program files/stm32cubeide_1.8.0/stm32cubeide/plugins/com.st.stm32cube.ide.mcu.externaltools.gnu-tools-for-stm32.9-2020-q2-update.win32_2.0.0.202105311346/tools/bin/../lib/gcc/arm-none-eabi/9.3.1/thumb/v7-m/nofp/crtbegin.o

.rodata         0x000000000800b89c      0x948
                0x000000000800b89c                . = ALIGN (0x4)
 *(.rodata)
 .rodata        0x000000000800b89c       0x17 ./Core/Src/realMain.o
 *fill*         0x000000000800b8b3        0x1 
 .rodata        0x000000000800b8b4       0x46 ./USB_DEVICE/App/usbd_desc.o
 *(.rodata*)
 *fill*         0x000000000800b8fa        0x2 
 .rodata._ZL9dmpMemory
                0x000000000800b8fc      0x789 ./Core/Src/MPU6050.o
 *fill*         0x000000000800c085        0x3 
 .rodata._ZL9dmpConfig
                0x000000000800c088       0xc0 ./Core/Src/MPU6050.o
 .rodata._ZL10dmpUpdates
                0x000000000800c148       0x2f ./Core/Src/MPU6050.o
 *fill*         0x000000000800c177        0x1 
 .rodata.AHBPrescTable
                0x000000000800c178       0x10 ./Core/Src/system_stm32f2xx.o
                0x000000000800c178                AHBPrescTable
 .rodata.APBPrescTable
                0x000000000800c188        0x8 ./Core/Src/system_stm32f2xx.o
                0x000000000800c188                APBPrescTable
 .rodata.atanhi
                0x000000000800c190       0x10 d:/program files/stm32cubeide_1.8.0/stm32cubeide/plugins/com.st.stm32cube.ide.mcu.externaltools.gnu-tools-for-stm32.9-2020-q2-update.win32_2.0.0.202105311346/tools/bin/../lib/gcc/arm-none-eabi/9.3.1/../../../../arm-none-eabi/lib/thumb/v7-m/nofp\libm.a(lib_a-sf_atan.o)
 .rodata.atanlo
                0x000000000800c1a0       0x10 d:/program files/stm32cubeide_1.8.0/stm32cubeide/plugins/com.st.stm32cube.ide.mcu.externaltools.gnu-tools-for-stm32.9-2020-q2-update.win32_2.0.0.202105311346/tools/bin/../lib/gcc/arm-none-eabi/9.3.1/../../../../arm-none-eabi/lib/thumb/v7-m/nofp\libm.a(lib_a-sf_atan.o)
 .rodata._svfprintf_r.str1.1
                0x000000000800c1b0       0x11 d:/program files/stm32cubeide_1.8.0/stm32cubeide/plugins/com.st.stm32cube.ide.mcu.externaltools.gnu-tools-for-stm32.9-2020-q2-update.win32_2.0.0.202105311346/tools/bin/../lib/gcc/arm-none-eabi/9.3.1/../../../../arm-none-eabi/lib/thumb/v7-m/nofp\libc_nano.a(lib_a-nano-svfprintf.o)
 .rodata._printf_i.str1.1
                0x000000000800c1c1       0x22 d:/program files/stm32cubeide_1.8.0/stm32cubeide/plugins/com.st.stm32cube.ide.mcu.externaltools.gnu-tools-for-stm32.9-2020-q2-update.win32_2.0.0.202105311346/tools/bin/../lib/gcc/arm-none-eabi/9.3.1/../../../../arm-none-eabi/lib/thumb/v7-m/nofp\libc_nano.a(lib_a-nano-vfprintf_i.o)
                0x000000000800c1e4                . = ALIGN (0x4)
 *fill*         0x000000000800c1e3        0x1 

.ARM.extab      0x000000000800c1e4        0x0
                0x000000000800c1e4                . = ALIGN (0x4)
 *(.ARM.extab* .gnu.linkonce.armextab.*)
                0x000000000800c1e4                . = ALIGN (0x4)

.ARM            0x000000000800c1e4        0x8
                0x000000000800c1e4                . = ALIGN (0x4)
                0x000000000800c1e4                __exidx_start = .
 *(.ARM.exidx*)
 .ARM.exidx     0x000000000800c1e4        0x8 d:/program files/stm32cubeide_1.8.0/stm32cubeide/plugins/com.st.stm32cube.ide.mcu.externaltools.gnu-tools-for-stm32.9-2020-q2-update.win32_2.0.0.202105311346/tools/bin/../lib/gcc/arm-none-eabi/9.3.1/thumb/v7-m/nofp\libgcc.a(_udivmoddi4.o)
                0x000000000800c1ec                __exidx_end = .
                0x000000000800c1ec                . = ALIGN (0x4)

.rel.dyn        0x000000000800c1ec        0x0
 .rel.iplt      0x000000000800c1ec        0x0 d:/program files/stm32cubeide_1.8.0/stm32cubeide/plugins/com.st.stm32cube.ide.mcu.externaltools.gnu-tools-for-stm32.9-2020-q2-update.win32_2.0.0.202105311346/tools/bin/../lib/gcc/arm-none-eabi/9.3.1/thumb/v7-m/nofp/crtbegin.o

.preinit_array  0x000000000800c1ec        0x0
                0x000000000800c1ec                . = ALIGN (0x4)
                0x000000000800c1ec                PROVIDE (__preinit_array_start = .)
 *(.preinit_array*)
                0x000000000800c1ec                PROVIDE (__preinit_array_end = .)
                0x000000000800c1ec                . = ALIGN (0x4)

.init_array     0x000000000800c1ec        0x8
                0x000000000800c1ec                . = ALIGN (0x4)
                0x000000000800c1ec                PROVIDE (__init_array_start = .)
 *(SORT_BY_NAME(.init_array.*))
 *(.init_array*)
 .init_array    0x000000000800c1ec        0x4 d:/program files/stm32cubeide_1.8.0/stm32cubeide/plugins/com.st.stm32cube.ide.mcu.externaltools.gnu-tools-for-stm32.9-2020-q2-update.win32_2.0.0.202105311346/tools/bin/../lib/gcc/arm-none-eabi/9.3.1/thumb/v7-m/nofp/crtbegin.o
 .init_array    0x000000000800c1f0        0x4 ./Core/Src/main.o
                0x000000000800c1f4                PROVIDE (__init_array_end = .)
                0x000000000800c1f4                . = ALIGN (0x4)

.fini_array     0x000000000800c1f4        0x4
                0x000000000800c1f4                . = ALIGN (0x4)
                [!provide]                        PROVIDE (__fini_array_start = .)
 *(SORT_BY_NAME(.fini_array.*))
 *(.fini_array*)
 .fini_array    0x000000000800c1f4        0x4 d:/program files/stm32cubeide_1.8.0/stm32cubeide/plugins/com.st.stm32cube.ide.mcu.externaltools.gnu-tools-for-stm32.9-2020-q2-update.win32_2.0.0.202105311346/tools/bin/../lib/gcc/arm-none-eabi/9.3.1/thumb/v7-m/nofp/crtbegin.o
                [!provide]                        PROVIDE (__fini_array_end = .)
                0x000000000800c1f8                . = ALIGN (0x4)
                0x000000000800c1f8                _sidata = LOADADDR (.data)

.data           0x0000000020000000      0x1ec load address 0x000000000800c1f8
                0x0000000020000000                . = ALIGN (0x4)
                0x0000000020000000                _sdata = .
 *(.data)
 *(.data*)
 .data.fastPPM_ONTime
                0x0000000020000000        0x2 ./Core/Src/main.o
                0x0000000020000000                fastPPM_ONTime
 .data.slowPPM1_ONTime
                0x0000000020000002        0x2 ./Core/Src/main.o
                0x0000000020000002                slowPPM1_ONTime
 .data.SystemCoreClock
                0x0000000020000004        0x4 ./Core/Src/system_stm32f2xx.o
                0x0000000020000004                SystemCoreClock
 .data.uwTickPrio
                0x0000000020000008        0x4 ./Drivers/STM32F2xx_HAL_Driver/Src/stm32f2xx_hal.o
                0x0000000020000008                uwTickPrio
 .data.uwTickFreq
                0x000000002000000c        0x1 ./Drivers/STM32F2xx_HAL_Driver/Src/stm32f2xx_hal.o
                0x000000002000000c                uwTickFreq
 *fill*         0x000000002000000d        0x3 
 .data.USBD_CDC_DeviceQualifierDesc
                0x0000000020000010        0xa ./Middlewares/ST/STM32_USB_Device_Library/Class/CDC/Src/usbd_cdc.o
 *fill*         0x000000002000001a        0x2 
 .data.USBD_CDC
                0x000000002000001c       0x38 ./Middlewares/ST/STM32_USB_Device_Library/Class/CDC/Src/usbd_cdc.o
                0x000000002000001c                USBD_CDC
 .data.USBD_CDC_CfgHSDesc
                0x0000000020000054       0x43 ./Middlewares/ST/STM32_USB_Device_Library/Class/CDC/Src/usbd_cdc.o
                0x0000000020000054                USBD_CDC_CfgHSDesc
 *fill*         0x0000000020000097        0x1 
 .data.USBD_CDC_CfgFSDesc
                0x0000000020000098       0x43 ./Middlewares/ST/STM32_USB_Device_Library/Class/CDC/Src/usbd_cdc.o
                0x0000000020000098                USBD_CDC_CfgFSDesc
 *fill*         0x00000000200000db        0x1 
 .data.USBD_CDC_OtherSpeedCfgDesc
                0x00000000200000dc       0x43 ./Middlewares/ST/STM32_USB_Device_Library/Class/CDC/Src/usbd_cdc.o
                0x00000000200000dc                USBD_CDC_OtherSpeedCfgDesc
 *fill*         0x000000002000011f        0x1 
 .data.USBD_Interface_fops_FS
                0x0000000020000120       0x10 ./USB_DEVICE/App/usbd_cdc_if.o
                0x0000000020000120                USBD_Interface_fops_FS
 .data.lineCoding.9476
                0x0000000020000130        0x7 ./USB_DEVICE/App/usbd_cdc_if.o
 *fill*         0x0000000020000137        0x1 
 .data.FS_Desc  0x0000000020000138       0x1c ./USB_DEVICE/App/usbd_desc.o
                0x0000000020000138                FS_Desc
 .data.USBD_FS_DeviceDesc
                0x0000000020000154       0x12 ./USB_DEVICE/App/usbd_desc.o
                0x0000000020000154                USBD_FS_DeviceDesc
 *fill*         0x0000000020000166        0x2 
 .data.USBD_LangIDDesc
                0x0000000020000168        0x4 ./USB_DEVICE/App/usbd_desc.o
                0x0000000020000168                USBD_LangIDDesc
 .data.USBD_StringSerial
                0x000000002000016c       0x1a ./USB_DEVICE/App/usbd_desc.o
                0x000000002000016c                USBD_StringSerial
 *fill*         0x0000000020000186        0x2 
 .data._impure_ptr
                0x0000000020000188        0x4 d:/program files/stm32cubeide_1.8.0/stm32cubeide/plugins/com.st.stm32cube.ide.mcu.externaltools.gnu-tools-for-stm32.9-2020-q2-update.win32_2.0.0.202105311346/tools/bin/../lib/gcc/arm-none-eabi/9.3.1/../../../../arm-none-eabi/lib/thumb/v7-m/nofp\libc_nano.a(lib_a-impure.o)
                0x0000000020000188                _impure_ptr
 .data.impure_data
                0x000000002000018c       0x60 d:/program files/stm32cubeide_1.8.0/stm32cubeide/plugins/com.st.stm32cube.ide.mcu.externaltools.gnu-tools-for-stm32.9-2020-q2-update.win32_2.0.0.202105311346/tools/bin/../lib/gcc/arm-none-eabi/9.3.1/../../../../arm-none-eabi/lib/thumb/v7-m/nofp\libc_nano.a(lib_a-impure.o)
 *(.RamFunc)
 *(.RamFunc*)
                0x00000000200001ec                . = ALIGN (0x4)
                0x00000000200001ec                _edata = .

.igot.plt       0x00000000200001ec        0x0 load address 0x000000000800c3e4
 .igot.plt      0x00000000200001ec        0x0 d:/program files/stm32cubeide_1.8.0/stm32cubeide/plugins/com.st.stm32cube.ide.mcu.externaltools.gnu-tools-for-stm32.9-2020-q2-update.win32_2.0.0.202105311346/tools/bin/../lib/gcc/arm-none-eabi/9.3.1/thumb/v7-m/nofp/crtbegin.o
                0x00000000200001ec                . = ALIGN (0x4)

.bss            0x00000000200001ec     0x1bc0 load address 0x000000000800c3e4
                0x00000000200001ec                _sbss = .
                0x00000000200001ec                __bss_start__ = _sbss
 *(.bss)
 .bss           0x00000000200001ec       0x1c d:/program files/stm32cubeide_1.8.0/stm32cubeide/plugins/com.st.stm32cube.ide.mcu.externaltools.gnu-tools-for-stm32.9-2020-q2-update.win32_2.0.0.202105311346/tools/bin/../lib/gcc/arm-none-eabi/9.3.1/thumb/v7-m/nofp/crtbegin.o
 *(.bss*)
 .bss.sendBuf   0x0000000020000208      0x100 ./Core/Src/I2Cdev.o
                0x0000000020000208                sendBuf
 .bss.MPU6050_RX_buf
                0x0000000020000308       0x10 ./Core/Src/MPU6050.o
                0x0000000020000308                MPU6050_RX_buf
 .bss.Quaternions
                0x0000000020000318       0x10 ./Core/Src/MPU6050.o