human_interface.cpp:15:6:void LED_SetAll()	8	static
human_interface.cpp:23:6:void LED_ResetAll()	8	static
human_interface.cpp:31:6:void LED_ToggleAll()	8	static
human_interface.cpp:39:6:void LED_status_MPU_init()	8	static
human_interface.cpp:44:6:void LED_status_MPU_initFail()	8	static
human_interface.cpp:53:6:void LED_status_WaitingForSBUS()	8	static
human_interface.cpp:84:6:void LED_status_ESC1_Cal()	8	static
human_interface.cpp:93:6:void LED_status_ESC2_Cal()	8	static
human_interface.cpp:102:6:void LED_status_WaitingForThrottle0()	8	static
human_interface.cpp:129:6:void LED_status_Gyro_cal()	8	static
human_interface.cpp:167:6:void LED_status_Gyro_calFail()	8	static
human_interface.cpp:179:6:void LED_status_Ready()	8	static
