I2Cdev.cpp:35:1:I2Cdev::I2Cdev()	16	static
I2Cdev.cpp:37:6:static void I2Cdev::initialize()	4	static
I2Cdev.cpp:44:6:static void I2Cdev::enable(bool)	16	static
I2Cdev.cpp:62:8:static int8_t I2Cdev::readBit(uint8_t, uint8_t, uint8_t, uint8_t*)	40	static
I2Cdev.cpp:81:8:static int8_t I2Cdev::readBits(uint8_t, uint8_t, uint8_t, uint8_t, uint8_t*)	48	static
I2Cdev.cpp:109:8:static int8_t I2Cdev::readByte(uint8_t, uint8_t, uint8_t*)	40	static
I2Cdev.cpp:127:8:static int8_t I2Cdev::readBytes(uint8_t, uint8_t, uint8_t, uint8_t*)	56	dynamic
I2Cdev.cpp:148:6:static bool I2Cdev::writeBit(uint8_t, uint8_t, uint8_t, uint8_t)	48	static
I2Cdev.cpp:177:6:static bool I2Cdev::writeBits(uint8_t, uint8_t, uint8_t, uint8_t, uint8_t)	48	static
I2Cdev.cpp:215:6:static bool I2Cdev::writeByte(uint8_t, uint8_t, uint8_t)	40	static
I2Cdev.cpp:232:8:static int8_t I2Cdev::readWord(uint8_t, uint8_t, uint16_t*)	40	static
I2Cdev.cpp:251:8:static int8_t I2Cdev::readWords(uint8_t, uint8_t, uint8_t, uint16_t*)	56	dynamic
I2Cdev.cpp:266:6:static bool I2Cdev::writeWord(uint8_t, uint8_t, uint16_t)	40	static
I2Cdev.cpp:277:6:static bool I2Cdev::writeBytes(uint8_t, uint8_t, uint8_t, uint8_t*)	40	static
I2Cdev.cpp:289:6:static bool I2Cdev::writeWords(uint8_t, uint8_t, uint8_t, uint16_t*)	40	static
