main.cpp:85:5:int main()	8	static
main.cpp:146:6:void SystemClock_Config()	80	static
main.cpp:189:13:void MX_ADC1_Init()	8	static
main.cpp:239:6:void MX_I2C1_Init()	8	static
main.cpp:273:13:void MX_TIM3_Init()	48	static
main.cpp:322:13:void MX_TIM4_Init()	48	static
main.cpp:371:13:void MX_TIM11_Init()	8	static
main.cpp:402:13:void MX_USART1_UART_Init()	8	static
main.cpp:433:13:void MX_DMA_Init()	16	static
main.cpp:451:13:void MX_GPIO_Init()	48	static
main.cpp:505:6:void HAL_UART_RxCpltCallback(UART_HandleTypeDef*)	16	static
main.cpp:511:6:void HAL_UART_ErrorCallback(UART_HandleTypeDef*)	16	static
main.cpp:521:6:void Error_Handler()	4	static,ignoring_inline_asm
