main.cpp:86:5:int main()	8	static
main.cpp:163:6:void SystemClock_Config()	80	static
main.cpp:206:13:void MX_ADC1_Init()	8	static
main.cpp:256:6:void MX_I2C1_Init()	8	static
main.cpp:290:13:void MX_TIM3_Init()	48	static
main.cpp:339:13:void MX_TIM4_Init()	48	static
main.cpp:388:13:void MX_TIM11_Init()	8	static
main.cpp:419:13:void MX_USART1_UART_Init()	8	static
main.cpp:450:13:void MX_DMA_Init()	16	static
main.cpp:468:13:void MX_GPIO_Init()	48	static
main.cpp:522:6:void HAL_UART_RxCpltCallback(UART_HandleTypeDef*)	16	static
main.cpp:528:6:void HAL_UART_ErrorCallback(UART_HandleTypeDef*)	16	static
main.cpp:538:6:void Error_Handler()	4	static,ignoring_inline_asm
