motorControl.cpp:32:6:void updateMainMotorSpeed()	32	static
motorControl.cpp:70:6:void MainMotorDLPF()	16	static
motorControl.cpp:82:6:void updateTailMotorSpeed()	8	static
motorControl.cpp:103:6:void getMainMotorSpeed()	24	static
motorControl.cpp:121:6:void getMainMotorOffset()	32	static
motorControl.cpp:133:6:void PPM_init()	8	static
motorControl.cpp:147:6:void ESCCalibration()	16	static
motorControl.cpp:190:1:void __static_initialization_and_destruction_0(int, int)	16	static
motorControl.cpp:190:1:cpp)	8	static
